------------------------------------------------------------------------------------------------------------------------------------------------------------------------
      name:  <unnamed>
       log:  C:\Users\istei\OneDrive\Promotion\1_Projects\Games for Sustainability\analysis/scripts/logs/2022.11.14-09.05.47.log.txt
  log type:  text
 opened on:  14 Nov 2022, 09:05:47

. 
. di "Begin date and time: $S_DATE $S_TIME"
Begin date and time: 14 Nov 2022 09:05:47

. di "Stata version: `c(stata_version)'"
Stata version: 16.1

. di "Updated as of: `c(born_date)'"
Updated as of: 19 Nov 2020

. di "Variant:       `=cond( c(MP),"MP",cond(c(SE),"SE",c(flavor)) )'"
Variant:       MP

. di "Processors:    `c(processors)'"
Processors:    2

. di "OS:            `c(os)' `c(osdtl)'"
OS:            Windows 64-bit

. di "Machine type:  `c(machine_type)'"
Machine type:  PC (64-bit x86-64)

. 
. *   Analyses were run on Windows using Stata version 16
. version 16              // Set Version number for backward compatibility

. 
. * All required Stata packages are available in the /libraries/stata folder
. tokenize `"$S_ADO"', parse(";")

. while `"`1'"' != "" {
  2.   if `"`1'"'!="BASE" cap adopath - `"`1'"'
  3.   macro shift
  4. }

. adopath ++ "$working_ANALYSIS/scripts/libraries/stata"
  [1]              "C:\Users\istei\OneDrive\Promotion\1_Projects\Games for Sustainability\analysis/scripts/libraries/stata"
  [2]  (BASE)      "C:\Program Files\Stata16\ado\base/"

. mata: mata mlib index
.mlib libraries to be searched are now
    lmatabase;lmataado;lmataerm;lmatafc;lmatagsem;lmatalasso;lmatamcmc;lmatameta;lmatami;lmatamixlog;lmatanumlib;lmataopt;lmatapath;lmatapostest;lmatapss;lmatasem;lmata
> sp;lmatasvy;lmatatab;lcolrspace

. sysdir set PERSONAL "$working_ANALYSIS/scripts/libraries/stata"

. 
. * Create directories for output files
. cap mkdir "$working_ANALYSIS/processed"

. cap mkdir "$working_ANALYSIS/results"

. cap mkdir "$working_ANALYSIS/results/intermediate"

. cap mkdir "$working_ANALYSIS/results/tables"

. cap mkdir "$working_ANALYSIS/results/figures"

. 
. * Set general graph style
. set scheme swift_red //select one scheme as reference scheme to work with

. grstyle init 

. {
. *Background color
. grstyle set color white: background plotregion graphregion legend box textbox //
. 
. *Main colors (note: swift_red only defines 8 colors. Multiplying the color, that is "xx yy zz*0.5" reduces/increases intensity and "xx yy zz%50" reduces transparency)
. grstyle set color       "100 143 255" "120 94 240" "220 38 127" "254 97 0" "255 176 0" /// 5 main colors
>                                         "100 143 255*0.4" "120 94 240*0.4" "220 38 127*0.4" "254 97 0*0.4" "255 176 0*0.4" ///
>                                         "100 143 255*1.7" "120 94 240*1.7" "220 38 127*1.7" "254 97 0*1.7" "255 176 0*1.7" ///
>                                         : p# p#line p#lineplot p#bar p#area p#arealine p#pie histogram 
. 
. *Font size
. grstyle set size 10pt: heading //titles
. grstyle set size 8pt: subheading axis_title //axis titles
. grstyle set size 8pt: p#label p#boxlabel body small_body text_option axis_label tick_label minortick_label key_label //all other text
. 
. }

. * -------------------------------------------------
. 
end of do-file

. do "C:\Users\istei\AppData\Local\Temp\STD3c8c_000000.tmp"

. *--------------------------------------------------------------------
. * SCRIPT: 02_analysis.do
. * PURPOSE: replicates most tables and figures and saves the results
. *--------------------------------------------------------------------
. 
. *--------------------------------------------------
. * STRUCTURE OF THE DO-FILE
. /*
>         1) Analysis Main Manuscript
>         2) Analysis Supplementary Online Materials
> */
. *--------------------------------------------------
. 
. *LOAD DATASET
. use "$working_ANALYSIS/processed/games_clean.dta", clear

. 
. *----------------------------------------------------------------------
. 
.  
. 
end of do-file

. bysort treatment: tab FES_site

------------------------------------------------------------------------------------------------------------------------------------------------------------------------
-> treatment = Control

         BS |
  FES_site_ |      Freq.     Percent        Cum.
------------+-----------------------------------
         no |         16       59.26       59.26
        yes |         11       40.74      100.00
------------+-----------------------------------
      Total |         27      100.00

------------------------------------------------------------------------------------------------------------------------------------------------------------------------
-> treatment = Games

         BS |
  FES_site_ |      Freq.     Percent        Cum.
------------+-----------------------------------
         no |         17       30.36       30.36
        yes |         39       69.64      100.00
------------+-----------------------------------
      Total |         56      100.00


. do "C:\Users\istei\AppData\Local\Temp\STD3c8c_000000.tmp"

. * Setting globals
. {
. global control                          No_HH FES_site Shar_Lit Shar_SCST fs_dam_used_farming_new 
. global session_composition      share_female_percent3 leader2_2 leader2_3 d_illiterate
. global session_composition2     share_female_percent2 leader2_2 leader2_3 d_illiterate
. }

. 
end of do-file

. probit fs_maintenance_12m_new i.treatment##i.FES_site bs_maintenance_12m_new $control, robust

note: FES_site omitted because of collinearity
Iteration 0:   log pseudolikelihood = -52.644113  
Iteration 1:   log pseudolikelihood = -44.050395  
Iteration 2:   log pseudolikelihood = -44.017734  
Iteration 3:   log pseudolikelihood = -44.017725  
Iteration 4:   log pseudolikelihood = -44.017725  

Probit regression                               Number of obs     =         82
                                                Wald chi2(8)      =      17.15
                                                Prob > chi2       =     0.0286
Log pseudolikelihood = -44.017725               Pseudo R2         =     0.1639

-----------------------------------------------------------------------------------------
                        |               Robust
 fs_maintenance_12m_new |      Coef.   Std. Err.      z    P>|z|     [95% Conf. Interval]
------------------------+----------------------------------------------------------------
              treatment |
                 Games  |   .1465775   .4906659     0.30   0.765    -.8151101    1.108265
                        |
               FES_site |
                   yes  |  -.3934452   .5184537    -0.76   0.448    -1.409596    .6227055
                        |
     treatment#FES_site |
             Games#yes  |   1.014788   .6723561     1.51   0.131    -.3030058    2.332582
                        |
 bs_maintenance_12m_new |   .3761613    .320459     1.17   0.240    -.2519268    1.004249
                  No_HH |   .0003453   .0015572     0.22   0.824    -.0027068    .0033975
               FES_site |          0  (omitted)
               Shar_Lit |   .0246054    .020218     1.22   0.224     -.015021    .0642319
              Shar_SCST |  -.0168836   .0091701    -1.84   0.066    -.0348567    .0010894
fs_dam_used_farming_new |  -.0917046   .3212848    -0.29   0.775    -.7214112     .538002
                  _cons |  -.0518697   1.470754    -0.04   0.972    -2.934495    2.830756
-----------------------------------------------------------------------------------------

. do "C:\Users\istei\AppData\Local\Temp\STD3c8c_000000.tmp"

. margins, dydx(*) post
invalid dydx() option;
variable FES_site may not be present in model as factor and continuous predictor
r(111);

end of do-file

r(111);

. reg fs_maintenance_12m_new i.treatment##i.FES_site bs_maintenance_12m_new $control, robust
note: FES_site omitted because of collinearity

Linear regression                               Number of obs     =         82
                                                F(8, 73)          =       3.15
                                                Prob > F          =     0.0041
                                                R-squared         =     0.1998
                                                Root MSE          =     .44957

-----------------------------------------------------------------------------------------
                        |               Robust
 fs_maintenance_12m_new |      Coef.   Std. Err.      t    P>|t|     [95% Conf. Interval]
------------------------+----------------------------------------------------------------
              treatment |
                 Games  |   .0383728   .1737518     0.22   0.826    -.3079141    .3846597
                        |
               FES_site |
                   yes  |  -.1508927   .1784252    -0.85   0.400    -.5064936    .2047082
                        |
     treatment#FES_site |
             Games#yes  |   .3659497   .2318348     1.58   0.119    -.0960964    .8279957
                        |
 bs_maintenance_12m_new |   .1271509     .10558     1.20   0.232    -.0832697    .3375715
                  No_HH |   .0000966   .0005502     0.18   0.861    -.0009999     .001193
               FES_site |          0  (omitted)
               Shar_Lit |   .0075135   .0066064     1.14   0.259    -.0056531      .02068
              Shar_SCST |  -.0052447   .0027798    -1.89   0.063    -.0107848    .0002953
fs_dam_used_farming_new |  -.0260474   .1013857    -0.26   0.798    -.2281088     .176014
                  _cons |   .4947792   .4894072     1.01   0.315    -.4806079    1.470166
-----------------------------------------------------------------------------------------

. tab come_back

  amount of |
 players in |
    village |
  that want |
 us to come |
       back |      Freq.     Percent        Cum.
------------+-----------------------------------
          0 |          6       10.71       10.71
          6 |          1        1.79       12.50
         14 |         49       87.50      100.00
------------+-----------------------------------
      Total |         56      100.00

. exit, clear
