----------------------------------------------------------------------------------------------------------------------------------------
      name:  <unnamed>
       log:  C:\Users\istei\OneDrive\Promotion\1_Projects\Games for Sustainability\analysis/scripts/logs/2022.09.30-15.42.00.log.txt
  log type:  text
 opened on:  30 Sep 2022, 15:42:00

. 
. di "Begin date and time: $S_DATE $S_TIME"
Begin date and time: 30 Sep 2022 15:42:00

. di "Stata version: `c(stata_version)'"
Stata version: 16.1

. di "Updated as of: `c(born_date)'"
Updated as of: 19 Nov 2020

. di "Variant:       `=cond( c(MP),"MP",cond(c(SE),"SE",c(flavor)) )'"
Variant:       MP

. di "Processors:    `c(processors)'"
Processors:    2

. di "OS:            `c(os)' `c(osdtl)'"
OS:            Windows 64-bit

. di "Machine type:  `c(machine_type)'"
Machine type:  PC (64-bit x86-64)

. 
. *   Analyses were run on Windows using Stata version 16
. version 16              // Set Version number for backward compatibility

. 
. * All required Stata packages are available in the /libraries/stata folder
. tokenize `"$S_ADO"', parse(";")

. while `"`1'"' != "" {
  2.   if `"`1'"'!="BASE" cap adopath - `"`1'"'
  3.   macro shift
  4. }

. adopath ++ "$working_ANALYSIS/scripts/libraries/stata"
  [1]              "C:\Users\istei\OneDrive\Promotion\1_Projects\Games for Sustainability\analysis/scripts/libraries/stata"
  [2]  (BASE)      "C:\Program Files\Stata16\ado\base/"

. mata: mata mlib index
.mlib libraries to be searched are now
    lmatabase;lmataado;lmataerm;lmatafc;lmatagsem;lmatalasso;lmatamcmc;lmatameta;lmatami;lmatamixlog;lmatanumlib;lmataopt;lmatapath;lmat
> apostest;lmatapss;lmatasem;lmatasp;lmatasvy;lmatatab;lcolrspace

. sysdir set PERSONAL "$working_ANALYSIS/scripts/libraries/stata"

. 
. * Create directories for output files
. cap mkdir "$working_ANALYSIS/processed"

. cap mkdir "$working_ANALYSIS/results"

. cap mkdir "$working_ANALYSIS/results/intermediate"

. cap mkdir "$working_ANALYSIS/results/tables"

. cap mkdir "$working_ANALYSIS/results/figures"

. 
. * Set general graph style
. set scheme swift_red //select one scheme as reference scheme to work with

. grstyle init 

. {
. *Background color
. grstyle set color white: background plotregion graphregion legend box textbox //
. 
. *Main colors (note: swift_red only defines 8 colors. Multiplying the color, that is "xx yy zz*0.5" reduces/increases intensity and "xx
>  yy zz%50" reduces transparency)
. grstyle set color       "100 143 255" "120 94 240" "220 38 127" "254 97 0" "255 176 0" /// 5 main colors
>                                         "100 143 255*0.4" "120 94 240*0.4" "220 38 127*0.4" "254 97 0*0.4" "255 176 0*0.4" ///
>                                         "100 143 255*1.7" "120 94 240*1.7" "220 38 127*1.7" "254 97 0*1.7" "255 176 0*1.7" ///
>                                         : p# p#line p#lineplot p#bar p#area p#arealine p#pie histogram 
. 
. *Font size
. grstyle set size 10pt: heading //titles
. grstyle set size 8pt: subheading axis_title //axis titles
. grstyle set size 8pt: p#label p#boxlabel body small_body text_option axis_label tick_label minortick_label key_label //all other text
. 
. }

. * -------------------------------------------------
. 
. 
. *--------------------------------------------------
. * Run processing and analysis scripts
. *--------------------------------------------------
. //TODO: update with finale cleaning / analysis files
. do "$working_ANALYSIS/scripts/01_cleangen.do"

. *--------------------------------------------------------------------------
. * SCRIPT: 01_cleangen.do
. * PURPOSE: cleans data from the surveys
. *--------------------------------------------------------------------------
. 
. *----------------------------
. * 1) Load dataset downloaded from SoSci
. use "$working_ANALYSIS/data/data_merged.dta", clear

. 
. *----------------------------
. 
. 
. 
. 
. 
. 
. 
. *----------------------------
. * 1. GENERATE
. {
. *Create share of females in village and census data (variables indicated with census_*)
. gen census_pop_females_share = census_population_females/census_population_total
(11 missing values generated)
. gen census_caste_females_share = census_caste_females/census_caste_total
(52 missing values generated)
. gen census_tribes_females_share = census_tribes_females/census_tribes_total
(12 missing values generated)
. label var census_pop_females_share "Share of females in the village based on census data"
. label var census_caste_females_share "Share of female scheduled castes population in the village based on census data"
. label var census_tribes_females_share "Share of female scheduled tribes population in the village based on census data"
. 
. *Share of women and men in sessions
. gen share_leader_female_vill = leader_female_vill/14
(27 missing values generated)
. gen share_no_leader_female_vill = no_leader_female_vill/14 
(27 missing values generated)
. gen share_leader_male_vill = leader_male_vill/14
(27 missing values generated)
. gen share_no_leader_male_vill = no_leader_male_vill/14
(27 missing values generated)
. label var share_leader_female_vill "Share of female leaders per session"
. label var share_no_leader_female_vill "Share of women per session"
. label var share_leader_male_vill "Share of male leaders per session"
. label var share_no_leader_male_vill "Share of men per session"
. 
. * Games were discussed outside the workshop?
. gen com_outside_game =.
(83 missing values generated)
. replace  com_outside_game = 0 if FS_Shar_exp_oth_mem_oth==1
(4 real changes made)
. replace  com_outside_game = 0 if FS_Shar_exp_inf_family==1 
(34 real changes made)
. replace  com_outside_game = 1 if FS_Shar_exp_oth_mem_Comm_meet==1 
(18 real changes made)
. replace  com_outside_game = 1 if FS_Shar_exp_oth_mem_VC_meet==1 
(1 real change made)
. label var com_outside_game "=1 if games were discussed in formal or informal meetings in the village"
. 
. *recode shares to either dummies () or percent
. *share of women participating in games
. gen share_female_percent = share_female_village*100
(27 missing values generated)
. *presence of illiterate participants
. gen d_illiterate = 0 if share_illiterate_village==0
(50 missing values generated)
. replace d_illiterate = 1 if share_illiterate_village>0 & share_illiterate_village!=.
(23 real changes made)
. *share of leaders present in games
. gen share_leader_percent = share_leader_vill*100
(27 missing values generated)
. gen share_leader_opt_percent = share_lead_opt_r9_10*100
(27 missing values generated)
. 
. *replace missing values with median values
. replace game_lead_facil = 0 if village_id==13 // who was lead facilitator in Dhamangoan?
(1 real change made)
. replace com_outside_game = 0 if village_id==17
(1 real change made)
. replace count_intervention = 26 if village_id==13 // when were the games played in Dhamangoan?
(1 real change made)
. 
. 
. egen bs_any_conflict = rowmax(BS_Confl_dam_ BS_Confl_distr_ BS_Confl_maint_ BS_Confl_oper_)
. 
. replace come_back_dummy = . if treatment==0
(27 real changes made, 27 to missing)
. 
. }

. *----------------------------
. 
. 
. 
. *----------------------------
. * 2. ORDER & KEEP
. {
. 
. *** Order
. 
. 
. 
. 
. *** Keep
. 
. }

. *----------------------------
. 
. 
. 
. 
. 
. 
. 
. *----------------------------
. * 3. SAVE
. 
. save "$working_ANALYSIS/processed/games_clean.dta", replace
file C:\Users\istei\OneDrive\Promotion\1_Projects\Games for Sustainability\analysis/processed/games_clean.dta saved

. 
. *----------------------------
. 
. 
. 
. 
. 
. 
. ** EOF
. 
end of do-file

. 
end of do-file

. do "C:\Users\istei\AppData\Local\Temp\STD4540_000000.tmp"

. *--------------------------------------------------------------------
. * SCRIPT: 02_analysis.do
. * PURPOSE: replicates most tables and figures and saves the results
. *--------------------------------------------------------------------
. 
. *--------------------------------------------------
. * STRUCTURE OF THE DO-FILE
. /*
> 
>         1) Analysis Main Manuscript
>         2) Analysis Supplementary Online Materials
> 
> */
. *--------------------------------------------------
. 
. *LOAD DATASET
. use "$working_ANALYSIS/processed/games_clean.dta", clear

. 
. *----------------------------------------------------------------------
. gen leader_present = 0

. replace leader_present = 1 if leader_female_vill == 1 & leader_male_vill==0
(11 real changes made)

. replace leader_present = 2 if leader_female_vill == 0 & leader_male_vill==1
(17 real changes made)

. replace leader_present = 3 if leader_female_vill == 1 & leader_male_vill==1
(2 real changes made)

. replace leader_present = . if treatment==0
(27 real changes made, 27 to missing)

. lab def leader_lab 0 "None" 1 "Female" 2 "Male" 3 "Both", replace

. lab val leader_present leader_lab

. tab leader_present, gen(leader_)

leader_pres |
        ent |      Freq.     Percent        Cum.
------------+-----------------------------------
       None |         26       46.43       46.43
     Female |         11       19.64       66.07
       Male |         17       30.36       96.43
       Both |          2        3.57      100.00
------------+-----------------------------------
      Total |         56      100.00

. 
. gen leader_present2 = 0 if leader_present==0
(57 missing values generated)

. replace leader_present2 = 1 if leader_present==2
(17 real changes made)

. replace leader_present2 = 2 if leader_present==1 | leader_present==3
(13 real changes made)

. lab def leader_lab2 0 "None" 1 "Only male" 2 "Only female or both", replace

. lab val leader_present2 leader_lab2

. tab leader_present2, gen(leader2_)

    leader_present2 |      Freq.     Percent        Cum.
--------------------+-----------------------------------
               None |         26       46.43       46.43
          Only male |         17       30.36       76.79
Only female or both |         13       23.21      100.00
--------------------+-----------------------------------
              Total |         56      100.00

. 
. gen share_female_percent2 = share_no_leader_female_vill*100
(27 missing values generated)

. 
end of do-file

. pwcorr FES_site share_female_percent2

             | FES_site share_~2
-------------+------------------
    FES_site |   1.0000 
share_fema~2 |  -0.0593   1.0000 

. do "C:\Users\istei\AppData\Local\Temp\STD4540_000000.tmp"

. *Table S5.      Determinants of female participation in games
. global leading_example leader2_1 leader2_3

. global baseline_characteristics bs_maintenance_12m_new BS_any_rule_ bs_any_conflict

. reg no_leader_female_vill $control, robust

Linear regression                               Number of obs     =         56
                                                F(0, 55)          =       0.00
                                                Prob > F          =          .
                                                R-squared         =     0.0000
                                                Root MSE          =     2.4558

------------------------------------------------------------------------------
             |               Robust
n~emale_vill |      Coef.   Std. Err.      t    P>|t|     [95% Conf. Interval]
-------------+----------------------------------------------------------------
       _cons |   3.428571   .3281759    10.45   0.000     2.770892    4.086251
------------------------------------------------------------------------------

. 
end of do-file

. do "C:\Users\istei\AppData\Local\Temp\STD4540_000000.tmp"

. *LOAD DATASET
. use "$working_ANALYSIS/processed/games_clean.dta", clear

. 
. *----------------------------------------------------------------------
. gen leader_present = 0

. replace leader_present = 1 if leader_female_vill == 1 & leader_male_vill==0
(11 real changes made)

. replace leader_present = 2 if leader_female_vill == 0 & leader_male_vill==1
(17 real changes made)

. replace leader_present = 3 if leader_female_vill == 1 & leader_male_vill==1
(2 real changes made)

. replace leader_present = . if treatment==0
(27 real changes made, 27 to missing)

. lab def leader_lab 0 "None" 1 "Female" 2 "Male" 3 "Both", replace

. lab val leader_present leader_lab

. tab leader_present, gen(leader_)

leader_pres |
        ent |      Freq.     Percent        Cum.
------------+-----------------------------------
       None |         26       46.43       46.43
     Female |         11       19.64       66.07
       Male |         17       30.36       96.43
       Both |          2        3.57      100.00
------------+-----------------------------------
      Total |         56      100.00

. 
. gen leader_present2 = 0 if leader_present==0
(57 missing values generated)

. replace leader_present2 = 1 if leader_present==2
(17 real changes made)

. replace leader_present2 = 2 if leader_present==1 | leader_present==3
(13 real changes made)

. lab def leader_lab2 0 "None" 1 "Only male" 2 "Only female or both", replace

. lab val leader_present2 leader_lab2

. tab leader_present2, gen(leader2_)

    leader_present2 |      Freq.     Percent        Cum.
--------------------+-----------------------------------
               None |         26       46.43       46.43
          Only male |         17       30.36       76.79
Only female or both |         13       23.21      100.00
--------------------+-----------------------------------
              Total |         56      100.00

. 
. gen share_female_percent2 = share_no_leader_female_vill*100
(27 missing values generated)

. 
.  
. * Setting globals
. {
. global control                          No_HH FES_site Shar_Lit Shar_SCST fs_dam_used_farming_new 
. global session_composition      share_female_percent2 leader2_2 leader2_3 d_illiterate
. global ingame_behavior          total_com_male total_com_female game_almost_opt_invest_r9_10
. global facilitation                     game_lead_facil count_intervention come_back_dummy com_outside_game             
. }

. *----------------------------------------------------------------------
. * PAPER IDEA
. * There is an effect of the workshops, it depends on female participation which is driven by whether there were female leaders were pr
> esent
. * (1) +20pp maintenance, no effect on rules
. * (2) within games villages, we find that higher female participation
. * (3) 
. 
. 
end of do-file

. do "C:\Users\istei\AppData\Local\Temp\STD4540_000000.tmp"

. 
. *Table S5.      Determinants of female participation in games
. global leading_example leader2_1 leader2_3

. global baseline_characteristics bs_maintenance_12m_new BS_any_rule_ bs_any_conflict

. reg no_leader_female_vill $control, robust

Linear regression                               Number of obs     =         56
                                                F(5, 50)          =       0.95
                                                Prob > F          =     0.4564
                                                R-squared         =     0.0995
                                                Root MSE          =     2.4442

-----------------------------------------------------------------------------------------
                        |               Robust
  no_leader_female_vill |      Coef.   Std. Err.      t    P>|t|     [95% Conf. Interval]
------------------------+----------------------------------------------------------------
                  No_HH |   .0036796   .0039717     0.93   0.359    -.0042977     .011657
               FES_site |   .0761439   .7322727     0.10   0.918    -1.394669    1.546957
               Shar_Lit |   .0562163   .0476676     1.18   0.244    -.0395269    .1519596
              Shar_SCST |   .0195957   .0243247     0.81   0.424     -.029262    .0684533
fs_dam_used_farming_new |  -1.184474   .6707473    -1.77   0.084    -2.531709     .162762
                  _cons |   -1.13979   3.262106    -0.35   0.728    -7.691923    5.412343
-----------------------------------------------------------------------------------------

. 
end of do-file

. tab no_leader_female_vill

     Sum of |
    females |
that are no |
 leaders in |
    village |      Freq.     Percent        Cum.
------------+-----------------------------------
          0 |          7       12.50       12.50
          1 |          5        8.93       21.43
          2 |          8       14.29       35.71
          3 |         11       19.64       55.36
          4 |          7       12.50       67.86
          5 |         10       17.86       85.71
          6 |          4        7.14       92.86
          7 |          2        3.57       96.43
          9 |          1        1.79       98.21
         13 |          1        1.79      100.00
------------+-----------------------------------
      Total |         56      100.00

. tab share_female_percent2

share_femal |
 e_percent2 |      Freq.     Percent        Cum.
------------+-----------------------------------
          0 |          7       12.50       12.50
   7.142858 |          5        8.93       21.43
   14.28572 |          8       14.29       35.71
   21.42857 |         11       19.64       55.36
   28.57143 |          7       12.50       67.86
   35.71429 |         10       17.86       85.71
   42.85714 |          4        7.14       92.86
         50 |          2        3.57       96.43
   64.28571 |          1        1.79       98.21
   92.85714 |          1        1.79      100.00
------------+-----------------------------------
      Total |         56      100.00

. pwcorr share_female_percent2 no_leader_female_vill

             | share_~2 n~fema~l
-------------+------------------
share_fema~2 |   1.0000 
n~emale_vill |   1.0000   1.0000 

. tab $control
too many variables specified
r(103);

. sum $control

    Variable |        Obs        Mean    Std. Dev.       Min        Max
-------------+---------------------------------------------------------
       No_HH |         82    176.5122    123.6681         24        633
    FES_site |         83    .6024096     .492375          0          1
    Shar_Lit |         82    51.45857    8.417032   33.55556   73.15914
   Shar_SCST |         82    77.45469    19.33175   16.90491        100
fs_dam_use~w |         83    .3975904     .492375          0          1

. sum $session_composition

    Variable |        Obs        Mean    Std. Dev.       Min        Max
-------------+---------------------------------------------------------
share_fema~2 |         56     24.4898    17.54174          0   92.85714
   leader2_2 |         56    .3035714    .4639609          0          1
   leader2_3 |         56    .2321429    .4260205          0          1
d_illiterate |         56    .4107143    .4964157          0          1

. tab leader2_3

leader_pres |
 ent2==Only |
  female or |
       both |      Freq.     Percent        Cum.
------------+-----------------------------------
          0 |         43       76.79       76.79
          1 |         13       23.21      100.00
------------+-----------------------------------
      Total |         56      100.00

. do "C:\Users\istei\AppData\Local\Temp\STD4540_000000.tmp"

. * MEDIATION ANALYSIS
. medeff (regress share_female_percent2 leader2_3 $control)  (regress fs_maintenance_12m_new bs_maintenance_12m_new $control $session_co
> mposition) , seed(12345)  vce(robust) treat(leader2_3) mediate(no_leader_female_vill) sims(1000)
Mediate variable not the dependent variable in equation 1
r(198);

end of do-file

r(198);

. do "C:\Users\istei\AppData\Local\Temp\STD4540_000000.tmp"

. medeff (regress share_female_percent2 leader2_3 $control)  (regress fs_maintenance_12m_new bs_maintenance_12m_new $control $session_co
> mposition) , seed(12345)  vce(robust) treat(leader2_3) mediate(share_female_percent2) sims(1000)
Using 0 and 1 as treatment values

Linear regression                               Number of obs     =         56
                                                F(6, 49)          =       2.78
                                                Prob > F          =     0.0207
                                                R-squared         =     0.2511
                                                Root MSE          =     16.083

-----------------------------------------------------------------------------------------
                        |               Robust
  share_female_percent2 |      Coef.   Std. Err.      t    P>|t|     [95% Conf. Interval]
------------------------+----------------------------------------------------------------
              leader2_3 |   16.94211   5.205482     3.25   0.002     6.481299    27.40291
                  No_HH |   .0063989   .0244398     0.26   0.795    -.0427148    .0555126
               FES_site |   .3979426   4.924989     0.08   0.936    -9.499194    10.29508
               Shar_Lit |   .3059464   .2790276     1.10   0.278    -.2547807    .8666734
              Shar_SCST |   .0529305   .1703219     0.31   0.757    -.2893441    .3952051
fs_dam_used_farming_new |  -6.041874   4.185568    -1.44   0.155    -14.45309    2.369339
                  _cons |   1.980735   21.65494     0.09   0.927    -41.53651    45.49798
-----------------------------------------------------------------------------------------

Linear regression                               Number of obs     =         56
                                                F(10, 45)         =       1.78
                                                Prob > F          =     0.0917
                                                R-squared         =     0.2082
                                                Root MSE          =     .43959

-----------------------------------------------------------------------------------------
                        |               Robust
 fs_maintenance_12m_new |      Coef.   Std. Err.      t    P>|t|     [95% Conf. Interval]
------------------------+----------------------------------------------------------------
              leader2_3 |  -.0675845   .1582913    -0.43   0.671    -.3863995    .2512305
  share_female_percent2 |   .0070686   .0031159     2.27   0.028     .0007928    .0133444
 bs_maintenance_12m_new |   .0062271   .1417402     0.04   0.965    -.2792523    .2917065
                  No_HH |   .0007466   .0008129     0.92   0.363    -.0008906    .0023837
               FES_site |   .2856291   .1535105     1.86   0.069    -.0235569     .594815
               Shar_Lit |   .0081454   .0080386     1.01   0.316    -.0080452     .024336
              Shar_SCST |  -.0016704   .0047955    -0.35   0.729    -.0113291    .0079883
fs_dam_used_farming_new |   .0952201   .1255168     0.76   0.452    -.1575838    .3480239
              leader2_2 |   .0704736   .1722447     0.41   0.684     -.276445    .4173923
           d_illiterate |   .1219807   .1214568     1.00   0.321    -.1226457    .3666072
                  _cons |   -.149271    .720579    -0.21   0.837    -1.600592     1.30205
-----------------------------------------------------------------------------------------
The number of observations in the data is less than the number of simulations. Expanding the data to the number of simulations
------------------------------------------------------------------------------------
        Effect                 |  Mean           [95% Conf. Interval]
-------------------------------+----------------------------------------------------
        ACME                   |  .1183573      .0110715      .2570945
        Direct Effect          | -.0660088      -.406852       .231848
        Total Effect           |  .0523485     -.2532068      .3507723
        % of Tot Eff mediated  |  .5672228     -8.996002      10.44657
------------------------------------------------------------------------------------

. mat a1 = r(delta0)

. mat b1 = r(zeta0)

. mat c1 = r(tau)

. mat a2 = r(delta0 lo)

. mat b2 = r(zeta0 lo)

. mat c2 = r(tau lo)

. mat a3 = r(delta0 hi)

. mat b3 = r(zeta0 hi)

. mat c3 = r(tau hi)

. matrix med = a1,a2,a3\b1,b2,b3\c1,c2,c3

. matrix coln med = mean ll95 ul95

. matrix rown med = ACME ADE ATE

. 
. * Effekte gehen nicht über regeln
. coefplot (matrix(med[.,1]), ci((med[.,2] med[.,3]))),xline(0, lpattern(dash) lcolor(gs3))  xtitle("Estimate female leader effect in pp
>  relative") msymbol(d) xla(-.1(0.1).5) levels(95) ciopts(lwidth(0.3 1)  msize()  lcolor(*.8 *.2) recast(rcap)) mlabel(string(@b, "%5.2
> f")) mlabposition(12) mlabsize(6pt) xsize(3.465) ysize(3)
(note:  named style medthin not found in class linestyle, default attributes used)

. gr save "$working_ANALYSIS\results\intermediate\figure2.gph", replace
(file C:\Users\istei\OneDrive\Promotion\1_Projects\Games for Sustainability\analysis\results\intermediate\figure2.gph saved)

. gr export "$working_ANALYSIS\results\figures\figure2.tif", replace width(3465)
(file C:\Users\istei\OneDrive\Promotion\1_Projects\Games for Sustainability\analysis\results\figures\figure2.tif written in TIFF format)

. */
. 
. 
end of do-file

. do "C:\Users\istei\AppData\Local\Temp\STD4540_000000.tmp"

. coefplot (matrix(med[.,1]), ci((med[.,2] med[.,3]))),xline(0, lpattern(dash) lcolor(gs3))  xtitle("Estimate female leader effect in pp
>  relative") msymbol(d) xla(-.4(0.1).5) levels(95) ciopts(lwidth(0.3 1)  msize()  lcolor(*.8 *.2) recast(rcap)) mlabel(string(@b, "%5.2
> f")) mlabposition(12) mlabsize(6pt) xsize(3.465) ysize(3)

. gr save "$working_ANALYSIS\results\intermediate\figure2.gph", replace
(file C:\Users\istei\OneDrive\Promotion\1_Projects\Games for Sustainability\analysis\results\intermediate\figure2.gph saved)

. gr export "$working_ANALYSIS\results\figures\figure2.tif", replace width(3465)
(file C:\Users\istei\OneDrive\Promotion\1_Projects\Games for Sustainability\analysis\results\figures\figure2.tif written in TIFF format)

. */
. 
end of do-file

. do "C:\Users\istei\AppData\Local\Temp\STD4540_000000.tmp"

. coefplot (matrix(med[.,1]), ci((med[.,2] med[.,3]))),xline(0, lpattern(dash) lcolor(gs3))  xtitle("Estimate female leader effect in pp
>  relative") msymbol(d) xla(-.4(0.2).4) levels( 90 95) ciopts(lwidth(0.3 1)  msize()  lcolor(*.8 *.2) recast(rcap)) mlabel(string(@b, "
> %5.2f")) mlabposition(12) mlabsize(6pt) xsize(3.465) ysize(3)
(med: could not determine CI2)

. gr save "$working_ANALYSIS\results\intermediate\figure2.gph", replace
(file C:\Users\istei\OneDrive\Promotion\1_Projects\Games for Sustainability\analysis\results\intermediate\figure2.gph saved)

. gr export "$working_ANALYSIS\results\figures\figure2.tif", replace width(3465)
(file C:\Users\istei\OneDrive\Promotion\1_Projects\Games for Sustainability\analysis\results\figures\figure2.tif written in TIFF format)

. 
end of do-file

. do "C:\Users\istei\AppData\Local\Temp\STD4540_000000.tmp"

. coefplot (matrix(med[.,1]), ci((med[.,2] med[.,3]))),xline(0, lpattern(dash) lcolor(gs3))  xtitle("Estimate female leader effect in pp
>  relative") msymbol(d) xla(-.4(0.2).4) levels(95) ciopts(lwidth(0.3 1)  msize()  lcolor(*.8 *.2) recast(rcap)) mlabel(string(@b, "%5.2
> f")) mlabposition(12) mlabsize(6pt) xsize(3.465) ysize(3)

. gr save "$working_ANALYSIS\results\intermediate\figure2.gph", replace
(file C:\Users\istei\OneDrive\Promotion\1_Projects\Games for Sustainability\analysis\results\intermediate\figure2.gph saved)

. gr export "$working_ANALYSIS\results\figures\figure2.tif", replace width(3465)
(file C:\Users\istei\OneDrive\Promotion\1_Projects\Games for Sustainability\analysis\results\figures\figure2.tif written in TIFF format)

. 
end of do-file

. do "C:\Users\istei\AppData\Local\Temp\STD4540_000000.tmp"

. * Effekte gehen nicht über regeln
. coefplot (matrix(med[.,1]), ci((med[.,2] med[.,3]))),xline(0, lpattern(dash) lcolor(gs3))  xtitle("Estimated female leader present eff
> ect in pp on maintenance") msymbol(d) xla(-.4(0.2).4) levels(95) ciopts(lwidth(0.3 1)  msize()  lcolor(*.8 *.2) recast(rcap)) mlabel(s
> tring(@b, "%5.2f")) mlabposition(12) mlabsize(6pt) xsize(3.465) ysize(3)

. gr save "$working_ANALYSIS\results\intermediate\figure2.gph", replace
(file C:\Users\istei\OneDrive\Promotion\1_Projects\Games for Sustainability\analysis\results\intermediate\figure2.gph saved)

. gr export "$working_ANALYSIS\results\figures\figure2.tif", replace width(3465)
(file C:\Users\istei\OneDrive\Promotion\1_Projects\Games for Sustainability\analysis\results\figures\figure2.tif written in TIFF format)

. */
. 
. 
end of do-file

. do "C:\Users\istei\AppData\Local\Temp\STD4540_000000.tmp"

. medeff (regress share_female_percent2 leader2_3 $control)  (regress fs_maintenance_12m_new bs_maintenance_12m_new $control $session_co
> mposition) , seed(12345)  vce(robust) treat(leader2_3) mediate(share_female_percent2) sims(1000)
Using 0 and 1 as treatment values

Linear regression                               Number of obs     =         56
                                                F(6, 49)          =       2.78
                                                Prob > F          =     0.0207
                                                R-squared         =     0.2511
                                                Root MSE          =     16.083

-----------------------------------------------------------------------------------------
                        |               Robust
  share_female_percent2 |      Coef.   Std. Err.      t    P>|t|     [95% Conf. Interval]
------------------------+----------------------------------------------------------------
              leader2_3 |   16.94211   5.205482     3.25   0.002     6.481299    27.40291
                  No_HH |   .0063989   .0244398     0.26   0.795    -.0427148    .0555126
               FES_site |   .3979426   4.924989     0.08   0.936    -9.499194    10.29508
               Shar_Lit |   .3059464   .2790276     1.10   0.278    -.2547807    .8666734
              Shar_SCST |   .0529305   .1703219     0.31   0.757    -.2893441    .3952051
fs_dam_used_farming_new |  -6.041874   4.185568    -1.44   0.155    -14.45309    2.369339
                  _cons |   1.980735   21.65494     0.09   0.927    -41.53651    45.49798
-----------------------------------------------------------------------------------------

Linear regression                               Number of obs     =         56
                                                F(10, 45)         =       1.78
                                                Prob > F          =     0.0917
                                                R-squared         =     0.2082
                                                Root MSE          =     .43959

-----------------------------------------------------------------------------------------
                        |               Robust
 fs_maintenance_12m_new |      Coef.   Std. Err.      t    P>|t|     [95% Conf. Interval]
------------------------+----------------------------------------------------------------
              leader2_3 |  -.0675845   .1582913    -0.43   0.671    -.3863995    .2512305
  share_female_percent2 |   .0070686   .0031159     2.27   0.028     .0007928    .0133444
 bs_maintenance_12m_new |   .0062271   .1417402     0.04   0.965    -.2792523    .2917065
                  No_HH |   .0007466   .0008129     0.92   0.363    -.0008906    .0023837
               FES_site |   .2856291   .1535105     1.86   0.069    -.0235569     .594815
               Shar_Lit |   .0081454   .0080386     1.01   0.316    -.0080452     .024336
              Shar_SCST |  -.0016704   .0047955    -0.35   0.729    -.0113291    .0079883
fs_dam_used_farming_new |   .0952201   .1255168     0.76   0.452    -.1575838    .3480239
              leader2_2 |   .0704736   .1722447     0.41   0.684     -.276445    .4173923
           d_illiterate |   .1219807   .1214568     1.00   0.321    -.1226457    .3666072
                  _cons |   -.149271    .720579    -0.21   0.837    -1.600592     1.30205
-----------------------------------------------------------------------------------------
The number of observations in the data is less than the number of simulations. Expanding the data to the number of simulations
------------------------------------------------------------------------------------
        Effect                 |  Mean           [95% Conf. Interval]
-------------------------------+----------------------------------------------------
        ACME                   |  .1183573      .0110715      .2570945
        Direct Effect          | -.0660088      -.406852       .231848
        Total Effect           |  .0523485     -.2532068      .3507723
        % of Tot Eff mediated  |  .5672228     -8.996002      10.44657
------------------------------------------------------------------------------------

. 
end of do-file

. do "C:\Users\istei\AppData\Local\Temp\STD4540_000000.tmp"

. probit fs_maintenance_12m_new bs_maintenance_12m_new $control $session_composition , robust

Iteration 0:   log pseudolikelihood = -32.542487  
Iteration 1:   log pseudolikelihood = -25.984584  
Iteration 2:   log pseudolikelihood = -25.593172  
Iteration 3:   log pseudolikelihood = -25.588984  
Iteration 4:   log pseudolikelihood = -25.588983  

Probit regression                               Number of obs     =         56
                                                Wald chi2(10)     =      13.36
                                                Prob > chi2       =     0.2044
Log pseudolikelihood = -25.588983               Pseudo R2         =     0.2137

-----------------------------------------------------------------------------------------
                        |               Robust
 fs_maintenance_12m_new |      Coef.   Std. Err.      z    P>|z|     [95% Conf. Interval]
------------------------+----------------------------------------------------------------
 bs_maintenance_12m_new |   .0870289    .431325     0.20   0.840    -.7583526    .9324104
                  No_HH |   .0031772   .0026263     1.21   0.226    -.0019701    .0083246
               FES_site |   .8498988   .4518964     1.88   0.060    -.0358018    1.735599
               Shar_Lit |   .0326581   .0269368     1.21   0.225     -.020137    .0854532
              Shar_SCST |  -.0115717   .0152878    -0.76   0.449    -.0415352    .0183919
fs_dam_used_farming_new |   .4207145   .3908315     1.08   0.282    -.3453012     1.18673
  share_female_percent2 |   .0385709   .0173661     2.22   0.026     .0045341    .0726078
              leader2_2 |   .2671443   .4861174     0.55   0.583    -.6856284    1.219917
              leader2_3 |  -.3085892   .5456724    -0.57   0.572    -1.378087     .760909
           d_illiterate |   .4971537    .418359     1.19   0.235    -.3228148    1.317122
                  _cons |  -2.420145   2.158114    -1.12   0.262     -6.64997     1.80968
-----------------------------------------------------------------------------------------

. 
end of do-file

. do "C:\Users\istei\AppData\Local\Temp\STD4540_000000.tmp"

. probit fs_maintenance_12m_new bs_maintenance_12m_new $control $session_composition, robust

Iteration 0:   log pseudolikelihood = -32.542487  
Iteration 1:   log pseudolikelihood = -25.984584  
Iteration 2:   log pseudolikelihood = -25.593172  
Iteration 3:   log pseudolikelihood = -25.588984  
Iteration 4:   log pseudolikelihood = -25.588983  

Probit regression                               Number of obs     =         56
                                                Wald chi2(10)     =      13.36
                                                Prob > chi2       =     0.2044
Log pseudolikelihood = -25.588983               Pseudo R2         =     0.2137

-----------------------------------------------------------------------------------------
                        |               Robust
 fs_maintenance_12m_new |      Coef.   Std. Err.      z    P>|z|     [95% Conf. Interval]
------------------------+----------------------------------------------------------------
 bs_maintenance_12m_new |   .0870289    .431325     0.20   0.840    -.7583526    .9324104
                  No_HH |   .0031772   .0026263     1.21   0.226    -.0019701    .0083246
               FES_site |   .8498988   .4518964     1.88   0.060    -.0358018    1.735599
               Shar_Lit |   .0326581   .0269368     1.21   0.225     -.020137    .0854532
              Shar_SCST |  -.0115717   .0152878    -0.76   0.449    -.0415352    .0183919
fs_dam_used_farming_new |   .4207145   .3908315     1.08   0.282    -.3453012     1.18673
  share_female_percent2 |   .0385709   .0173661     2.22   0.026     .0045341    .0726078
              leader2_2 |   .2671443   .4861174     0.55   0.583    -.6856284    1.219917
              leader2_3 |  -.3085892   .5456724    -0.57   0.572    -1.378087     .760909
           d_illiterate |   .4971537    .418359     1.19   0.235    -.3228148    1.317122
                  _cons |  -2.420145   2.158114    -1.12   0.262     -6.64997     1.80968
-----------------------------------------------------------------------------------------

. 
end of do-file

. do "C:\Users\istei\AppData\Local\Temp\STD4540_000000.tmp"

. margins, dydx(*) post

Average marginal effects                        Number of obs     =         56
Model VCE    : Robust

Expression   : Pr(fs_maintenance_12m_new), predict()
dy/dx w.r.t. : bs_maintenance_12m_new No_HH FES_site Shar_Lit Shar_SCST fs_dam_used_farming_new share_female_percent2 leader2_2
               leader2_3 d_illiterate

-----------------------------------------------------------------------------------------
                        |            Delta-method
                        |      dy/dx   Std. Err.      z    P>|z|     [95% Conf. Interval]
------------------------+----------------------------------------------------------------
 bs_maintenance_12m_new |     .02238   .1108641     0.20   0.840    -.1949096    .2396697
                  No_HH |    .000817   .0006686     1.22   0.222    -.0004933    .0021274
               FES_site |   .2185569   .1026978     2.13   0.033     .0172729    .4198408
               Shar_Lit |   .0083982   .0066169     1.27   0.204    -.0045706    .0213671
              Shar_SCST |  -.0029757   .0038921    -0.76   0.445    -.0106042    .0046527
fs_dam_used_farming_new |   .1081894   .1005144     1.08   0.282    -.0888152     .305194
  share_female_percent2 |   .0099188   .0041307     2.40   0.016     .0018228    .0180147
              leader2_2 |   .0686978   .1240654     0.55   0.580    -.1744659    .3118616
              leader2_3 |  -.0793557   .1399133    -0.57   0.571    -.3535807    .1948693
           d_illiterate |   .1278462   .1062114     1.20   0.229    -.0803243    .3360168
-----------------------------------------------------------------------------------------

. 
end of do-file

. do "C:\Users\istei\AppData\Local\Temp\STD4540_000000.tmp"

. probit fs_maintenance_12m_new bs_maintenance_12m_new $control share_female_percent2 leader2_2 leader2_3 d_illiterate, robust

Iteration 0:   log pseudolikelihood = -32.542487  
Iteration 1:   log pseudolikelihood = -25.984584  
Iteration 2:   log pseudolikelihood = -25.593172  
Iteration 3:   log pseudolikelihood = -25.588984  
Iteration 4:   log pseudolikelihood = -25.588983  

Probit regression                               Number of obs     =         56
                                                Wald chi2(10)     =      13.36
                                                Prob > chi2       =     0.2044
Log pseudolikelihood = -25.588983               Pseudo R2         =     0.2137

-----------------------------------------------------------------------------------------
                        |               Robust
 fs_maintenance_12m_new |      Coef.   Std. Err.      z    P>|z|     [95% Conf. Interval]
------------------------+----------------------------------------------------------------
 bs_maintenance_12m_new |   .0870289    .431325     0.20   0.840    -.7583526    .9324104
                  No_HH |   .0031772   .0026263     1.21   0.226    -.0019701    .0083246
               FES_site |   .8498988   .4518964     1.88   0.060    -.0358018    1.735599
               Shar_Lit |   .0326581   .0269368     1.21   0.225     -.020137    .0854532
              Shar_SCST |  -.0115717   .0152878    -0.76   0.449    -.0415352    .0183919
fs_dam_used_farming_new |   .4207145   .3908315     1.08   0.282    -.3453012     1.18673
  share_female_percent2 |   .0385709   .0173661     2.22   0.026     .0045341    .0726078
              leader2_2 |   .2671443   .4861174     0.55   0.583    -.6856284    1.219917
              leader2_3 |  -.3085892   .5456724    -0.57   0.572    -1.378087     .760909
           d_illiterate |   .4971537    .418359     1.19   0.235    -.3228148    1.317122
                  _cons |  -2.420145   2.158114    -1.12   0.262     -6.64997     1.80968
-----------------------------------------------------------------------------------------

. margins, dydx(*) post

Average marginal effects                        Number of obs     =         56
Model VCE    : Robust

Expression   : Pr(fs_maintenance_12m_new), predict()
dy/dx w.r.t. : bs_maintenance_12m_new No_HH FES_site Shar_Lit Shar_SCST fs_dam_used_farming_new share_female_percent2 leader2_2
               leader2_3 d_illiterate

-----------------------------------------------------------------------------------------
                        |            Delta-method
                        |      dy/dx   Std. Err.      z    P>|z|     [95% Conf. Interval]
------------------------+----------------------------------------------------------------
 bs_maintenance_12m_new |     .02238   .1108641     0.20   0.840    -.1949096    .2396697
                  No_HH |    .000817   .0006686     1.22   0.222    -.0004933    .0021274
               FES_site |   .2185569   .1026978     2.13   0.033     .0172729    .4198408
               Shar_Lit |   .0083982   .0066169     1.27   0.204    -.0045706    .0213671
              Shar_SCST |  -.0029757   .0038921    -0.76   0.445    -.0106042    .0046527
fs_dam_used_farming_new |   .1081894   .1005144     1.08   0.282    -.0888152     .305194
  share_female_percent2 |   .0099188   .0041307     2.40   0.016     .0018228    .0180147
              leader2_2 |   .0686978   .1240654     0.55   0.580    -.1744659    .3118616
              leader2_3 |  -.0793557   .1399133    -0.57   0.571    -.3535807    .1948693
           d_illiterate |   .1278462   .1062114     1.20   0.229    -.0803243    .3360168
-----------------------------------------------------------------------------------------

. 
end of do-file

. do "C:\Users\istei\AppData\Local\Temp\STD4540_000000.tmp"

. *main regression excluding share of women participating
. probit fs_maintenance_12m_new bs_maintenance_12m_new $control leader2_2 leader2_3 d_illiterate, robust

Iteration 0:   log pseudolikelihood = -32.542487  
Iteration 1:   log pseudolikelihood = -28.060108  
Iteration 2:   log pseudolikelihood = -28.004691  
Iteration 3:   log pseudolikelihood = -28.004663  
Iteration 4:   log pseudolikelihood = -28.004663  

Probit regression                               Number of obs     =         56
                                                Wald chi2(9)      =       8.41
                                                Prob > chi2       =     0.4938
Log pseudolikelihood = -28.004663               Pseudo R2         =     0.1394

-----------------------------------------------------------------------------------------
                        |               Robust
 fs_maintenance_12m_new |      Coef.   Std. Err.      z    P>|z|     [95% Conf. Interval]
------------------------+----------------------------------------------------------------
 bs_maintenance_12m_new |   .0496214   .4077476     0.12   0.903    -.7495492    .8487919
                  No_HH |   .0024126   .0024328     0.99   0.321    -.0023556    .0071807
               FES_site |   .8974442    .469534     1.91   0.056    -.0228256    1.817714
               Shar_Lit |   .0357948   .0265545     1.35   0.178    -.0162511    .0878408
              Shar_SCST |  -.0063703   .0124395    -0.51   0.609    -.0307512    .0180106
fs_dam_used_farming_new |   .2550827   .4089348     0.62   0.533    -.5464148     1.05658
              leader2_2 |   .2919004   .4753887     0.61   0.539    -.6398444    1.223645
              leader2_3 |   .2463305   .4790249     0.51   0.607     -.692541    1.185202
           d_illiterate |    .299195   .4016498     0.74   0.456    -.4880241    1.086414
                  _cons |  -2.037817   1.989516    -1.02   0.306    -5.937196    1.861562
-----------------------------------------------------------------------------------------

. margins, dydx(*) post

Average marginal effects                        Number of obs     =         56
Model VCE    : Robust

Expression   : Pr(fs_maintenance_12m_new), predict()
dy/dx w.r.t. : bs_maintenance_12m_new No_HH FES_site Shar_Lit Shar_SCST fs_dam_used_farming_new leader2_2 leader2_3 d_illiterate

-----------------------------------------------------------------------------------------
                        |            Delta-method
                        |      dy/dx   Std. Err.      z    P>|z|     [95% Conf. Interval]
------------------------+----------------------------------------------------------------
 bs_maintenance_12m_new |    .013975   .1147672     0.12   0.903    -.2109646    .2389146
                  No_HH |   .0006795   .0006753     1.01   0.314    -.0006442    .0020031
               FES_site |   .2527491   .1174874     2.15   0.031     .0224781    .4830201
               Shar_Lit |    .010081   .0070496     1.43   0.153     -.003736     .023898
              Shar_SCST |  -.0017941   .0035089    -0.51   0.609    -.0086715    .0050833
fs_dam_used_farming_new |   .0718395   .1146867     0.63   0.531    -.1529423    .2966213
              leader2_2 |   .0822085   .1337752     0.61   0.539    -.1799861    .3444032
              leader2_3 |   .0693746   .1349758     0.51   0.607    -.1951731    .3339222
           d_illiterate |   .0842629   .1118553     0.75   0.451    -.1349695    .3034953
-----------------------------------------------------------------------------------------

. 
end of do-file

. do "C:\Users\istei\AppData\Local\Temp\STD4540_000000.tmp"

. probit fs_maintenance_12m_new bs_maintenance_12m_new $control $session_composition , robust

Iteration 0:   log pseudolikelihood = -32.542487  
Iteration 1:   log pseudolikelihood = -25.984584  
Iteration 2:   log pseudolikelihood = -25.593172  
Iteration 3:   log pseudolikelihood = -25.588984  
Iteration 4:   log pseudolikelihood = -25.588983  

Probit regression                               Number of obs     =         56
                                                Wald chi2(10)     =      13.36
                                                Prob > chi2       =     0.2044
Log pseudolikelihood = -25.588983               Pseudo R2         =     0.2137

-----------------------------------------------------------------------------------------
                        |               Robust
 fs_maintenance_12m_new |      Coef.   Std. Err.      z    P>|z|     [95% Conf. Interval]
------------------------+----------------------------------------------------------------
 bs_maintenance_12m_new |   .0870289    .431325     0.20   0.840    -.7583526    .9324104
                  No_HH |   .0031772   .0026263     1.21   0.226    -.0019701    .0083246
               FES_site |   .8498988   .4518964     1.88   0.060    -.0358018    1.735599
               Shar_Lit |   .0326581   .0269368     1.21   0.225     -.020137    .0854532
              Shar_SCST |  -.0115717   .0152878    -0.76   0.449    -.0415352    .0183919
fs_dam_used_farming_new |   .4207145   .3908315     1.08   0.282    -.3453012     1.18673
  share_female_percent2 |   .0385709   .0173661     2.22   0.026     .0045341    .0726078
              leader2_2 |   .2671443   .4861174     0.55   0.583    -.6856284    1.219917
              leader2_3 |  -.3085892   .5456724    -0.57   0.572    -1.378087     .760909
           d_illiterate |   .4971537    .418359     1.19   0.235    -.3228148    1.317122
                  _cons |  -2.420145   2.158114    -1.12   0.262     -6.64997     1.80968
-----------------------------------------------------------------------------------------

. margins, at(share_female_percent2==(0(10)100))  vsquish

Predictive margins                              Number of obs     =         56
Model VCE    : Robust

Expression   : Pr(fs_maintenance_12m_new), predict()
1._at        : share_fema~2    =           0
2._at        : share_fema~2    =          10
3._at        : share_fema~2    =          20
4._at        : share_fema~2    =          30
5._at        : share_fema~2    =          40
6._at        : share_fema~2    =          50
7._at        : share_fema~2    =          60
8._at        : share_fema~2    =          70
9._at        : share_fema~2    =          80
10._at       : share_fema~2    =          90
11._at       : share_fema~2    =         100

------------------------------------------------------------------------------
             |            Delta-method
             |     Margin   Std. Err.      z    P>|z|     [95% Conf. Interval]
-------------+----------------------------------------------------------------
         _at |
          1  |    .467856   .1272335     3.68   0.000     .2184829    .7172291
          2  |   .5909126    .085153     6.94   0.000     .4240157    .7578095
          3  |   .7060441   .0571872    12.35   0.000     .5939592    .8181291
          4  |   .8041368   .0562712    14.29   0.000     .6938473    .9144263
          5  |   .8799598   .0606909    14.50   0.000     .7610079    .9989118
          6  |   .9328615   .0556124    16.77   0.000     .8238631     1.04186
          7  |   .9659868   .0425981    22.68   0.000     .8824961    1.049478
          8  |   .9844976   .0276249    35.64   0.000     .9303538    1.038641
          9  |   .9936815   .0153056    64.92   0.000     .9636831     1.02368
         10  |   .9977089   .0072816   137.02   0.000     .9834371    1.011981
         11  |   .9992642   .0029827   335.02   0.000     .9934183     1.00511
------------------------------------------------------------------------------

. 
end of do-file

. do "C:\Users\istei\AppData\Local\Temp\STD4540_000000.tmp"

. di  .7060441 -.467856
.2381881

. 
end of do-file

. do "C:\Users\istei\AppData\Local\Temp\STD4540_000000.tmp"

. probit fs_maintenance_12m_new bs_maintenance_12m_new $control $session_composition , robust

Iteration 0:   log pseudolikelihood = -32.542487  
Iteration 1:   log pseudolikelihood = -25.984584  
Iteration 2:   log pseudolikelihood = -25.593172  
Iteration 3:   log pseudolikelihood = -25.588984  
Iteration 4:   log pseudolikelihood = -25.588983  

Probit regression                               Number of obs     =         56
                                                Wald chi2(10)     =      13.36
                                                Prob > chi2       =     0.2044
Log pseudolikelihood = -25.588983               Pseudo R2         =     0.2137

-----------------------------------------------------------------------------------------
                        |               Robust
 fs_maintenance_12m_new |      Coef.   Std. Err.      z    P>|z|     [95% Conf. Interval]
------------------------+----------------------------------------------------------------
 bs_maintenance_12m_new |   .0870289    .431325     0.20   0.840    -.7583526    .9324104
                  No_HH |   .0031772   .0026263     1.21   0.226    -.0019701    .0083246
               FES_site |   .8498988   .4518964     1.88   0.060    -.0358018    1.735599
               Shar_Lit |   .0326581   .0269368     1.21   0.225     -.020137    .0854532
              Shar_SCST |  -.0115717   .0152878    -0.76   0.449    -.0415352    .0183919
fs_dam_used_farming_new |   .4207145   .3908315     1.08   0.282    -.3453012     1.18673
  share_female_percent2 |   .0385709   .0173661     2.22   0.026     .0045341    .0726078
              leader2_2 |   .2671443   .4861174     0.55   0.583    -.6856284    1.219917
              leader2_3 |  -.3085892   .5456724    -0.57   0.572    -1.378087     .760909
           d_illiterate |   .4971537    .418359     1.19   0.235    -.3228148    1.317122
                  _cons |  -2.420145   2.158114    -1.12   0.262     -6.64997     1.80968
-----------------------------------------------------------------------------------------

. margins, at(share_female_percent2==(0(10)100))  vsquish

Predictive margins                              Number of obs     =         56
Model VCE    : Robust

Expression   : Pr(fs_maintenance_12m_new), predict()
1._at        : share_fema~2    =           0
2._at        : share_fema~2    =          10
3._at        : share_fema~2    =          20
4._at        : share_fema~2    =          30
5._at        : share_fema~2    =          40
6._at        : share_fema~2    =          50
7._at        : share_fema~2    =          60
8._at        : share_fema~2    =          70
9._at        : share_fema~2    =          80
10._at       : share_fema~2    =          90
11._at       : share_fema~2    =         100

------------------------------------------------------------------------------
             |            Delta-method
             |     Margin   Std. Err.      z    P>|z|     [95% Conf. Interval]
-------------+----------------------------------------------------------------
         _at |
          1  |    .467856   .1272335     3.68   0.000     .2184829    .7172291
          2  |   .5909126    .085153     6.94   0.000     .4240157    .7578095
          3  |   .7060441   .0571872    12.35   0.000     .5939592    .8181291
          4  |   .8041368   .0562712    14.29   0.000     .6938473    .9144263
          5  |   .8799598   .0606909    14.50   0.000     .7610079    .9989118
          6  |   .9328615   .0556124    16.77   0.000     .8238631     1.04186
          7  |   .9659868   .0425981    22.68   0.000     .8824961    1.049478
          8  |   .9844976   .0276249    35.64   0.000     .9303538    1.038641
          9  |   .9936815   .0153056    64.92   0.000     .9636831     1.02368
         10  |   .9977089   .0072816   137.02   0.000     .9834371    1.011981
         11  |   .9992642   .0029827   335.02   0.000     .9934183     1.00511
------------------------------------------------------------------------------

. marginsplot, xla(0(20)100, notick) yla(0(0.2)1, notick) title("{bf:B } Games villages only: Female participation",span pos(11) size())
>  xtitle("Share of women participating in games (percent)")  ///
>                 xline(21.43, lpattern(dash))  ytitle("Predicted maintenance") ///
>                 recastci(rarea) ciopts(fcolor(%60) lwidth(none)) legend(pos(6) ring(1) rows(2)) ///
>                 addplot(hist share_female_percent2, fcolor(%30) lwidth(none) percent yaxis(2) yscale(alt lcolor() axis(2)) ytitle("Per
> cent", axis(2)) legend(order(2 "Predicted maintenance" 3 "Distribution women participation")))

  Variables that uniquely identify margins: share_female_percent2

. gr_edit plotregion1.AddTextBox added_text editor .0767792533911014 22.90604527651298

. gr_edit plotregion1.added_text_new = 1

. gr_edit plotregion1.added_text_rec = 1

. gr_edit plotregion1.added_text[1].style.editstyle  angle(default) size( sztype(relative) val(2.777777777777778) allow_pct(1)) color(bl
> ack) horizontal(left) vertical(middle) margin( gleft( sztype(relative) val(0) allow_pct(1)) gright( sztype(relative) val(0) allow_pct(
> 1)) gtop( sztype(relative) val(0) allow_pct(1)) gbottom( sztype(relative) val(0) allow_pct(1))) linegap( sztype(relative) val(0) allow
> _pct(1)) drawbox(no) boxmargin( gleft( sztype(relative) val(0) allow_pct(1)) gright( sztype(relative) val(0) allow_pct(1)) gtop( sztyp
> e(relative) val(0) allow_pct(1)) gbottom( sztype(relative) val(0) allow_pct(1))) fillcolor(bluishgray) linestyle( width( sztype(relati
> ve) val(.15) allow_pct(1)) color(black) pattern(solid) align(inside)) box_alignment(east) editcopy

. gr_edit plotregion1.added_text[1].style.editstyle size(medsmall) editcopy

. gr_edit plotregion1.added_text[1].text = {}

. gr_edit plotregion1.added_text[1].text.Arrpush Median = 21.43%

. gr_edit plotregion2.plot3.style.editstyle area(shadestyle(color("120 94 240"))) editcopy

. gr_edit plotregion2.plot3.bar_size = 10

. gr_edit plotregion2.plot3.style.editstyle area(shadestyle(color("%50"))) editcopy

. gr_edit plotregion1.added_text[1].DragBy .1535730123805444 -.638908975399561

. gr_edit plotregion1.added_text[1].DragBy .7964051792477791 -.4563635538568562

. 
end of do-file

. do "C:\Users\istei\AppData\Local\Temp\STD4540_000000.tmp"

. marginsplot, xla(0(20)100, notick) yla(0(0.2)1, notick) title("{bf:B } Dam maintenance",span pos(11) size()) xtitle("Share of women pa
> rticipating in games (percent)")  ///
>                 xline(21.43, lpattern(dash))  ytitle("Predicted maintenance") ///
>                 recastci(rarea) ciopts(fcolor(%60) lwidth(none)) legend(pos(6) ring(1) rows(2)) ///
>                 addplot(hist share_female_percent2, fcolor(%30) lwidth(none) percent yaxis(2) yscale(alt lcolor() axis(2)) ytitle("Per
> cent", axis(2)) legend(order(2 "Predicted maintenance" 3 "Distribution women participation")))
previous command was not margins
r(301);

end of do-file

r(301);

. do "C:\Users\istei\AppData\Local\Temp\STD4540_000000.tmp"

. probit fs_maintenance_12m_new bs_maintenance_12m_new $control $session_composition , robust

Iteration 0:   log pseudolikelihood = -32.542487  
Iteration 1:   log pseudolikelihood = -25.984584  
Iteration 2:   log pseudolikelihood = -25.593172  
Iteration 3:   log pseudolikelihood = -25.588984  
Iteration 4:   log pseudolikelihood = -25.588983  

Probit regression                               Number of obs     =         56
                                                Wald chi2(10)     =      13.36
                                                Prob > chi2       =     0.2044
Log pseudolikelihood = -25.588983               Pseudo R2         =     0.2137

-----------------------------------------------------------------------------------------
                        |               Robust
 fs_maintenance_12m_new |      Coef.   Std. Err.      z    P>|z|     [95% Conf. Interval]
------------------------+----------------------------------------------------------------
 bs_maintenance_12m_new |   .0870289    .431325     0.20   0.840    -.7583526    .9324104
                  No_HH |   .0031772   .0026263     1.21   0.226    -.0019701    .0083246
               FES_site |   .8498988   .4518964     1.88   0.060    -.0358018    1.735599
               Shar_Lit |   .0326581   .0269368     1.21   0.225     -.020137    .0854532
              Shar_SCST |  -.0115717   .0152878    -0.76   0.449    -.0415352    .0183919
fs_dam_used_farming_new |   .4207145   .3908315     1.08   0.282    -.3453012     1.18673
  share_female_percent2 |   .0385709   .0173661     2.22   0.026     .0045341    .0726078
              leader2_2 |   .2671443   .4861174     0.55   0.583    -.6856284    1.219917
              leader2_3 |  -.3085892   .5456724    -0.57   0.572    -1.378087     .760909
           d_illiterate |   .4971537    .418359     1.19   0.235    -.3228148    1.317122
                  _cons |  -2.420145   2.158114    -1.12   0.262     -6.64997     1.80968
-----------------------------------------------------------------------------------------

. margins, at(share_female_percent2==(0(10)100))  vsquish

Predictive margins                              Number of obs     =         56
Model VCE    : Robust

Expression   : Pr(fs_maintenance_12m_new), predict()
1._at        : share_fema~2    =           0
2._at        : share_fema~2    =          10
3._at        : share_fema~2    =          20
4._at        : share_fema~2    =          30
5._at        : share_fema~2    =          40
6._at        : share_fema~2    =          50
7._at        : share_fema~2    =          60
8._at        : share_fema~2    =          70
9._at        : share_fema~2    =          80
10._at       : share_fema~2    =          90
11._at       : share_fema~2    =         100

------------------------------------------------------------------------------
             |            Delta-method
             |     Margin   Std. Err.      z    P>|z|     [95% Conf. Interval]
-------------+----------------------------------------------------------------
         _at |
          1  |    .467856   .1272335     3.68   0.000     .2184829    .7172291
          2  |   .5909126    .085153     6.94   0.000     .4240157    .7578095
          3  |   .7060441   .0571872    12.35   0.000     .5939592    .8181291
          4  |   .8041368   .0562712    14.29   0.000     .6938473    .9144263
          5  |   .8799598   .0606909    14.50   0.000     .7610079    .9989118
          6  |   .9328615   .0556124    16.77   0.000     .8238631     1.04186
          7  |   .9659868   .0425981    22.68   0.000     .8824961    1.049478
          8  |   .9844976   .0276249    35.64   0.000     .9303538    1.038641
          9  |   .9936815   .0153056    64.92   0.000     .9636831     1.02368
         10  |   .9977089   .0072816   137.02   0.000     .9834371    1.011981
         11  |   .9992642   .0029827   335.02   0.000     .9934183     1.00511
------------------------------------------------------------------------------

. marginsplot, xla(0(20)100, notick) yla(0(0.2)1, notick) title("{bf:B } Dam maintenance",span pos(11) size()) xtitle("Share of women pa
> rticipating in games (percent)")  ///
>                 xline(21.43, lpattern(dash))  ytitle("Predicted maintenance") ///
>                 recastci(rarea) ciopts(fcolor(%60) lwidth(none)) legend(pos(6) ring(1) rows(2)) ///
>                 addplot(hist share_female_percent2, fcolor(%30) lwidth(none) percent yaxis(2) yscale(alt lcolor() axis(2)) ytitle("Per
> cent", axis(2)) legend(order(2 "Predicted maintenance" 3 "Distribution women participation")))

  Variables that uniquely identify margins: share_female_percent2

. gr_edit plotregion1.AddTextBox added_text editor .0767792533911014 22.90604527651298

. gr_edit plotregion1.added_text_new = 1

. gr_edit plotregion1.added_text_rec = 1

. gr_edit plotregion1.added_text[1].style.editstyle  angle(default) size( sztype(relative) val(2.777777777777778) allow_pct(1)) color(bl
> ack) horizontal(left) vertical(middle) margin( gleft( sztype(relative) val(0) allow_pct(1)) gright( sztype(relative) val(0) allow_pct(
> 1)) gtop( sztype(relative) val(0) allow_pct(1)) gbottom( sztype(relative) val(0) allow_pct(1))) linegap( sztype(relative) val(0) allow
> _pct(1)) drawbox(no) boxmargin( gleft( sztype(relative) val(0) allow_pct(1)) gright( sztype(relative) val(0) allow_pct(1)) gtop( sztyp
> e(relative) val(0) allow_pct(1)) gbottom( sztype(relative) val(0) allow_pct(1))) fillcolor(bluishgray) linestyle( width( sztype(relati
> ve) val(.15) allow_pct(1)) color(black) pattern(solid) align(inside)) box_alignment(east) editcopy

. gr_edit plotregion1.added_text[1].style.editstyle size(medsmall) editcopy

. gr_edit plotregion1.added_text[1].text = {}

. gr_edit plotregion1.added_text[1].text.Arrpush Median = 21.43%

. gr_edit plotregion2.plot3.style.editstyle area(shadestyle(color("120 94 240"))) editcopy

. gr_edit plotregion2.plot3.bar_size = 10

. gr_edit plotregion2.plot3.style.editstyle area(shadestyle(color("%50"))) editcopy

. gr_edit plotregion1.added_text[1].DragBy .1535730123805444 -.638908975399561

. gr_edit plotregion1.added_text[1].DragBy .7964051792477791 -.4563635538568562

. gr save "$working_ANALYSIS/results/intermediate/figure1_b.gph", replace
(file C:\Users\istei\OneDrive\Promotion\1_Projects\Games for Sustainability\analysis/results/intermediate/figure1_b.gph saved)

. 
end of do-file

. do "C:\Users\istei\AppData\Local\Temp\STD4540_000000.tmp"

. *Panel C: Determinants of rule existence
. probit fs_dam_maintenance_rule_new bs_dam_maintenance_rule_new $control $session_composition, robust

Iteration 0:   log pseudolikelihood = -35.164729  
Iteration 1:   log pseudolikelihood = -28.288569  
Iteration 2:   log pseudolikelihood = -28.126051  
Iteration 3:   log pseudolikelihood = -28.125714  
Iteration 4:   log pseudolikelihood = -28.125714  

Probit regression                               Number of obs     =         56
                                                Wald chi2(10)     =      18.55
                                                Prob > chi2       =     0.0463
Log pseudolikelihood = -28.125714               Pseudo R2         =     0.2002

---------------------------------------------------------------------------------------------
                            |               Robust
fs_dam_maintenance_rule_new |      Coef.   Std. Err.      z    P>|z|     [95% Conf. Interval]
----------------------------+----------------------------------------------------------------
bs_dam_maintenance_rule_new |  -.0659772   .5554589    -0.12   0.905    -1.154657    1.022702
                      No_HH |  -.0015973   .0028955    -0.55   0.581    -.0072724    .0040779
                   FES_site |   .5857444   .4359941     1.34   0.179    -.2687883    1.440277
                   Shar_Lit |  -.0262382   .0232432    -1.13   0.259     -.071794    .0193177
                  Shar_SCST |  -.0106216   .0134569    -0.79   0.430    -.0369967    .0157535
    fs_dam_used_farming_new |  -.4731477   .4152509    -1.14   0.255    -1.287024     .340729
      share_female_percent2 |   .0356374   .0116496     3.06   0.002     .0128046    .0584701
                  leader2_2 |   .3595024   .4112809     0.87   0.382    -.4465933    1.165598
                  leader2_3 |  -.0480816    .528328    -0.09   0.927    -1.083586    .9874224
               d_illiterate |   .3922933    .405527     0.97   0.333     -.402525    1.187112
                      _cons |   .5379007   1.844966     0.29   0.771    -3.078166    4.153967
---------------------------------------------------------------------------------------------

. margins, at(share_female_percent2==(0(10)100))  vsquish

Predictive margins                              Number of obs     =         56
Model VCE    : Robust

Expression   : Pr(fs_dam_maintenance_rule_new), predict()
1._at        : share_fema~2    =           0
2._at        : share_fema~2    =          10
3._at        : share_fema~2    =          20
4._at        : share_fema~2    =          30
5._at        : share_fema~2    =          40
6._at        : share_fema~2    =          50
7._at        : share_fema~2    =          60
8._at        : share_fema~2    =          70
9._at        : share_fema~2    =          80
10._at       : share_fema~2    =          90
11._at       : share_fema~2    =         100

------------------------------------------------------------------------------
             |            Delta-method
             |     Margin   Std. Err.      z    P>|z|     [95% Conf. Interval]
-------------+----------------------------------------------------------------
         _at |
          1  |   .1067676   .0570869     1.87   0.061    -.0051206    .2186558
          2  |   .1748024   .0596955     2.93   0.003     .0578013    .2918035
          3  |   .2647646   .0575409     4.60   0.000     .1519866    .3775426
          4  |   .3731598   .0616785     6.05   0.000     .2522721    .4940475
          5  |   .4924098   .0798037     6.17   0.000     .3359974    .6488222
          6  |   .6123331   .1023734     5.98   0.000      .411685    .8129813
          7  |   .7225846   .1168241     6.19   0.000     .4936136    .9515556
          8  |   .8151532   .1167903     6.98   0.000     .5862485    1.044058
          9  |   .8859952   .1026858     8.63   0.000     .6847347    1.087256
         10  |   .9352803   .0797617    11.73   0.000     .7789502     1.09161
         11  |   .9663565   .0548775    17.61   0.000     .8587985    1.073914
------------------------------------------------------------------------------

. marginsplot, xla(0(20)100, notick) yla(0(0.2)1, notick) title("{bf:C } Rule existence", span pos(11) size()) xtitle("Share of women pa
> rticipating in games (percent)")  ///
>                 xline(21.43, lpattern(dash))  ytitle("Predicted rule existence") ///
>                 recastci(rarea) ciopts(fcolor(%60) lwidth(none)) legend(pos(6) ring(1) rows(2)) ///
>                 addplot(hist share_female_percent2, fcolor(%30) lwidth(none) percent yaxis(2) yscale(alt lcolor() axis(2)) ytitle("Per
> cent", axis(2)) legend(order(2 "Predicted rule existence" 3 "Distribution women participation")))

  Variables that uniquely identify margins: share_female_percent2

. gr_edit plotregion1.AddTextBox added_text editor .0767792533911014 22.90604527651298

. gr_edit plotregion1.added_text_new = 1

. gr_edit plotregion1.added_text_rec = 1

. gr_edit plotregion1.added_text[1].style.editstyle  angle(default) size( sztype(relative) val(2.777777777777778) allow_pct(1)) color(bl
> ack) horizontal(left) vertical(middle) margin( gleft( sztype(relative) val(0) allow_pct(1)) gright( sztype(relative) val(0) allow_pct(
> 1)) gtop( sztype(relative) val(0) allow_pct(1)) gbottom( sztype(relative) val(0) allow_pct(1))) linegap( sztype(relative) val(0) allow
> _pct(1)) drawbox(no) boxmargin( gleft( sztype(relative) val(0) allow_pct(1)) gright( sztype(relative) val(0) allow_pct(1)) gtop( sztyp
> e(relative) val(0) allow_pct(1)) gbottom( sztype(relative) val(0) allow_pct(1))) fillcolor(bluishgray) linestyle( width( sztype(relati
> ve) val(.15) allow_pct(1)) color(black) pattern(solid) align(inside)) box_alignment(east) editcopy

. gr_edit plotregion1.added_text[1].style.editstyle size(medsmall) editcopy

. gr_edit plotregion1.added_text[1].text = {}

. gr_edit plotregion1.added_text[1].text.Arrpush Median = 21.43%

. gr_edit plotregion1.added_text[1].DragBy .7700581653703878 -1.003999819168964

. gr_edit plotregion2.plot3.style.editstyle area(shadestyle(color("120 94 240"))) editcopy

. gr_edit plotregion2.plot3.bar_size = 5

. gr_edit plotregion2.plot3.style.editstyle area(shadestyle(color("%50"))) editcopy

. gr save "$working_ANALYSIS/results/intermediate/figure1_c.gph", replace
(note: file C:\Users\istei\OneDrive\Promotion\1_Projects\Games for Sustainability\analysis/results/intermediate/figure1_c.gph not found)
(file C:\Users\istei\OneDrive\Promotion\1_Projects\Games for Sustainability\analysis/results/intermediate/figure1_c.gph saved)

. 
end of do-file

. do "C:\Users\istei\AppData\Local\Temp\STD4540_000000.tmp"

. gr_edit plotregion2.plot3.bar_size = 10

. 
end of do-file

. do "C:\Users\istei\AppData\Local\Temp\STD4540_000000.tmp"

. gr save "$working_ANALYSIS/results/intermediate/figure1_c.gph", replace
(file C:\Users\istei\OneDrive\Promotion\1_Projects\Games for Sustainability\analysis/results/intermediate/figure1_c.gph saved)

. 
end of do-file

. do "C:\Users\istei\AppData\Local\Temp\STD4540_000000.tmp"

. 
. gr combine  "$working_ANALYSIS/results/intermediate/figure1_a.gph" "$working_ANALYSIS/results/intermediate/figure1_b.gph" "$working_AN
> ALYSIS/results/intermediate/figure1_c.gph", rows(2) saving("$working_ANALYSIS\results\intermediate\figure1.gph", replace) xsize(3.465)
>  ysize(1.7) iscale(1.05)
(note:  named style medthin not found in class linestyle, default attributes used)
(note:  named style medthin not found in class linestyle, default attributes used)
(note:  named style medthin not found in class linestyle, default attributes used)
(file C:\Users\istei\OneDrive\Promotion\1_Projects\Games for Sustainability\analysis\results\intermediate\figure1.gph saved)

. gr display

. gr_edit style.editstyle margin(zero) editcopy

. gr_edit gmetric_mult = 1.05

. gr_edit plotregion1.graph2.plotregion1.added_text[1].style.editstyle size(6-pt) editcopy

. gr_edit plotregion1.graph2.plotregion1.added_text[1].style.editstyle size(4-pt) editcopy

. gr_edit plotregion1.graph2.plotregion1.added_text[1].style.editstyle size(small) editcopy

. gr_edit plotregion1.graph2.plotregion1.added_text[1].DragBy .0192344756311785 .3714312066533156

. gr_edit plotregion1.graph1.xaxis1.title.DragBy .1083514229419924 -8.234708143591391

. gr_edit plotregion1.graph1.xaxis1.title.DragBy 0 3.033839842375797

. gr_edit plotregion1.graph2.style.editstyle boxstyle(shadestyle(color(none))) editcopy

. gr save "$working_ANALYSIS\results\intermediate\figure1.gph", replace
(file C:\Users\istei\OneDrive\Promotion\1_Projects\Games for Sustainability\analysis\results\intermediate\figure1.gph saved)

. gr export "$working_ANALYSIS\results\figures\figure1.tif", replace width(3465)
(file C:\Users\istei\OneDrive\Promotion\1_Projects\Games for Sustainability\analysis\results\figures\figure1.tif written in TIFF format)

. 
end of do-file

. do "C:\Users\istei\AppData\Local\Temp\STD4540_000000.tmp"

. gr combine  "$working_ANALYSIS/results/intermediate/figure1_a.gph" "$working_ANALYSIS/results/intermediate/figure1_b.gph" "$working_AN
> ALYSIS/results/intermediate/figure1_c.gph", rows(2) saving("$working_ANALYSIS\results\intermediate\figure1.gph", replace) xsize(4) ysi
> ze(4) iscale(1.05)
(note:  named style medthin not found in class linestyle, default attributes used)
(note:  named style medthin not found in class linestyle, default attributes used)
(note:  named style medthin not found in class linestyle, default attributes used)
(file C:\Users\istei\OneDrive\Promotion\1_Projects\Games for Sustainability\analysis\results\intermediate\figure1.gph saved)

. 
end of do-file

. do "C:\Users\istei\AppData\Local\Temp\STD4540_000000.tmp"

. gr combine  "$working_ANALYSIS/results/intermediate/figure1_a.gph" "$working_ANALYSIS/results/intermediate/figure1_b.gph" "$working_AN
> ALYSIS/results/intermediate/figure1_c.gph", rows(2) saving("$working_ANALYSIS\results\intermediate\figure1.gph", replace)
(note:  named style medthin not found in class linestyle, default attributes used)
(note:  named style medthin not found in class linestyle, default attributes used)
(note:  named style medthin not found in class linestyle, default attributes used)
(file C:\Users\istei\OneDrive\Promotion\1_Projects\Games for Sustainability\analysis\results\intermediate\figure1.gph saved)

. 
end of do-file

. do "C:\Users\istei\AppData\Local\Temp\STD4540_000000.tmp"

. gr display

. gr_edit style.editstyle margin(zero) editcopy

. gr_edit gmetric_mult = 1.05

. 
end of do-file

. do "C:\Users\istei\AppData\Local\Temp\STD4540_000000.tmp"

. gr_edit plotregion1.graph2.plotregion1.added_text[1].style.editstyle size(6-pt) editcopy

. 
end of do-file

. do "C:\Users\istei\AppData\Local\Temp\STD4540_000000.tmp"

. gr_edit plotregion1.graph2.plotregion1.added_text[1].style.editstyle size(8-pt) editcopy

. gr_edit plotregion1.graph3.plotregion1.added_text[1].style.editstyle size(8-pt) editcopy

. 
end of do-file

. do "C:\Users\istei\AppData\Local\Temp\STD4540_000000.tmp"

. gr_edit plotregion1.graph2.style.editstyle boxstyle(shadestyle(color(none))) editcopy

. 
end of do-file

. do "C:\Users\istei\AppData\Local\Temp\STD4540_000000.tmp"

. gr save "$working_ANALYSIS\results\intermediate\figure1.gph", replace
(file C:\Users\istei\OneDrive\Promotion\1_Projects\Games for Sustainability\analysis\results\intermediate\figure1.gph saved)

. gr export "$working_ANALYSIS\results\figures\figure1.tif", replace width(3465)
(file C:\Users\istei\OneDrive\Promotion\1_Projects\Games for Sustainability\analysis\results\figures\figure1.tif written in TIFF format)

. 
end of do-file

. do "C:\Users\istei\AppData\Local\Temp\STD4540_000000.tmp"

. *Panel C: Determinants of rule existence
. probit fs_dam_maintenance_rule_new bs_dam_maintenance_rule_new $control $session_composition, robust

Iteration 0:   log pseudolikelihood = -35.164729  
Iteration 1:   log pseudolikelihood = -28.288569  
Iteration 2:   log pseudolikelihood = -28.126051  
Iteration 3:   log pseudolikelihood = -28.125714  
Iteration 4:   log pseudolikelihood = -28.125714  

Probit regression                               Number of obs     =         56
                                                Wald chi2(10)     =      18.55
                                                Prob > chi2       =     0.0463
Log pseudolikelihood = -28.125714               Pseudo R2         =     0.2002

---------------------------------------------------------------------------------------------
                            |               Robust
fs_dam_maintenance_rule_new |      Coef.   Std. Err.      z    P>|z|     [95% Conf. Interval]
----------------------------+----------------------------------------------------------------
bs_dam_maintenance_rule_new |  -.0659772   .5554589    -0.12   0.905    -1.154657    1.022702
                      No_HH |  -.0015973   .0028955    -0.55   0.581    -.0072724    .0040779
                   FES_site |   .5857444   .4359941     1.34   0.179    -.2687883    1.440277
                   Shar_Lit |  -.0262382   .0232432    -1.13   0.259     -.071794    .0193177
                  Shar_SCST |  -.0106216   .0134569    -0.79   0.430    -.0369967    .0157535
    fs_dam_used_farming_new |  -.4731477   .4152509    -1.14   0.255    -1.287024     .340729
      share_female_percent2 |   .0356374   .0116496     3.06   0.002     .0128046    .0584701
                  leader2_2 |   .3595024   .4112809     0.87   0.382    -.4465933    1.165598
                  leader2_3 |  -.0480816    .528328    -0.09   0.927    -1.083586    .9874224
               d_illiterate |   .3922933    .405527     0.97   0.333     -.402525    1.187112
                      _cons |   .5379007   1.844966     0.29   0.771    -3.078166    4.153967
---------------------------------------------------------------------------------------------

. margins, at(share_female_percent2==(0(10)100))  vsquish

Predictive margins                              Number of obs     =         56
Model VCE    : Robust

Expression   : Pr(fs_dam_maintenance_rule_new), predict()
1._at        : share_fema~2    =           0
2._at        : share_fema~2    =          10
3._at        : share_fema~2    =          20
4._at        : share_fema~2    =          30
5._at        : share_fema~2    =          40
6._at        : share_fema~2    =          50
7._at        : share_fema~2    =          60
8._at        : share_fema~2    =          70
9._at        : share_fema~2    =          80
10._at       : share_fema~2    =          90
11._at       : share_fema~2    =         100

------------------------------------------------------------------------------
             |            Delta-method
             |     Margin   Std. Err.      z    P>|z|     [95% Conf. Interval]
-------------+----------------------------------------------------------------
         _at |
          1  |   .1067676   .0570869     1.87   0.061    -.0051206    .2186558
          2  |   .1748024   .0596955     2.93   0.003     .0578013    .2918035
          3  |   .2647646   .0575409     4.60   0.000     .1519866    .3775426
          4  |   .3731598   .0616785     6.05   0.000     .2522721    .4940475
          5  |   .4924098   .0798037     6.17   0.000     .3359974    .6488222
          6  |   .6123331   .1023734     5.98   0.000      .411685    .8129813
          7  |   .7225846   .1168241     6.19   0.000     .4936136    .9515556
          8  |   .8151532   .1167903     6.98   0.000     .5862485    1.044058
          9  |   .8859952   .1026858     8.63   0.000     .6847347    1.087256
         10  |   .9352803   .0797617    11.73   0.000     .7789502     1.09161
         11  |   .9663565   .0548775    17.61   0.000     .8587985    1.073914
------------------------------------------------------------------------------

. marginsplot, xla(0(20)100, notick) yla(0(0.2)1, notick) title("{bf:C } Rule existence", span pos(11) size()) xtitle("Share of women pa
> rticipating in games (percent)")  ///
>                 xline(21.43, lpattern(dash))  ytitle("Predicted rule existence") ///
>                 recastci(rarea) ciopts(fcolor(%60) lwidth(none)) legend(pos(6) ring(1) rows(2)) ///
>                 addplot(hist share_female_percent2, fcolor(%30) lwidth(none) percent yaxis(2) yscale(alt lcolor() axis(2)) ytitle("Per
> cent", axis(2)) legend(order(2 "Predicted rule existence" 3 "Distribution women participation")))

  Variables that uniquely identify margins: share_female_percent2

. gr_edit plotregion1.AddTextBox added_text editor .0767792533911014 22.90604527651298

. gr_edit plotregion1.added_text_new = 1

. gr_edit plotregion1.added_text_rec = 1

. gr_edit plotregion1.added_text[1].style.editstyle  angle(default) size( sztype(relative) val(2.777777777777778) allow_pct(1)) color(bl
> ack) horizontal(left) vertical(middle) margin( gleft( sztype(relative) val(0) allow_pct(1)) gright( sztype(relative) val(0) allow_pct(
> 1)) gtop( sztype(relative) val(0) allow_pct(1)) gbottom( sztype(relative) val(0) allow_pct(1))) linegap( sztype(relative) val(0) allow
> _pct(1)) drawbox(no) boxmargin( gleft( sztype(relative) val(0) allow_pct(1)) gright( sztype(relative) val(0) allow_pct(1)) gtop( sztyp
> e(relative) val(0) allow_pct(1)) gbottom( sztype(relative) val(0) allow_pct(1))) fillcolor(bluishgray) linestyle( width( sztype(relati
> ve) val(.15) allow_pct(1)) color(black) pattern(solid) align(inside)) box_alignment(east) editcopy

. gr_edit plotregion1.added_text[1].style.editstyle size(medsmall) editcopy

. gr_edit plotregion1.added_text[1].text = {}

. gr_edit plotregion1.added_text[1].text.Arrpush Median = 21.43%

. gr_edit plotregion1.added_text[1].DragBy .7700581653703878 -1.003999819168964

. gr_edit plotregion2.plot3.style.editstyle area(shadestyle(color("120 94 240"))) editcopy

. gr_edit plotregion2.plot3.bar_size = 10

. gr_edit plotregion2.plot3.style.editstyle area(shadestyle(color("%50"))) editcopy

. gr save "$working_ANALYSIS/results/intermediate/figure1_c.gph", replace
(file C:\Users\istei\OneDrive\Promotion\1_Projects\Games for Sustainability\analysis/results/intermediate/figure1_c.gph saved)

. di  .2681938-.1389518 
.129242

. *around the median value of women share we estimate an increased likelihood of maintenance of about 16pp compared to sessions with no 
> female participants
. 
. 
. gr combine  "$working_ANALYSIS/results/intermediate/figure1_a.gph" "$working_ANALYSIS/results/intermediate/figure1_b.gph" "$working_AN
> ALYSIS/results/intermediate/figure1_c.gph", rows(2) saving("$working_ANALYSIS\results\intermediate\figure1.gph", replace)
(note:  named style medthin not found in class linestyle, default attributes used)
(note:  named style medthin not found in class linestyle, default attributes used)
(note:  named style medthin not found in class linestyle, default attributes used)
(file C:\Users\istei\OneDrive\Promotion\1_Projects\Games for Sustainability\analysis\results\intermediate\figure1.gph saved)

. 
end of do-file

. exit, clear
