-------------------------------------------------------------------------------------------------------------------------------------------------------------------
      name:  <unnamed>
       log:  D:\OneDrive\Promotion\1_Projects\Games for Sustainability\analysis/scripts/logs/2023.03.20-16.23.51.log.txt
  log type:  text
 opened on:  20 Mar 2023, 16:23:51

. 
. di "Begin date and time: $S_DATE $S_TIME"
Begin date and time: 20 Mar 2023 16:23:51

. di "Stata version: `c(stata_version)'"
Stata version: 16.1

. di "Updated as of: `c(born_date)'"
Updated as of: 19 Nov 2020

. di "Variant:       `=cond( c(MP),"MP",cond(c(SE),"SE",c(flavor)) )'"
Variant:       MP

. di "Processors:    `c(processors)'"
Processors:    2

. di "OS:            `c(os)' `c(osdtl)'"
OS:            Windows 64-bit

. di "Machine type:  `c(machine_type)'"
Machine type:  PC (64-bit x86-64)

. 
. *   Analyses were run on Windows using Stata version 16
. version 16              // Set Version number for backward compatibility

. 
. * All required Stata packages are available in the /libraries/stata folder
. tokenize `"$S_ADO"', parse(";")

. while `"`1'"' != "" {
  2.   if `"`1'"'!="BASE" cap adopath - `"`1'"'
  3.   macro shift
  4. }

. adopath ++ "$working_ANALYSIS/scripts/libraries/stata"
  [1]              "D:\OneDrive\Promotion\1_Projects\Games for Sustainability\analysis/scripts/libraries/stata"
  [2]  (BASE)      "C:\Program Files\Stata16\ado\base/"

. mata: mata mlib index
.mlib libraries to be searched are now
    lmatabase;lmataado;lmataerm;lmatafc;lmatagsem;lmatalasso;lmatamcmc;lmatameta;lmatami;lmatamixlog;lmatanumlib;lmataopt;lmatapath;lmatapostest;lmatapss;lmatasem;
> lmatasp;lmatasvy;lmatatab;lcolrspace

. sysdir set PERSONAL "$working_ANALYSIS/scripts/libraries/stata"

. 
. * Create directories for output files
. cap mkdir "$working_ANALYSIS/processed"

. cap mkdir "$working_ANALYSIS/results"

. cap mkdir "$working_ANALYSIS/results/intermediate"

. cap mkdir "$working_ANALYSIS/results/tables"

. cap mkdir "$working_ANALYSIS/results/figures"

. 
. * Set general graph style
. set scheme swift_red //select one scheme as reference scheme to work with

. grstyle init 

. {
. *Background color
. grstyle set color white: background plotregion graphregion legend box textbox //
. 
. *Main colors (note: swift_red only defines 8 colors. Multiplying the color, that is "xx yy zz*0.5" reduces/increases intensity and "xx yy zz%50" reduces transpar
> ency)
. grstyle set color       "100 143 255" "120 94 240" "220 38 127" "254 97 0" "255 176 0" /// 5 main colors
>                                         "100 143 255*0.4" "120 94 240*0.4" "220 38 127*0.4" "254 97 0*0.4" "255 176 0*0.4" ///
>                                         "100 143 255*1.7" "120 94 240*1.7" "220 38 127*1.7" "254 97 0*1.7" "255 176 0*1.7" ///
>                                         : p# p#line p#lineplot p#bar p#area p#arealine p#pie histogram 
. 
. *Font size
. grstyle set size 10pt: heading //titles
. grstyle set size 8pt: subheading axis_title //axis titles
. grstyle set size 8pt: p#label p#boxlabel body small_body text_option axis_label tick_label minortick_label key_label //all other text
. 
. }

. * -------------------------------------------------
. 
end of do-file

. do "C:\Users\istei\AppData\Local\Temp\STD1088_000000.tmp"

. *--------------------------------------------------------------------
. * SCRIPT: 02_analysis.do
. * PURPOSE: replicates most tables and figures and saves the results
. *--------------------------------------------------------------------
. 
. *--------------------------------------------------
. * STRUCTURE OF THE DO-FILE
. /*
>         1) Analysis Main Manuscript
>         2) Analysis Supplementary Online Materials
> */
. *--------------------------------------------------
. 
. *LOAD DATASET
. use "$working_ANALYSIS/processed/2023_03_Survey&Game_Wide.dta", clear

. 
end of do-file

. tab no_leader_female_vill
variable no_leader_female_vill not found
r(111);

. tab pwcorr share_female_percent3 game_total_all game_total_gamerelated  com_outside_game
variable pwcorr not found
r(111);

. tab share_female_percent3

          0 |
share_femal |
e_percent3_ |      Freq.     Percent        Cum.
------------+-----------------------------------
          0 |          7       12.50       12.50
   .7142857 |          5        8.93       21.43
   1.428571 |          8       14.29       35.71
   2.142857 |         11       19.64       55.36
   2.857143 |          7       12.50       67.86
   3.571429 |         10       17.86       85.71
   4.285714 |          4        7.14       92.86
          5 |          2        3.57       96.43
   6.428571 |          1        1.79       98.21
   9.285714 |          1        1.79      100.00
------------+-----------------------------------
      Total |         56      100.00

. tab game_leader_fem_vill

     Sum of |
     female |
    leaders |      Freq.     Percent        Cum.
------------+-----------------------------------
          0 |         36       64.29       64.29
          1 |         17       30.36       94.64
          2 |          3        5.36      100.00
------------+-----------------------------------
      Total |         56      100.00

. tab game_no_leader_fem_vill

     Sum of |
    females |
that are no |
 leaders in |
    village |      Freq.     Percent        Cum.
------------+-----------------------------------
          0 |          7       12.50       12.50
          1 |          5        8.93       21.43
          2 |          8       14.29       35.71
          3 |         11       19.64       55.36
          4 |          7       12.50       67.86
          5 |         10       17.86       85.71
          6 |          4        7.14       92.86
          7 |          2        3.57       96.43
          9 |          1        1.79       98.21
         13 |          1        1.79      100.00
------------+-----------------------------------
      Total |         56      100.00

. tab game_share_fem_vill

     Female |
 present in |
          % |      Freq.     Percent        Cum.
------------+-----------------------------------
          0 |          3        5.36        5.36
   .0714286 |          8       14.29       19.64
   .1428571 |          7       12.50       32.14
   .2142857 |         10       17.86       50.00
   .2857143 |          5        8.93       58.93
   .3571429 |         12       21.43       80.36
   .4285714 |          5        8.93       89.29
         .5 |          2        3.57       92.86
   .5714286 |          2        3.57       96.43
   .6428571 |          1        1.79       98.21
          1 |          1        1.79      100.00
------------+-----------------------------------
      Total |         56      100.00

. tab share_female_percent2_BS

          0 |
share_femal |
e_percent2_ |      Freq.     Percent        Cum.
------------+-----------------------------------
          0 |          7       12.50       12.50
   7.142858 |          5        8.93       21.43
   14.28572 |          8       14.29       35.71
   21.42857 |         11       19.64       55.36
   28.57143 |          7       12.50       67.86
   35.71429 |         10       17.86       85.71
   42.85714 |          4        7.14       92.86
         50 |          2        3.57       96.43
   64.28571 |          1        1.79       98.21
   92.85714 |          1        1.79      100.00
------------+-----------------------------------
      Total |         56      100.00

. tab share_female_percent3_BS

          0 |
share_femal |
e_percent3_ |      Freq.     Percent        Cum.
------------+-----------------------------------
          0 |          7       12.50       12.50
   .7142857 |          5        8.93       21.43
   1.428571 |          8       14.29       35.71
   2.142857 |         11       19.64       55.36
   2.857143 |          7       12.50       67.86
   3.571429 |         10       17.86       85.71
   4.285714 |          4        7.14       92.86
          5 |          2        3.57       96.43
   6.428571 |          1        1.79       98.21
   9.285714 |          1        1.79      100.00
------------+-----------------------------------
      Total |         56      100.00

. tab game_no_leader_fem_vill

     Sum of |
    females |
that are no |
 leaders in |
    village |      Freq.     Percent        Cum.
------------+-----------------------------------
          0 |          7       12.50       12.50
          1 |          5        8.93       21.43
          2 |          8       14.29       35.71
          3 |         11       19.64       55.36
          4 |          7       12.50       67.86
          5 |         10       17.86       85.71
          6 |          4        7.14       92.86
          7 |          2        3.57       96.43
          9 |          1        1.79       98.21
         13 |          1        1.79      100.00
------------+-----------------------------------
      Total |         56      100.00

. tab share_no_leader_female_vill_BS

          0 |
share_no_le |
ader_female |
     _vill_ |      Freq.     Percent        Cum.
------------+-----------------------------------
          0 |          7       12.50       12.50
   .0714286 |          5        8.93       21.43
   .1428571 |          8       14.29       35.71
   .2142857 |         11       19.64       55.36
   .2857143 |          7       12.50       67.86
   .3571429 |         10       17.86       85.71
   .4285714 |          4        7.14       92.86
         .5 |          2        3.57       96.43
   .6428571 |          1        1.79       98.21
   .9285714 |          1        1.79      100.00
------------+-----------------------------------
      Total |         56      100.00

. do "C:\Users\istei\AppData\Local\Temp\STD1088_000000.tmp"

. {
. global control                          No_HH FES_site Shar_Lit Shar_SCST survey_dam_for_irrigation_FS
. global session_composition      share_female_percent3 leader2_2 leader2_3 d_illiterate
. global session_composition2     share_female_percent2 leader2_2 leader2_3 d_illiterate
. }

. 
end of do-file

. do "C:\Users\istei\AppData\Local\Temp\STD1088_000000.tmp"

. probit survey_maint_2017_FS treatment_BS survey_maint_12m_BS $control, vce(robust)

Iteration 0:   log pseudolikelihood = -54.302378  
Iteration 1:   log pseudolikelihood = -47.880411  
Iteration 2:   log pseudolikelihood = -47.866711  
Iteration 3:   log pseudolikelihood = -47.866711  

Probit regression                               Number of obs     =         83
                                                Wald chi2(7)      =      11.74
                                                Prob > chi2       =     0.1093
Log pseudolikelihood = -47.866711               Pseudo R2         =     0.1185

----------------------------------------------------------------------------------------------
                             |               Robust
        survey_maint_2017_FS |      Coef.   Std. Err.      z    P>|z|     [95% Conf. Interval]
-----------------------------+----------------------------------------------------------------
                treatment_BS |   .6096168   .3196498     1.91   0.057    -.0168852    1.236119
         survey_maint_12m_BS |   .5904856   .3089218     1.91   0.056    -.0149901    1.195961
                       No_HH |  -.0010913   .0014365    -0.76   0.447    -.0039068    .0017241
                    FES_site |   .0612562   .3369852     0.18   0.856    -.5992227    .7217351
                    Shar_Lit |   .0171936   .0195623     0.88   0.379    -.0211478     .055535
                   Shar_SCST |  -.0156605    .008745    -1.79   0.073    -.0328004    .0014793
survey_dam_for_irrigation_FS |   .1169904   .3172275     0.37   0.712     -.504764    .7387448
                       _cons |   .1184325   1.425989     0.08   0.934    -2.676455     2.91332
----------------------------------------------------------------------------------------------

. 
end of do-file

. do "C:\Users\istei\AppData\Local\Temp\STD1088_000000.tmp"

. probit survey_maint_2017_FS survey_maint_12m_BS $control $session_composition, robust

Iteration 0:   log pseudolikelihood = -33.503097  
Iteration 1:   log pseudolikelihood = -28.073828  
Iteration 2:   log pseudolikelihood = -27.931488  
Iteration 3:   log pseudolikelihood =  -27.93118  
Iteration 4:   log pseudolikelihood =  -27.93118  

Probit regression                               Number of obs     =         56
                                                Wald chi2(10)     =      12.19
                                                Prob > chi2       =     0.2725
Log pseudolikelihood =  -27.93118               Pseudo R2         =     0.1663

----------------------------------------------------------------------------------------------
                             |               Robust
        survey_maint_2017_FS |      Coef.   Std. Err.      z    P>|z|     [95% Conf. Interval]
-----------------------------+----------------------------------------------------------------
         survey_maint_12m_BS |   .2370247   .4028461     0.59   0.556    -.5525392    1.026589
                       No_HH |   .0010771   .0025248     0.43   0.670    -.0038715    .0060256
                    FES_site |   .5986844   .4269968     1.40   0.161     -.238214    1.435583
                    Shar_Lit |   .0276676   .0259045     1.07   0.285    -.0231043    .0784395
                   Shar_SCST |  -.0112769   .0140695    -0.80   0.423    -.0388527    .0162989
survey_dam_for_irrigation_FS |   .4470846   .3790376     1.18   0.238    -.2958154    1.189985
    share_female_percent3_BS |   .2852909   .1452183     1.96   0.049     .0006683    .5699135
                leader2_2_BS |   .2266208   .4789785     0.47   0.636    -.7121597    1.165401
                leader2_3_BS |  -.4642642   .4974201    -0.93   0.351     -1.43919    .5106612
             d_illiterate_BS |   .5277284   .3917265     1.35   0.178    -.2400414    1.295498
                       _cons |  -1.619211   2.104544    -0.77   0.442    -5.744041     2.50562
----------------------------------------------------------------------------------------------

. 
end of do-file

. tab treatment

          0 |
 treatment_ |      Freq.     Percent        Cum.
------------+-----------------------------------
    Control |         28       33.33       33.33
      Games |         56       66.67      100.00
------------+-----------------------------------
      Total |         84      100.00

. do "C:\Users\istei\AppData\Local\Temp\STD1088_000000.tmp"

. *--------------------------------------------------------------------
. * SCRIPT: 02_analysis.do
. * PURPOSE: replicates most tables and figures and saves the results
. *--------------------------------------------------------------------
. 
. *--------------------------------------------------
. * STRUCTURE OF THE DO-FILE
. /*
>         1) Analysis Main Manuscript
>         2) Analysis Supplementary Online Materials
> */
. *--------------------------------------------------
. 
. *LOAD DATASET
. use "$working_ANALYSIS/processed/2023_03_Survey&Game_Wide.dta", clear

. 
. *----------------------------------------------------------------------
. 
.  
. * Setting globals
. {
. global control                          No_HH FES_site Shar_Lit Shar_SCST survey_dam_for_irrigation_FS
. global session_composition      share_female_percent3_BS leader2_2_BS leader2_3_BS d_illiterate_BS
. global session_composition2     share_female_percent2_BS leader2_2 leader2_2_BS leader2_3_BS d_illiterate
. d_illiterate_BS
command d_illiterate_BS is unrecognized
r(199);
. 
. *----------------------------------------------------------------------
. * PAPER IDEA
. * There is an effect of the workshops, it depends on female participation which is driven by whether there were female leaders were present
. * (1) +20pp maintenance, no effect on rules
. * (2) within games villages, we find that higher female participation
. * (3) 
. 
. 
. 
. *-----------------------------------------------------------
. *new 10.03.2023
. *-----------------------------------------------------------
. 
. bysort treatment: tab FES_site
. 
. tab site_ID if No_HH ==. //  236 
. tab site_ID if Shar_Lit ==. //  236 
. tab site_ID if Shar_SCST ==. //  236 
. 
. 
. tab Village if site_ID == 236 // Urdali (=control)
. 
. 
. pwcorr share_female_percent3 game_total_all game_total_gamerelated  com_outside_game
. reg com_outside_game share_female_percent3, robust
. r(199);

end of do-file

r(199);
. tab game_Facilitationteam

   Facilitator team during intervention |      Freq.     Percent        Cum.
----------------------------------------+-----------------------------------
         Chandrahas, Duche, Radha, Lara |          1        2.13        2.13
         Chandrahas, Radha, Duche, Lara |          1        2.13        4.26
      Duche, Chahandras, Shivraj, Sonja |          1        2.13        6.38
 Duche, Rajesh, Shivraj, Prasoon, Sonja |          1        2.13        8.51
        Prasoon, Shivraj, Rajesh, Sonja |          1        2.13       10.64
        Prasoon, Shrivaj, Rajesh, Sonja |          1        2.13       12.77
                Prasoon, Sonja, Shivraj |          1        2.13       14.89
              Radha Chadrahas and Duche |          1        2.13       17.02
  Radha Chandrahas Shivraj and VD Duche |          1        2.13       19.15
       Radha Chandrahas Sunit and Duche |          1        2.13       21.28
    Radha Chandrahas Sunit and VD Duche |          1        2.13       23.40
      Radha Rajesh Shivraj and VD Duche |          2        4.26       27.66
        Radha Rajesh Sumit and VD Duche |          1        2.13       29.79
              Radha Rajesh and VD Duche |          1        2.13       31.91
  Radha Shivraj Chandrahas and VD Duche |          1        2.13       34.04
      Radha Shivraj Rajesh and VD Duche |          8       17.02       51.06
       Radha Shivraj Sumit and VD Duche |          1        2.13       53.19
      Rajesh Shivraj Radha and VD Duche |          1        2.13       55.32
     Rajesh Shivraj Sanjay and VD Duche |          1        2.13       57.45
            Rajesh Shivraj and VD Duche |          1        2.13       59.57
         SHIVRAJ RADHA DUCHE AND SONIYA |          1        2.13       61.70
     Shivraj Rajesh Guljar and VD Duche |          1        2.13       63.83
    Shivraj Rajesh Premlal and VD Duche |          2        4.26       68.09
      Shivraj Rajesh Radha and VD Duche |          3        6.38       74.47
      Shivraj Rajesh Sumit and VD Duche |          3        6.38       80.85
            Shivraj Rajesh and VD Duche |          4        8.51       89.36
   Sonja, Duche, Chandrahas, Rada, Lara |          1        2.13       91.49
Sonja, Duche, Chandrahas, Shivraj, Ra.. |          1        2.13       93.62
Sonja, Prasoon, Shivraj, Abhisek, Raj.. |          1        2.13       95.74
         Thomas, Prasoon, Shivraj, Lara |          1        2.13       97.87
      duche, chandrahas, Sonja, shivraj |          1        2.13      100.00
----------------------------------------+-----------------------------------
                                  Total |         47      100.00

. do "C:\Users\istei\AppData\Local\Temp\STD1088_000000.tmp"

. reg survey_com_outside_game share_female_percent3, robust

Linear regression                               Number of obs     =         56
                                                F(1, 54)          =       0.59
                                                Prob > F          =     0.4474
                                                R-squared         =     0.0099
                                                Root MSE          =     .50145

------------------------------------------------------------------------------------------
                         |               Robust
 survey_com_outside_game |      Coef.   Std. Err.      t    P>|t|     [95% Conf. Interval]
-------------------------+----------------------------------------------------------------
share_female_percent3_BS |   .0283376   .0370284     0.77   0.447    -.0458997     .102575
                   _cons |   .3591731   .1133132     3.17   0.003     .1319938    .5863525
------------------------------------------------------------------------------------------

. 
end of do-file

. do "C:\Users\istei\AppData\Local\Temp\STD1088_000000.tmp"

. pwcorr share_female_percent3_BS game_total_all game_total_gamerelated  survey_com_outside_game

             | sha~3_BS game_t~l game_t~d survey~e
-------------+------------------------------------
share_f~3_BS |   1.0000 
game_total~l |  -0.3393   1.0000 
game_total~d |  -0.3454   0.9979   1.0000 
survey_com~e |   0.0995   0.1667   0.1710   1.0000 

. 
end of do-file

. do "C:\Users\istei\AppData\Local\Temp\STD1088_000000.tmp"

. reg survey_com_outside_game share_female_percent3, robust

Linear regression                               Number of obs     =         56
                                                F(1, 54)          =       0.59
                                                Prob > F          =     0.4474
                                                R-squared         =     0.0099
                                                Root MSE          =     .50145

------------------------------------------------------------------------------------------
                         |               Robust
 survey_com_outside_game |      Coef.   Std. Err.      t    P>|t|     [95% Conf. Interval]
-------------------------+----------------------------------------------------------------
share_female_percent3_BS |   .0283376   .0370284     0.77   0.447    -.0458997     .102575
                   _cons |   .3591731   .1133132     3.17   0.003     .1319938    .5863525
------------------------------------------------------------------------------------------

. 
end of do-file

. do "C:\Users\istei\AppData\Local\Temp\STD1088_000000.tmp"

. reg survey_com_outside_game share_female_percent3_BS, robust

Linear regression                               Number of obs     =         56
                                                F(1, 54)          =       0.59
                                                Prob > F          =     0.4474
                                                R-squared         =     0.0099
                                                Root MSE          =     .50145

------------------------------------------------------------------------------------------
                         |               Robust
 survey_com_outside_game |      Coef.   Std. Err.      t    P>|t|     [95% Conf. Interval]
-------------------------+----------------------------------------------------------------
share_female_percent3_BS |   .0283376   .0370284     0.77   0.447    -.0458997     .102575
                   _cons |   .3591731   .1133132     3.17   0.003     .1319938    .5863525
------------------------------------------------------------------------------------------

. 
end of do-file

. do "C:\Users\istei\AppData\Local\Temp\STD1088_000000.tmp"

. reg survey_com_outside_game share_female_percent2_BS, robust

Linear regression                               Number of obs     =         56
                                                F(1, 54)          =       0.59
                                                Prob > F          =     0.4474
                                                R-squared         =     0.0099
                                                Root MSE          =     .50145

------------------------------------------------------------------------------------------
                         |               Robust
 survey_com_outside_game |      Coef.   Std. Err.      t    P>|t|     [95% Conf. Interval]
-------------------------+----------------------------------------------------------------
share_female_percent2_BS |   .0028338   .0037028     0.77   0.447      -.00459    .0102575
                   _cons |   .3591731   .1133132     3.17   0.003     .1319938    .5863525
------------------------------------------------------------------------------------------

. 
end of do-file

. tab survey_activity_any_FS
no observations

. tab survey_activity_earthwall_BS
no observations

. tab survey_activity_earthwall_FS
no observations

. tab survey_activity_silt_BS
no observations

. tab survey_activity_silt_FS
no observations

. tab survey_maint_12m_BS

Maintenance |
  conducted |
 (Baseline) |      Freq.     Percent        Cum.
------------+-----------------------------------
          0 |         40       47.62       47.62
          1 |         44       52.38      100.00
------------+-----------------------------------
      Total |         84      100.00

. do "C:\Users\istei\AppData\Local\Temp\STD1088_000000.tmp"

. probit survey_rules_maint_all_FS treatment_BS survey_rules_maint_all_BS $control, vce(robust)

Iteration 0:   log pseudolikelihood = -25.026706  
Iteration 1:   log pseudolikelihood = -14.600228  
Iteration 2:   log pseudolikelihood = -13.693993  
Iteration 3:   log pseudolikelihood = -13.678135  
Iteration 4:   log pseudolikelihood = -13.678089  
Iteration 5:   log pseudolikelihood = -13.678089  

Probit regression                               Number of obs     =         45
                                                Wald chi2(7)      =      22.60
                                                Prob > chi2       =     0.0020
Log pseudolikelihood = -13.678089               Pseudo R2         =     0.4535

----------------------------------------------------------------------------------------------
                             |               Robust
   survey_rules_maint_all_FS |      Coef.   Std. Err.      z    P>|z|     [95% Conf. Interval]
-----------------------------+----------------------------------------------------------------
                treatment_BS |  -.6008976   .4441896    -1.35   0.176    -1.471493    .2696981
   survey_rules_maint_all_BS |   1.316907   .7611244     1.73   0.084    -.1748693    2.808684
                       No_HH |  -.0051834    .002544    -2.04   0.042    -.0101695   -.0001974
                    FES_site |  -2.343215   .6792935    -3.45   0.001    -3.674606   -1.011824
                    Shar_Lit |   .0222823   .0320933     0.69   0.487    -.0406194     .085184
                   Shar_SCST |   .0082157   .0122661     0.67   0.503    -.0158254    .0322568
survey_dam_for_irrigation_FS |   1.888169   .6733531     2.80   0.005     .5684213    3.207917
                       _cons |   .8075026   2.199873     0.37   0.714    -3.504169    5.119174
----------------------------------------------------------------------------------------------

. local r2_p= e(r2_p), vce(robust)
options not allowed
r(101);

end of do-file

r(101);

. do "C:\Users\istei\AppData\Local\Temp\STD1088_000000.tmp"

. probit survey_rules_maint_all_FS treatment_BS survey_rules_maint_all_BS $control, vce(robust)

Iteration 0:   log pseudolikelihood = -25.026706  
Iteration 1:   log pseudolikelihood = -14.600228  
Iteration 2:   log pseudolikelihood = -13.693993  
Iteration 3:   log pseudolikelihood = -13.678135  
Iteration 4:   log pseudolikelihood = -13.678089  
Iteration 5:   log pseudolikelihood = -13.678089  

Probit regression                               Number of obs     =         45
                                                Wald chi2(7)      =      22.60
                                                Prob > chi2       =     0.0020
Log pseudolikelihood = -13.678089               Pseudo R2         =     0.4535

----------------------------------------------------------------------------------------------
                             |               Robust
   survey_rules_maint_all_FS |      Coef.   Std. Err.      z    P>|z|     [95% Conf. Interval]
-----------------------------+----------------------------------------------------------------
                treatment_BS |  -.6008976   .4441896    -1.35   0.176    -1.471493    .2696981
   survey_rules_maint_all_BS |   1.316907   .7611244     1.73   0.084    -.1748693    2.808684
                       No_HH |  -.0051834    .002544    -2.04   0.042    -.0101695   -.0001974
                    FES_site |  -2.343215   .6792935    -3.45   0.001    -3.674606   -1.011824
                    Shar_Lit |   .0222823   .0320933     0.69   0.487    -.0406194     .085184
                   Shar_SCST |   .0082157   .0122661     0.67   0.503    -.0158254    .0322568
survey_dam_for_irrigation_FS |   1.888169   .6733531     2.80   0.005     .5684213    3.207917
                       _cons |   .8075026   2.199873     0.37   0.714    -3.504169    5.119174
----------------------------------------------------------------------------------------------

. local r2_p= e(r2_p)

. eststo treatment3:  margins, dydx(*) post

Average marginal effects                        Number of obs     =         45
Model VCE    : Robust

Expression   : Pr(survey_rules_maint_all_FS), predict()
dy/dx w.r.t. : treatment_BS survey_rules_maint_all_BS No_HH FES_site Shar_Lit Shar_SCST survey_dam_for_irrigation_FS

----------------------------------------------------------------------------------------------
                             |            Delta-method
                             |      dy/dx   Std. Err.      z    P>|z|     [95% Conf. Interval]
-----------------------------+----------------------------------------------------------------
                treatment_BS |  -.1010777   .0826872    -1.22   0.222    -.2631416    .0609861
   survey_rules_maint_all_BS |   .2215186   .1113705     1.99   0.047     .0032364    .4398008
                       No_HH |  -.0008719   .0004722    -1.85   0.065    -.0017975    .0000536
                    FES_site |   -.394155   .0932284    -4.23   0.000    -.5768793   -.2114307
                    Shar_Lit |   .0037481    .005483     0.68   0.494    -.0069983    .0144946
                   Shar_SCST |    .001382   .0019965     0.69   0.489     -.002531     .005295
survey_dam_for_irrigation_FS |   .3176113   .0689977     4.60   0.000     .1823782    .4528443
----------------------------------------------------------------------------------------------

. estadd scalar r2_p = `r2_p'

added scalar:
               e(r2_p) =  .4534603

. 
end of do-file

. do "C:\Users\istei\AppData\Local\Temp\STD1088_000000.tmp"

. probit survey_rules_maint_all_FS treatment_BS survey_rules_maint_all_BS $control, vce(robust)

Iteration 0:   log pseudolikelihood = -25.026706  
Iteration 1:   log pseudolikelihood = -14.600228  
Iteration 2:   log pseudolikelihood = -13.693993  
Iteration 3:   log pseudolikelihood = -13.678135  
Iteration 4:   log pseudolikelihood = -13.678089  
Iteration 5:   log pseudolikelihood = -13.678089  

Probit regression                               Number of obs     =         45
                                                Wald chi2(7)      =      22.60
                                                Prob > chi2       =     0.0020
Log pseudolikelihood = -13.678089               Pseudo R2         =     0.4535

----------------------------------------------------------------------------------------------
                             |               Robust
   survey_rules_maint_all_FS |      Coef.   Std. Err.      z    P>|z|     [95% Conf. Interval]
-----------------------------+----------------------------------------------------------------
                treatment_BS |  -.6008976   .4441896    -1.35   0.176    -1.471493    .2696981
   survey_rules_maint_all_BS |   1.316907   .7611244     1.73   0.084    -.1748693    2.808684
                       No_HH |  -.0051834    .002544    -2.04   0.042    -.0101695   -.0001974
                    FES_site |  -2.343215   .6792935    -3.45   0.001    -3.674606   -1.011824
                    Shar_Lit |   .0222823   .0320933     0.69   0.487    -.0406194     .085184
                   Shar_SCST |   .0082157   .0122661     0.67   0.503    -.0158254    .0322568
survey_dam_for_irrigation_FS |   1.888169   .6733531     2.80   0.005     .5684213    3.207917
                       _cons |   .8075026   2.199873     0.37   0.714    -3.504169    5.119174
----------------------------------------------------------------------------------------------

. local r2_p= e(r2_p)

. eststo treatment4:  margins, dydx(*) post

Average marginal effects                        Number of obs     =         45
Model VCE    : Robust

Expression   : Pr(survey_rules_maint_all_FS), predict()
dy/dx w.r.t. : treatment_BS survey_rules_maint_all_BS No_HH FES_site Shar_Lit Shar_SCST survey_dam_for_irrigation_FS

----------------------------------------------------------------------------------------------
                             |            Delta-method
                             |      dy/dx   Std. Err.      z    P>|z|     [95% Conf. Interval]
-----------------------------+----------------------------------------------------------------
                treatment_BS |  -.1010777   .0826872    -1.22   0.222    -.2631416    .0609861
   survey_rules_maint_all_BS |   .2215186   .1113705     1.99   0.047     .0032364    .4398008
                       No_HH |  -.0008719   .0004722    -1.85   0.065    -.0017975    .0000536
                    FES_site |   -.394155   .0932284    -4.23   0.000    -.5768793   -.2114307
                    Shar_Lit |   .0037481    .005483     0.68   0.494    -.0069983    .0144946
                   Shar_SCST |    .001382   .0019965     0.69   0.489     -.002531     .005295
survey_dam_for_irrigation_FS |   .3176113   .0689977     4.60   0.000     .1823782    .4528443
----------------------------------------------------------------------------------------------

. estadd scalar r2_p= `r2_p'

added scalar:
               e(r2_p) =  .4534603

. 
end of do-file

. do "C:\Users\istei\AppData\Local\Temp\STD1088_000000.tmp"

. *maintenance
. probit survey_maint_2017_FS treatment_BS survey_maint_12m_BS, vce(robust)

Iteration 0:   log pseudolikelihood = -54.747551  
Iteration 1:   log pseudolikelihood = -50.686569  
Iteration 2:   log pseudolikelihood = -50.673484  
Iteration 3:   log pseudolikelihood = -50.673483  

Probit regression                               Number of obs     =         84
                                                Wald chi2(2)      =       7.48
                                                Prob > chi2       =     0.0238
Log pseudolikelihood = -50.673483               Pseudo R2         =     0.0744

--------------------------------------------------------------------------------------
                     |               Robust
survey_maint_2017_FS |      Coef.   Std. Err.      z    P>|z|     [95% Conf. Interval]
---------------------+----------------------------------------------------------------
        treatment_BS |   .5640697    .299312     1.88   0.059    -.0225711    1.150711
 survey_maint_12m_BS |    .607976   .2916971     2.08   0.037     .0362601    1.179692
               _cons |   -.303988   .2767365    -1.10   0.272    -.8463815    .2384056
--------------------------------------------------------------------------------------

. local r2_p= e(r2_p)

. eststo treatment1:  margins, dydx(*) post

Average marginal effects                        Number of obs     =         84
Model VCE    : Robust

Expression   : Pr(survey_maint_2017_FS), predict()
dy/dx w.r.t. : treatment_BS survey_maint_12m_BS

-------------------------------------------------------------------------------------
                    |            Delta-method
                    |      dy/dx   Std. Err.      z    P>|z|     [95% Conf. Interval]
--------------------+----------------------------------------------------------------
       treatment_BS |   .1940987   .0959112     2.02   0.043     .0061162    .3820811
survey_maint_12m_BS |    .209207   .0919223     2.28   0.023     .0290426    .3893714
-------------------------------------------------------------------------------------

. estadd scalar r2_p = `r2_p'

added scalar:
               e(r2_p) =  .07441553

. 
. probit survey_maint_2017_FS treatment_BS survey_maint_12m_BS $control, vce(robust)

Iteration 0:   log pseudolikelihood = -54.302378  
Iteration 1:   log pseudolikelihood = -47.880411  
Iteration 2:   log pseudolikelihood = -47.866711  
Iteration 3:   log pseudolikelihood = -47.866711  

Probit regression                               Number of obs     =         83
                                                Wald chi2(7)      =      11.74
                                                Prob > chi2       =     0.1093
Log pseudolikelihood = -47.866711               Pseudo R2         =     0.1185

----------------------------------------------------------------------------------------------
                             |               Robust
        survey_maint_2017_FS |      Coef.   Std. Err.      z    P>|z|     [95% Conf. Interval]
-----------------------------+----------------------------------------------------------------
                treatment_BS |   .6096168   .3196498     1.91   0.057    -.0168852    1.236119
         survey_maint_12m_BS |   .5904856   .3089218     1.91   0.056    -.0149901    1.195961
                       No_HH |  -.0010913   .0014365    -0.76   0.447    -.0039068    .0017241
                    FES_site |   .0612562   .3369852     0.18   0.856    -.5992227    .7217351
                    Shar_Lit |   .0171936   .0195623     0.88   0.379    -.0211478     .055535
                   Shar_SCST |  -.0156605    .008745    -1.79   0.073    -.0328004    .0014793
survey_dam_for_irrigation_FS |   .1169904   .3172275     0.37   0.712     -.504764    .7387448
                       _cons |   .1184325   1.425989     0.08   0.934    -2.676455     2.91332
----------------------------------------------------------------------------------------------

. local r2_p= e(r2_p)

. eststo treatment2:  margins, dydx(*) post

Average marginal effects                        Number of obs     =         83
Model VCE    : Robust

Expression   : Pr(survey_maint_2017_FS), predict()
dy/dx w.r.t. : treatment_BS survey_maint_12m_BS No_HH FES_site Shar_Lit Shar_SCST survey_dam_for_irrigation_FS

----------------------------------------------------------------------------------------------
                             |            Delta-method
                             |      dy/dx   Std. Err.      z    P>|z|     [95% Conf. Interval]
-----------------------------+----------------------------------------------------------------
                treatment_BS |    .199991   .0980867     2.04   0.041     .0077446    .3922375
         survey_maint_12m_BS |   .1937148   .0940361     2.06   0.039     .0094075    .3780222
                       No_HH |   -.000358   .0004645    -0.77   0.441    -.0012685    .0005525
                    FES_site |   .0200957   .1104538     0.18   0.856    -.1963897    .2365811
                    Shar_Lit |   .0056405    .006322     0.89   0.372    -.0067504    .0180314
                   Shar_SCST |  -.0051376   .0027227    -1.89   0.059     -.010474    .0001988
survey_dam_for_irrigation_FS |   .0383799   .1037738     0.37   0.712     -.165013    .2417728
----------------------------------------------------------------------------------------------

. estadd scalar r2_p= `r2_p'

added scalar:
               e(r2_p) =  .11851538

. 
. *rules
. probit survey_rules_maint_all_FS treatment_BS survey_rules_maint_all_BS $control, vce(robust)

Iteration 0:   log pseudolikelihood = -25.026706  
Iteration 1:   log pseudolikelihood = -14.600228  
Iteration 2:   log pseudolikelihood = -13.693993  
Iteration 3:   log pseudolikelihood = -13.678135  
Iteration 4:   log pseudolikelihood = -13.678089  
Iteration 5:   log pseudolikelihood = -13.678089  

Probit regression                               Number of obs     =         45
                                                Wald chi2(7)      =      22.60
                                                Prob > chi2       =     0.0020
Log pseudolikelihood = -13.678089               Pseudo R2         =     0.4535

----------------------------------------------------------------------------------------------
                             |               Robust
   survey_rules_maint_all_FS |      Coef.   Std. Err.      z    P>|z|     [95% Conf. Interval]
-----------------------------+----------------------------------------------------------------
                treatment_BS |  -.6008976   .4441896    -1.35   0.176    -1.471493    .2696981
   survey_rules_maint_all_BS |   1.316907   .7611244     1.73   0.084    -.1748693    2.808684
                       No_HH |  -.0051834    .002544    -2.04   0.042    -.0101695   -.0001974
                    FES_site |  -2.343215   .6792935    -3.45   0.001    -3.674606   -1.011824
                    Shar_Lit |   .0222823   .0320933     0.69   0.487    -.0406194     .085184
                   Shar_SCST |   .0082157   .0122661     0.67   0.503    -.0158254    .0322568
survey_dam_for_irrigation_FS |   1.888169   .6733531     2.80   0.005     .5684213    3.207917
                       _cons |   .8075026   2.199873     0.37   0.714    -3.504169    5.119174
----------------------------------------------------------------------------------------------

. local r2_p= e(r2_p)

. eststo treatment3:  margins, dydx(*) post

Average marginal effects                        Number of obs     =         45
Model VCE    : Robust

Expression   : Pr(survey_rules_maint_all_FS), predict()
dy/dx w.r.t. : treatment_BS survey_rules_maint_all_BS No_HH FES_site Shar_Lit Shar_SCST survey_dam_for_irrigation_FS

----------------------------------------------------------------------------------------------
                             |            Delta-method
                             |      dy/dx   Std. Err.      z    P>|z|     [95% Conf. Interval]
-----------------------------+----------------------------------------------------------------
                treatment_BS |  -.1010777   .0826872    -1.22   0.222    -.2631416    .0609861
   survey_rules_maint_all_BS |   .2215186   .1113705     1.99   0.047     .0032364    .4398008
                       No_HH |  -.0008719   .0004722    -1.85   0.065    -.0017975    .0000536
                    FES_site |   -.394155   .0932284    -4.23   0.000    -.5768793   -.2114307
                    Shar_Lit |   .0037481    .005483     0.68   0.494    -.0069983    .0144946
                   Shar_SCST |    .001382   .0019965     0.69   0.489     -.002531     .005295
survey_dam_for_irrigation_FS |   .3176113   .0689977     4.60   0.000     .1823782    .4528443
----------------------------------------------------------------------------------------------

. estadd scalar r2_p = `r2_p'

added scalar:
               e(r2_p) =  .4534603

. 
. probit survey_rules_maint_all_FS treatment_BS survey_rules_maint_all_BS $control, vce(robust)

Iteration 0:   log pseudolikelihood = -25.026706  
Iteration 1:   log pseudolikelihood = -14.600228  
Iteration 2:   log pseudolikelihood = -13.693993  
Iteration 3:   log pseudolikelihood = -13.678135  
Iteration 4:   log pseudolikelihood = -13.678089  
Iteration 5:   log pseudolikelihood = -13.678089  

Probit regression                               Number of obs     =         45
                                                Wald chi2(7)      =      22.60
                                                Prob > chi2       =     0.0020
Log pseudolikelihood = -13.678089               Pseudo R2         =     0.4535

----------------------------------------------------------------------------------------------
                             |               Robust
   survey_rules_maint_all_FS |      Coef.   Std. Err.      z    P>|z|     [95% Conf. Interval]
-----------------------------+----------------------------------------------------------------
                treatment_BS |  -.6008976   .4441896    -1.35   0.176    -1.471493    .2696981
   survey_rules_maint_all_BS |   1.316907   .7611244     1.73   0.084    -.1748693    2.808684
                       No_HH |  -.0051834    .002544    -2.04   0.042    -.0101695   -.0001974
                    FES_site |  -2.343215   .6792935    -3.45   0.001    -3.674606   -1.011824
                    Shar_Lit |   .0222823   .0320933     0.69   0.487    -.0406194     .085184
                   Shar_SCST |   .0082157   .0122661     0.67   0.503    -.0158254    .0322568
survey_dam_for_irrigation_FS |   1.888169   .6733531     2.80   0.005     .5684213    3.207917
                       _cons |   .8075026   2.199873     0.37   0.714    -3.504169    5.119174
----------------------------------------------------------------------------------------------

. local r2_p= e(r2_p)

. eststo treatment4:  margins, dydx(*) post

Average marginal effects                        Number of obs     =         45
Model VCE    : Robust

Expression   : Pr(survey_rules_maint_all_FS), predict()
dy/dx w.r.t. : treatment_BS survey_rules_maint_all_BS No_HH FES_site Shar_Lit Shar_SCST survey_dam_for_irrigation_FS

----------------------------------------------------------------------------------------------
                             |            Delta-method
                             |      dy/dx   Std. Err.      z    P>|z|     [95% Conf. Interval]
-----------------------------+----------------------------------------------------------------
                treatment_BS |  -.1010777   .0826872    -1.22   0.222    -.2631416    .0609861
   survey_rules_maint_all_BS |   .2215186   .1113705     1.99   0.047     .0032364    .4398008
                       No_HH |  -.0008719   .0004722    -1.85   0.065    -.0017975    .0000536
                    FES_site |   -.394155   .0932284    -4.23   0.000    -.5768793   -.2114307
                    Shar_Lit |   .0037481    .005483     0.68   0.494    -.0069983    .0144946
                   Shar_SCST |    .001382   .0019965     0.69   0.489     -.002531     .005295
survey_dam_for_irrigation_FS |   .3176113   .0689977     4.60   0.000     .1823782    .4528443
----------------------------------------------------------------------------------------------

. estadd scalar r2_p= `r2_p'

added scalar:
               e(r2_p) =  .4534603

. 
. *conflict
. probit survey_conflicts_any_FS treatment_BS survey_conflicts_any_BS, vce(robust)
variable survey_conflicts_any_FS not found
r(111);

end of do-file

r(111);

. do "C:\Users\istei\AppData\Local\Temp\STD1088_000000.tmp"

. egen survey_conflicts_any_FS = rowmax(survey_conflict_alloc_FS survey_conflict_maint_FS survey_conflict_oper_FS)

. 
end of do-file

. do "C:\Users\istei\AppData\Local\Temp\STD1088_000000.tmp"

. *conflict
. probit survey_conflicts_any_FS treatment_BS survey_conflicts_any_BS, vce(robust)

Iteration 0:   log pseudolikelihood = -34.773904  
Iteration 1:   log pseudolikelihood = -34.166865  
Iteration 2:   log pseudolikelihood =  -34.16313  
Iteration 3:   log pseudolikelihood = -34.163129  

Probit regression                               Number of obs     =         76
                                                Wald chi2(2)      =       1.45
                                                Prob > chi2       =     0.4851
Log pseudolikelihood = -34.163129               Pseudo R2         =     0.0176

-----------------------------------------------------------------------------------------
                        |               Robust
survey_conflicts_any_FS |      Coef.   Std. Err.      z    P>|z|     [95% Conf. Interval]
------------------------+----------------------------------------------------------------
           treatment_BS |   .3901113   .3722917     1.05   0.295     -.339567     1.11979
survey_conflicts_any_BS |   .3969613   .7399878     0.54   0.592    -1.053388    1.847311
                  _cons |  -1.246998   .3146739    -3.96   0.000    -1.863748   -.6302488
-----------------------------------------------------------------------------------------

. local r2_p= e(r2_p)

. eststo treatment5:  margins, dydx(*) post

Average marginal effects                        Number of obs     =         76
Model VCE    : Robust

Expression   : Pr(survey_conflicts_any_FS), predict()
dy/dx w.r.t. : treatment_BS survey_conflicts_any_BS

-----------------------------------------------------------------------------------------
                        |            Delta-method
                        |      dy/dx   Std. Err.      z    P>|z|     [95% Conf. Interval]
------------------------+----------------------------------------------------------------
           treatment_BS |    .097214   .0927104     1.05   0.294     -.084495    .2789231
survey_conflicts_any_BS |    .098921   .1846036     0.54   0.592    -.2628953    .4607374
-----------------------------------------------------------------------------------------

. estadd scalar r2_p = `r2_p'

added scalar:
               e(r2_p) =  .01756418

. 
. probit survey_conflicts_any_FS treatment_BS survey_conflicts_any_BS $control, vce(robust)

Iteration 0:   log pseudolikelihood = -34.773904  
Iteration 1:   log pseudolikelihood = -29.284748  
Iteration 2:   log pseudolikelihood = -28.829968  
Iteration 3:   log pseudolikelihood = -28.825578  
Iteration 4:   log pseudolikelihood = -28.825578  

Probit regression                               Number of obs     =         76
                                                Wald chi2(7)      =      15.12
                                                Prob > chi2       =     0.0345
Log pseudolikelihood = -28.825578               Pseudo R2         =     0.1711

----------------------------------------------------------------------------------------------
                             |               Robust
     survey_conflicts_any_FS |      Coef.   Std. Err.      z    P>|z|     [95% Conf. Interval]
-----------------------------+----------------------------------------------------------------
                treatment_BS |   .5750033    .349344     1.65   0.100    -.1096984    1.259705
     survey_conflicts_any_BS |   .7648464   .6852569     1.12   0.264    -.5782326    2.107925
                       No_HH |   .0045488   .0017838     2.55   0.011     .0010527     .008045
                    FES_site |    .782392   .4057551     1.93   0.054    -.0128734    1.577657
                    Shar_Lit |   .0261426   .0237886     1.10   0.272    -.0204821    .0727674
                   Shar_SCST |   .0174169   .0123979     1.40   0.160    -.0068826    .0417164
survey_dam_for_irrigation_FS |   .5536807   .3793576     1.46   0.144    -.1898464    1.297208
                       _cons |  -5.821878    2.03625    -2.86   0.004    -9.812854   -1.830901
----------------------------------------------------------------------------------------------

. local r2_p= e(r2_p)

. eststo treatment6:  margins, dydx(*) post

Average marginal effects                        Number of obs     =         76
Model VCE    : Robust

Expression   : Pr(survey_conflicts_any_FS), predict()
dy/dx w.r.t. : treatment_BS survey_conflicts_any_BS No_HH FES_site Shar_Lit Shar_SCST survey_dam_for_irrigation_FS

----------------------------------------------------------------------------------------------
                             |            Delta-method
                             |      dy/dx   Std. Err.      z    P>|z|     [95% Conf. Interval]
-----------------------------+----------------------------------------------------------------
                treatment_BS |    .120706   .0779969     1.55   0.122     -.032165     .273577
     survey_conflicts_any_BS |   .1605583   .1471985     1.09   0.275    -.1279455    .4490621
                       No_HH |   .0009549   .0003736     2.56   0.011     .0002226    .0016872
                    FES_site |   .1642415   .0903113     1.82   0.069    -.0127654    .3412484
                    Shar_Lit |   .0054879   .0049303     1.11   0.266    -.0041753    .0151511
                   Shar_SCST |   .0036562   .0025851     1.41   0.157    -.0014106     .008723
survey_dam_for_irrigation_FS |   .1162299   .0756535     1.54   0.124    -.0320482    .2645081
----------------------------------------------------------------------------------------------

. estadd scalar r2_p= `r2_p'

added scalar:
               e(r2_p) =  .17105721

. 
. *plot coefficients
. coefplot (treatment2) (treatment4) (treatment6),  keep(treatment_BS) title("{bf: A} Game Impact") subtitle(, nobox margin(tiny) justification(center)  bmargin(to
> p)) coeflabels(treatment  = "Treated (=1)") xline(0, lpattern(dash) lcolor(gs3))  xtitle("Regression estimated impact in pp relative to control")   msymbol(d) ms
> ize(4pt) xla(-.3(.1).3, nogrid) grid(none)  levels(95 90) ciopts(lwidth(0.8 2)  lcolor(*1 *.3) recast(rcap)) mlabel(cond(@pval<.01, "***", cond(@pval<.05, "**", 
> cond(@pval<.1, "*", "")))) mlabsize(5pt) mlabposition(12) mlabgap(-0.2) legend(order(3 "Dam Maintenance (=1)" 6 "Dam rule exists (=1)" 9 "Conflict around dam (=1
> )") pos(6) ring(1) rows(2))
(note:  named style medthin not found in class linestyle, default attributes used)

. 
end of do-file

. pwcorr survey_rules_maint_BS survey_rules_maint_all_BS

             | survey.. survey..
-------------+------------------
s~s_maint_BS |   1.0000 
sur~t_all_BS |   0.7398   1.0000 

. pwcorr survey_rules_maint_BS survey_rules_maint_all_FS

             | survey.. ~_all_FS
-------------+------------------
s~s_maint_BS |   1.0000 
surv~_all_FS |   0.1228   1.0000 

. pwcorr survey_rules_maint_all_FS survey_rules_maint_FS

             | ~_all_FS survey..
-------------+------------------
surv~_all_FS |   1.0000 
s~s_maint_FS |   0.1009   1.0000 

. do "C:\Users\istei\AppData\Local\Temp\STD1088_000000.tmp"

. *rules
. probit survey_rules_maint_FS treatment_BS survey_rules_maint_all_BS, vce(robust)

Iteration 0:   log pseudolikelihood =  -50.42516  
Iteration 1:   log pseudolikelihood = -50.335961  
Iteration 2:   log pseudolikelihood = -50.335955  
Iteration 3:   log pseudolikelihood = -50.335955  

Probit regression                               Number of obs     =         82
                                                Wald chi2(2)      =       0.17
                                                Prob > chi2       =     0.9168
Log pseudolikelihood = -50.335955               Pseudo R2         =     0.0018

-------------------------------------------------------------------------------------------
                          |               Robust
    survey_rules_maint_FS |      Coef.   Std. Err.      z    P>|z|     [95% Conf. Interval]
--------------------------+----------------------------------------------------------------
             treatment_BS |    .082354   .3099336     0.27   0.790    -.5251047    .6898128
survey_rules_maint_all_BS |   .1067006   .3315919     0.32   0.748    -.5432076    .7566089
                    _cons |  -.5929095   .2678938    -2.21   0.027    -1.117972   -.0678474
-------------------------------------------------------------------------------------------

. local r2_p= e(r2_p)

. eststo treatment3:  margins, dydx(*) post

Average marginal effects                        Number of obs     =         82
Model VCE    : Robust

Expression   : Pr(survey_rules_maint_FS), predict()
dy/dx w.r.t. : treatment_BS survey_rules_maint_all_BS

-------------------------------------------------------------------------------------------
                          |            Delta-method
                          |      dy/dx   Std. Err.      z    P>|z|     [95% Conf. Interval]
--------------------------+----------------------------------------------------------------
             treatment_BS |   .0287879   .1082067     0.27   0.790    -.1832934    .2408692
survey_rules_maint_all_BS |   .0372986   .1156999     0.32   0.747    -.1894691    .2640663
-------------------------------------------------------------------------------------------

. estadd scalar r2_p = `r2_p'

added scalar:
               e(r2_p) =  .00176907

. 
. probit survey_rules_maint_FS treatment_BS survey_rules_maint_all_BS $control, vce(robust)

Iteration 0:   log pseudolikelihood = -49.223167  
Iteration 1:   log pseudolikelihood = -47.019889  
Iteration 2:   log pseudolikelihood = -47.003858  
Iteration 3:   log pseudolikelihood = -47.003855  

Probit regression                               Number of obs     =         81
                                                Wald chi2(7)      =       3.51
                                                Prob > chi2       =     0.8340
Log pseudolikelihood = -47.003855               Pseudo R2         =     0.0451

----------------------------------------------------------------------------------------------
                             |               Robust
       survey_rules_maint_FS |      Coef.   Std. Err.      z    P>|z|     [95% Conf. Interval]
-----------------------------+----------------------------------------------------------------
                treatment_BS |   .1715588   .3324023     0.52   0.606    -.4799378    .8230554
   survey_rules_maint_all_BS |   .0439057   .3500725     0.13   0.900    -.6422237    .7300352
                       No_HH |  -.0021208   .0016688    -1.27   0.204    -.0053916      .00115
                    FES_site |    .020936   .3155213     0.07   0.947    -.5974744    .6393464
                    Shar_Lit |   .0060492   .0191206     0.32   0.752    -.0314265     .043525
                   Shar_SCST |   -.003788   .0085411    -0.44   0.657    -.0205282    .0129522
survey_dam_for_irrigation_FS |  -.4165285   .3351585    -1.24   0.214    -1.073427      .24037
                       _cons |  -.1820813   1.339088    -0.14   0.892    -2.806646    2.442484
----------------------------------------------------------------------------------------------

. local r2_p= e(r2_p)

. eststo treatment4:  margins, dydx(*) post

Average marginal effects                        Number of obs     =         81
Model VCE    : Robust

Expression   : Pr(survey_rules_maint_FS), predict()
dy/dx w.r.t. : treatment_BS survey_rules_maint_all_BS No_HH FES_site Shar_Lit Shar_SCST survey_dam_for_irrigation_FS

----------------------------------------------------------------------------------------------
                             |            Delta-method
                             |      dy/dx   Std. Err.      z    P>|z|     [95% Conf. Interval]
-----------------------------+----------------------------------------------------------------
                treatment_BS |   .0567264   .1095577     0.52   0.605    -.1580027    .2714556
   survey_rules_maint_all_BS |   .0145176   .1156758     0.13   0.900    -.2122028    .2412379
                       No_HH |  -.0007013   .0005349    -1.31   0.190    -.0017497    .0003472
                    FES_site |   .0069225   .1042346     0.07   0.947    -.1973736    .2112187
                    Shar_Lit |   .0020002    .006306     0.32   0.751    -.0103593    .0143597
                   Shar_SCST |  -.0012525   .0028046    -0.45   0.655    -.0067494    .0042443
survey_dam_for_irrigation_FS |  -.1377264   .1074487    -1.28   0.200    -.3483219    .0728692
----------------------------------------------------------------------------------------------

. estadd scalar r2_p= `r2_p'

added scalar:
               e(r2_p) =  .04508675

. 
end of do-file

. do "C:\Users\istei\AppData\Local\Temp\STD1088_000000.tmp"

. *plot coefficients
. coefplot (treatment2) (treatment4) (treatment6),  keep(treatment_BS) title("{bf: A} Game Impact") subtitle(, nobox margin(tiny) justification(center)  bmargin(to
> p)) coeflabels(treatment  = "Treated (=1)") xline(0, lpattern(dash) lcolor(gs3))  xtitle("Regression estimated impact in pp relative to control")   msymbol(d) ms
> ize(4pt) xla(-.3(.1).3, nogrid) grid(none)  levels(95 90) ciopts(lwidth(0.8 2)  lcolor(*1 *.3) recast(rcap)) mlabel(cond(@pval<.01, "***", cond(@pval<.05, "**", 
> cond(@pval<.1, "*", "")))) mlabsize(5pt) mlabposition(12) mlabgap(-0.2) legend(order(3 "Dam Maintenance (=1)" 6 "Dam rule exists (=1)" 9 "Conflict around dam (=1
> )") pos(6) ring(1) rows(2))

. gr save "$working_ANALYSIS/results/intermediate/figure1_a.gph", replace
(file D:\OneDrive\Promotion\1_Projects\Games for Sustainability\analysis/results/intermediate/figure1_a.gph saved)

. 
. 
end of do-file

. help dropmiss

. help dropmiss

. do "C:\Users\istei\AppData\Local\Temp\STD1088_000000.tmp"

. cap mkdir "$working_ANALYSIS/scripts/libraries\stata"

. net set ado "$working_ANALYSIS/scripts/libraries\stata"

. 
end of do-file

. ssc install dropmiss
ssc install: "dropmiss" not found at SSC, type search dropmiss
(To find all packages at SSC that start with d, type ssc describe d)
r(601);

. search dropmiss

. help dropmiss

. do "C:\Users\istei\AppData\Local\Temp\STD1088_000000.tmp"

. *LOAD DATASET
. use "$working_ANALYSIS/processed/2023_03_Survey&Game_Wide.dta", clear

. 
. *drop variables with all missings
. dropmiss
(game_av_inv_vill_R6_10 survey_CWRgroup_already_FS survey_CWRgroup_new_FS survey_activity_any_FS survey_activity_earthwall_BS survey_activity_earthwall_FS
survey_activity_mainwall_BS survey_activity_mainwall_FS survey_activity_silt_BS survey_activity_silt_FS survey_activity_sluicegate_BS survey_activity_sluicegate_FS
survey_activity_vege_BS survey_activity_vege_FS survey_benefit_agri_BS survey_change_benefit_FS survey_collact_new_FS survey_compay_community_FS
survey_compay_equal_FS survey_compay_leader_FS survey_compay_otheruser_FS survey_cwr_bori_FS survey_cwr_dam_FS survey_cwr_other_FS survey_cwr_pond_FS
survey_indipay_comm_FS survey_indipay_equally_FS survey_indipay_other_FS survey_indipayn_notspent_FS survey_interview_others_BS survey_interview_others_FS
survey_interview_waterua_BS survey_interview_waterua_FS survey_rules_alloc_BS survey_rules_alloc_FS survey_rules_extr_alloc_BS survey_rules_extr_alloc_FS
survey_rules_extr_opre_BS survey_rules_extr_opre_FS survey_rules_extr_other_BS survey_rules_extr_other_FS survey_rules_old_all_BS survey_rules_old_alloc_BS
survey_rules_old_maint_BS survey_rules_old_oper_BS survey_rules_old_other_BS survey_rules_oper_BS survey_rules_oper_FS survey_rules_other_BS survey_rules_other_FS
dropped)

. 
end of do-file

. do "C:\Users\istei\AppData\Local\Temp\STD1088_000000.tmp"

. probit survey_maint_2017_FS survey_maint_12m_BS $control if treatment == 1, vce(robust)

Iteration 0:   log pseudolikelihood = -33.503097  
Iteration 1:   log pseudolikelihood = -30.264794  
Iteration 2:   log pseudolikelihood = -30.242173  
Iteration 3:   log pseudolikelihood = -30.242171  

Probit regression                               Number of obs     =         56
                                                Wald chi2(6)      =       4.72
                                                Prob > chi2       =     0.5801
Log pseudolikelihood = -30.242171               Pseudo R2         =     0.0973

----------------------------------------------------------------------------------------------
                             |               Robust
        survey_maint_2017_FS |      Coef.   Std. Err.      z    P>|z|     [95% Conf. Interval]
-----------------------------+----------------------------------------------------------------
         survey_maint_12m_BS |   .2086678   .3778404     0.55   0.581    -.5318858    .9492214
                       No_HH |   .0003425   .0023272     0.15   0.883    -.0042188    .0049037
                    FES_site |   .6110363    .442816     1.38   0.168    -.2568672     1.47894
                    Shar_Lit |   .0321091   .0257749     1.25   0.213    -.0184088    .0826269
                   Shar_SCST |  -.0085564   .0112214    -0.76   0.446    -.0305499    .0134371
survey_dam_for_irrigation_FS |   .3568292    .387003     0.92   0.357    -.4016828    1.115341
                       _cons |  -1.090933   1.892781    -0.58   0.564    -4.800715     2.61885
----------------------------------------------------------------------------------------------

. 
end of do-file

. do "C:\Users\istei\AppData\Local\Temp\STD1088_000000.tmp"

. probit survey_maint_2017_FS survey_maint_12m_BS $control $session_composition, robust

Iteration 0:   log pseudolikelihood = -33.503097  
Iteration 1:   log pseudolikelihood = -28.073828  
Iteration 2:   log pseudolikelihood = -27.931488  
Iteration 3:   log pseudolikelihood =  -27.93118  
Iteration 4:   log pseudolikelihood =  -27.93118  

Probit regression                               Number of obs     =         56
                                                Wald chi2(10)     =      12.19
                                                Prob > chi2       =     0.2725
Log pseudolikelihood =  -27.93118               Pseudo R2         =     0.1663

----------------------------------------------------------------------------------------------
                             |               Robust
        survey_maint_2017_FS |      Coef.   Std. Err.      z    P>|z|     [95% Conf. Interval]
-----------------------------+----------------------------------------------------------------
         survey_maint_12m_BS |   .2370247   .4028461     0.59   0.556    -.5525392    1.026589
                       No_HH |   .0010771   .0025248     0.43   0.670    -.0038715    .0060256
                    FES_site |   .5986844   .4269968     1.40   0.161     -.238214    1.435583
                    Shar_Lit |   .0276676   .0259045     1.07   0.285    -.0231043    .0784395
                   Shar_SCST |  -.0112769   .0140695    -0.80   0.423    -.0388527    .0162989
survey_dam_for_irrigation_FS |   .4470846   .3790376     1.18   0.238    -.2958154    1.189985
    share_female_percent3_BS |   .2852909   .1452183     1.96   0.049     .0006683    .5699135
                leader2_2_BS |   .2266208   .4789785     0.47   0.636    -.7121597    1.165401
                leader2_3_BS |  -.4642642   .4974201    -0.93   0.351     -1.43919    .5106612
             d_illiterate_BS |   .5277284   .3917265     1.35   0.178    -.2400414    1.295498
                       _cons |  -1.619211   2.104544    -0.77   0.442    -5.744041     2.50562
----------------------------------------------------------------------------------------------

. 
end of do-file

. tab game_almost_opt_inv_r10

Both groups |
   invested |
      about |
80-100 % in |
 last round |      Freq.     Percent        Cum.
------------+-----------------------------------
          0 |          4        7.14        7.14
          1 |         52       92.86      100.00
------------+-----------------------------------
      Total |         56      100.00

. tab game_agree_rule

   Total of |
     agreed |
   rules in |
village for |
      group |      Freq.     Percent        Cum.
------------+-----------------------------------
          5 |          1        1.79        1.79
         18 |          1        1.79        3.57
         23 |          1        1.79        5.36
         25 |          1        1.79        7.14
         26 |          2        3.57       10.71
         27 |          1        1.79       12.50
         30 |          2        3.57       16.07
         31 |          2        3.57       19.64
         33 |          2        3.57       23.21
         36 |          2        3.57       26.79
         37 |          5        8.93       35.71
         40 |          1        1.79       37.50
         41 |          3        5.36       42.86
         43 |          2        3.57       46.43
         44 |          4        7.14       53.57
         45 |          1        1.79       55.36
         46 |          1        1.79       57.14
         47 |          1        1.79       58.93
         48 |          1        1.79       60.71
         49 |          3        5.36       66.07
         51 |          2        3.57       69.64
         52 |          2        3.57       73.21
         54 |          2        3.57       76.79
         57 |          1        1.79       78.57
         58 |          1        1.79       80.36
         59 |          1        1.79       82.14
         60 |          2        3.57       85.71
         63 |          1        1.79       87.50
         65 |          2        3.57       91.07
         66 |          1        1.79       92.86
         68 |          2        3.57       96.43
         70 |          1        1.79       98.21
         82 |          1        1.79      100.00
------------+-----------------------------------
      Total |         56      100.00

. tab game_Facilitationteam game_agree_rule game_almost_opt_inv_r10
too many variables specified
r(103);

. tab game_Village

                 0 game_Village_ |      Freq.     Percent        Cum.
---------------------------------+-----------------------------------
                       Atarchuha |          1        1.79        1.79
                         Atariya |          1        1.79        3.57
                    Baghraudi FV |          1        1.79        5.36
                      Banijagoan |          1        1.79        7.14
                          Bariha |          1        1.79        8.93
                          Batwar |          1        1.79       10.71
                          Bhapsa |          1        1.79       12.50
                      Budhanwara |          1        1.79       14.29
                    Chandiya Ryt |          1        1.79       16.07
                      Changariya |          1        1.79       17.86
                     Chatuwakhar |          1        1.79       19.64
                           Deori |          1        1.79       21.43
                      Dhamangaon |          1        1.79       23.21
                  Dharampuri Mal |          1        1.79       25.00
                         Dilwara |          1        1.79       26.79
                           Dudka |          1        1.79       28.57
                        Dungaria |          1        1.79       30.36
              Dungariya Ramnagar |          1        1.79       32.14
                        Dungravt |          1        1.79       33.93
                            Fonk |          1        1.79       35.71
                           Ghont |          1        1.79       37.50
                           Gubri |          1        1.79       39.29
                        Gunegaon |          1        1.79       41.07
                        Gunehara |          1        1.79       42.86
                          Jhagul |          1        1.79       44.64
                          Jhulup |          1        1.79       46.43
                   Kanhari Kalan |          1        1.79       48.21
                   Kanhari Khurd |          1        1.79       50.00
                        Kata Mal |          1        1.79       51.79
                     Katanga Ryt |          1        1.79       53.57
                     Khalaudi FV |          1        1.79       55.36
                       Khamrauti |          1        1.79       57.14
                 Khatiya Narangi |          1        1.79       58.93
                       Khirahani |          1        1.79       60.71
                       Kosampani |          1        1.79       62.50
                          Magdha |          1        1.79       64.29
                        Manegaon |          1        1.79       66.07
                   Mangaveli Mal |          1        1.79       67.86
                   Mangaveli Ryt |          1        1.79       69.64
                    Manikpur Mal |          1        1.79       71.43
                      Manoharpur |          1        1.79       73.21
                        Medhatal |          1        1.79       75.00
                      Mubala_Mal |          1        1.79       76.79
                 Mulwalasani Ryt |          1        1.79       78.57
                        Padariya |          1        1.79       80.36
                            Rata |          1        1.79       82.14
              Samaiya Bhagpur FV |          1        1.79       83.93
                    Saradoli Mal |          1        1.79       85.71
                       Sarasdoli |          1        1.79       87.50
                           Sarhi |          1        1.79       89.29
                          Sautia |          1        1.79       91.07
                        Shahapur |          1        1.79       92.86
                         Taktuwa |          1        1.79       94.64
                          Thonda |          1        1.79       96.43
                          Tilari |          1        1.79       98.21
                      Umariya FV |          1        1.79      100.00
---------------------------------+-----------------------------------
                           Total |         56      100.00

. tab game_Facilitationteam

   Facilitator team during intervention |      Freq.     Percent        Cum.
----------------------------------------+-----------------------------------
         Chandrahas, Duche, Radha, Lara |          1        2.13        2.13
         Chandrahas, Radha, Duche, Lara |          1        2.13        4.26
      Duche, Chahandras, Shivraj, Sonja |          1        2.13        6.38
 Duche, Rajesh, Shivraj, Prasoon, Sonja |          1        2.13        8.51
        Prasoon, Shivraj, Rajesh, Sonja |          1        2.13       10.64
        Prasoon, Shrivaj, Rajesh, Sonja |          1        2.13       12.77
                Prasoon, Sonja, Shivraj |          1        2.13       14.89
              Radha Chadrahas and Duche |          1        2.13       17.02
  Radha Chandrahas Shivraj and VD Duche |          1        2.13       19.15
       Radha Chandrahas Sunit and Duche |          1        2.13       21.28
    Radha Chandrahas Sunit and VD Duche |          1        2.13       23.40
      Radha Rajesh Shivraj and VD Duche |          2        4.26       27.66
        Radha Rajesh Sumit and VD Duche |          1        2.13       29.79
              Radha Rajesh and VD Duche |          1        2.13       31.91
  Radha Shivraj Chandrahas and VD Duche |          1        2.13       34.04
      Radha Shivraj Rajesh and VD Duche |          8       17.02       51.06
       Radha Shivraj Sumit and VD Duche |          1        2.13       53.19
      Rajesh Shivraj Radha and VD Duche |          1        2.13       55.32
     Rajesh Shivraj Sanjay and VD Duche |          1        2.13       57.45
            Rajesh Shivraj and VD Duche |          1        2.13       59.57
         SHIVRAJ RADHA DUCHE AND SONIYA |          1        2.13       61.70
     Shivraj Rajesh Guljar and VD Duche |          1        2.13       63.83
    Shivraj Rajesh Premlal and VD Duche |          2        4.26       68.09
      Shivraj Rajesh Radha and VD Duche |          3        6.38       74.47
      Shivraj Rajesh Sumit and VD Duche |          3        6.38       80.85
            Shivraj Rajesh and VD Duche |          4        8.51       89.36
   Sonja, Duche, Chandrahas, Rada, Lara |          1        2.13       91.49
Sonja, Duche, Chandrahas, Shivraj, Ra.. |          1        2.13       93.62
Sonja, Prasoon, Shivraj, Abhisek, Raj.. |          1        2.13       95.74
         Thomas, Prasoon, Shivraj, Lara |          1        2.13       97.87
      duche, chandrahas, Sonja, shivraj |          1        2.13      100.00
----------------------------------------+-----------------------------------
                                  Total |         47      100.00

. tab game_dist_field_vill

    Average |
   distance |
    between |
participant |
   s fields |
 and dam in |
    village |      Freq.     Percent        Cum.
------------+-----------------------------------
   1.571429 |          1        1.79        1.79
        2.5 |          1        1.79        3.57
   2.571429 |          1        1.79        5.36
   2.642857 |          3        5.36       10.71
   2.785714 |          1        1.79       12.50
   2.833333 |          1        1.79       14.29
   2.857143 |          1        1.79       16.07
        3.5 |          1        1.79       17.86
   3.714286 |          1        1.79       19.64
   3.857143 |          1        1.79       21.43
   3.928571 |          1        1.79       23.21
          4 |          2        3.57       26.79
   4.071429 |          3        5.36       32.14
   4.214286 |          1        1.79       33.93
   4.538462 |          1        1.79       35.71
   4.642857 |          2        3.57       39.29
   4.714286 |          1        1.79       41.07
          5 |          1        1.79       42.86
   5.142857 |          1        1.79       44.64
   5.357143 |          1        1.79       46.43
        5.5 |          2        3.57       50.00
   5.571429 |          1        1.79       51.79
   5.642857 |          1        1.79       53.57
          6 |          1        1.79       55.36
   6.285714 |          1        1.79       57.14
   6.357143 |          1        1.79       58.93
   6.384615 |          1        1.79       60.71
   6.428571 |          1        1.79       62.50
   6.928571 |          1        1.79       64.29
   7.071429 |          1        1.79       66.07
   7.142857 |          1        1.79       67.86
   7.285714 |          1        1.79       69.64
   7.428571 |          1        1.79       71.43
   7.666667 |          1        1.79       73.21
   7.928571 |          1        1.79       75.00
          8 |          1        1.79       76.79
   8.384615 |          1        1.79       78.57
   8.846154 |          1        1.79       80.36
          9 |          1        1.79       82.14
   9.071428 |          1        1.79       83.93
   9.285714 |          1        1.79       85.71
         10 |          1        1.79       87.50
         11 |          1        1.79       89.29
   11.14286 |          1        1.79       91.07
   11.18182 |          1        1.79       92.86
   11.35714 |          1        1.79       94.64
   12.07143 |          1        1.79       96.43
       13.5 |          1        1.79       98.21
   13.84615 |          1        1.79      100.00
------------+-----------------------------------
      Total |         56      100.00

. tab game_total_fem

Total no of |
     female |
 players in |
    village |      Freq.     Percent        Cum.
------------+-----------------------------------
          0 |          3        5.36        5.36
          1 |          8       14.29       19.64
          2 |          7       12.50       32.14
          3 |         10       17.86       50.00
          4 |          5        8.93       58.93
          5 |         12       21.43       80.36
          6 |          5        8.93       89.29
          7 |          2        3.57       92.86
          8 |          2        3.57       96.43
          9 |          1        1.79       98.21
         14 |          1        1.79      100.00
------------+-----------------------------------
      Total |         56      100.00

. tab game_lead_facil

       Lead |
facilitator |
     during |
interventio |
          n |      Freq.     Percent        Cum.
------------+-----------------------------------
    Shivraj |         47       83.93       83.93
      Radha |          9       16.07      100.00
------------+-----------------------------------
      Total |         56      100.00

. tab game_optimal_inv_r8_10

Both groups |
   invested |
  optimally |
    in last |
      three |
     rounds |      Freq.     Percent        Cum.
------------+-----------------------------------
          0 |         56      100.00      100.00
------------+-----------------------------------
      Total |         56      100.00

. tab game_optimal_inv_r9_10

Both groups |
   invested |
  optimally |
in last two |
     rounds |      Freq.     Percent        Cum.
------------+-----------------------------------
          0 |         56      100.00      100.00
------------+-----------------------------------
      Total |         56      100.00

. tab game_optimal_inv_r10

Both groups |
   invested |
  optimally |
    in last |
      round |      Freq.     Percent        Cum.
------------+-----------------------------------
          0 |         21       37.50       37.50
          1 |         35       62.50      100.00
------------+-----------------------------------
      Total |         56      100.00

. tab game_opt_inv_r10

    Optimal |
 investment |
in round 10 |
    reached |
       by.. |      Freq.     Percent        Cum.
------------+-----------------------------------
          1 |          3        5.45        5.45
          2 |         17       30.91       36.36
          3 |         35       63.64      100.00
------------+-----------------------------------
      Total |         55      100.00

. tab game_overall_earning_vill

    Overall |
 earning of |
 village in |
 whole game |      Freq.     Percent        Cum.
------------+-----------------------------------
     625800 |          1        1.79        1.79
     629800 |          1        1.79        3.57
     656400 |          1        1.79        5.36
     775000 |          1        1.79        7.14
     793500 |          1        1.79        8.93
     814600 |          1        1.79       10.71
     814900 |          1        1.79       12.50
     829700 |          1        1.79       14.29
     853300 |          1        1.79       16.07
     876600 |          1        1.79       17.86
     889800 |          1        1.79       19.64
     902600 |          1        1.79       21.43
     904700 |          1        1.79       23.21
     907100 |          1        1.79       25.00
     913400 |          1        1.79       26.79
     915600 |          1        1.79       28.57
     920200 |          1        1.79       30.36
     922600 |          1        1.79       32.14
     938000 |          1        1.79       33.93
     938500 |          1        1.79       35.71
     953100 |          1        1.79       37.50
     968100 |          1        1.79       39.29
     971000 |          1        1.79       41.07
     998700 |          2        3.57       44.64
    1006800 |          1        1.79       46.43
    1028500 |          1        1.79       48.21
    1033400 |          1        1.79       50.00
    1059900 |          1        1.79       51.79
    1084600 |          1        1.79       53.57
    1088600 |          1        1.79       55.36
    1135700 |          1        1.79       57.14
    1151800 |          1        1.79       58.93
    1153200 |          1        1.79       60.71
    1161300 |          1        1.79       62.50
    1167900 |          1        1.79       64.29
    1178500 |          1        1.79       66.07
    1203500 |          1        1.79       67.86
    1209100 |          1        1.79       69.64
    1212800 |          1        1.79       71.43
    1216300 |          1        1.79       73.21
    1250000 |          1        1.79       75.00
    1255800 |          1        1.79       76.79
    1277200 |          1        1.79       78.57
    1285000 |          1        1.79       80.36
    1297900 |          1        1.79       82.14
    1311200 |          1        1.79       83.93
    1439000 |          1        1.79       85.71
    1440600 |          1        1.79       87.50
    1495400 |          1        1.79       89.29
    1522100 |          1        1.79       91.07
    1523800 |          1        1.79       92.86
    1541400 |          1        1.79       94.64
    1573200 |          1        1.79       96.43
    1648700 |          1        1.79       98.21
    1666500 |          1        1.79      100.00
------------+-----------------------------------
      Total |         56      100.00

. tab game_payment_announcement

Payment was announced |
           in village |      Freq.     Percent        Cum.
----------------------+-----------------------------------
Payment not announced |         30       53.57       53.57
    Payment announced |         26       46.43      100.00
----------------------+-----------------------------------
                Total |         56      100.00

. tab game_played

 0 game_played_ |      Freq.     Percent        Cum.
----------------+-----------------------------------
Game not played |         28       33.33       33.33
    Game played |         56       66.67      100.00
----------------+-----------------------------------
          Total |         84      100.00

. tab game_played_FS_

 1 game_played_ |      Freq.     Percent        Cum.
----------------+-----------------------------------
Game not played |         28       33.33       33.33
    Game played |         56       66.67      100.00
----------------+-----------------------------------
          Total |         84      100.00

. tab  game_praises

   Total of |
 praises in |
village for |
      group |      Freq.     Percent        Cum.
------------+-----------------------------------
          0 |          1        1.79        1.79
          1 |          4        7.14        8.93
          2 |          7       12.50       21.43
          3 |          3        5.36       26.79
          4 |          2        3.57       30.36
          5 |          2        3.57       33.93
          6 |          2        3.57       37.50
          7 |          1        1.79       39.29
          8 |          3        5.36       44.64
          9 |          4        7.14       51.79
         10 |          3        5.36       57.14
         11 |          2        3.57       60.71
         12 |          3        5.36       66.07
         13 |          2        3.57       69.64
         15 |          2        3.57       73.21
         16 |          2        3.57       76.79
         17 |          1        1.79       78.57
         19 |          3        5.36       83.93
         21 |          2        3.57       87.50
         22 |          1        1.79       89.29
         23 |          1        1.79       91.07
         24 |          3        5.36       96.43
         26 |          1        1.79       98.21
         27 |          1        1.79      100.00
------------+-----------------------------------
      Total |         56      100.00

. tab game_propose_rule

   Total of |
   proposed |
   rules in |
village for |
      group |      Freq.     Percent        Cum.
------------+-----------------------------------
          4 |          1        1.79        1.79
         14 |          1        1.79        3.57
         17 |          1        1.79        5.36
         20 |          3        5.36       10.71
         22 |          7       12.50       23.21
         23 |          3        5.36       28.57
         24 |          3        5.36       33.93
         25 |          4        7.14       41.07
         26 |          3        5.36       46.43
         27 |          3        5.36       51.79
         28 |          1        1.79       53.57
         29 |          5        8.93       62.50
         30 |          2        3.57       66.07
         31 |          4        7.14       73.21
         32 |          1        1.79       75.00
         33 |          1        1.79       76.79
         34 |          1        1.79       78.57
         35 |          2        3.57       82.14
         36 |          1        1.79       83.93
         37 |          2        3.57       87.50
         38 |          2        3.57       91.07
         41 |          1        1.79       92.86
         42 |          1        1.79       94.64
         43 |          1        1.79       96.43
         46 |          1        1.79       98.21
         49 |          1        1.79      100.00
------------+-----------------------------------
      Total |         56      100.00

. tab game_reci_wat_vill

   Total of |
participant |
     s that |
   received |
 water from |
village dam |      Freq.     Percent        Cum.
------------+-----------------------------------
          0 |         22       39.29       39.29
          1 |         10       17.86       57.14
          2 |          5        8.93       66.07
          3 |          7       12.50       78.57
          4 |          1        1.79       80.36
          5 |          1        1.79       82.14
          6 |          1        1.79       83.93
          7 |          1        1.79       85.71
          8 |          5        8.93       94.64
          9 |          1        1.79       96.43
         11 |          1        1.79       98.21
         12 |          1        1.79      100.00
------------+-----------------------------------
      Total |         56      100.00

. tab game_reward

   Total of |
   proposed |
  reward in |
    village |
      group |      Freq.     Percent        Cum.
------------+-----------------------------------
          0 |         38       67.86       67.86
          1 |          3        5.36       73.21
          2 |          2        3.57       76.79
          3 |          1        1.79       78.57
          4 |          5        8.93       87.50
          5 |          3        5.36       92.86
          7 |          1        1.79       94.64
          9 |          2        3.57       98.21
         11 |          1        1.79      100.00
------------+-----------------------------------
      Total |         56      100.00

. do "C:\Users\istei\AppData\Local\Temp\STD1088_000000.tmp"

. global session_composition      share_female_percent3_BS leader2_2_BS leader2_3_BS d_illiterate_BS game_dist_field_vill

. global session_composition2     share_female_percent2_BS leader2_2 leader2_2_BS leader2_3_BS d_illiterate game_dist_field_vill

. d_illiterate_BS
command d_illiterate_BS is unrecognized
r(199);

end of do-file

r(199);

. do "C:\Users\istei\AppData\Local\Temp\STD1088_000000.tmp"

. {
. global control                          No_HH FES_site Shar_Lit Shar_SCST survey_dam_for_irrigation_FS
. global session_composition      share_female_percent3_BS leader2_2_BS leader2_3_BS d_illiterate_BS game_dist_field_vill
. global session_composition2     share_female_percent2_BS leader2_2 leader2_2_BS leader2_3_BS d_illiterate game_dist_field_vill
. global game game_lead_facil game_optimal_inv_r10 game_overall_earning_vill game_propose_rule game_reject_rule game_punish
. program error:  matching close brace not found
r(198);

end of do-file

r(198);
. do "C:\Users\istei\AppData\Local\Temp\STD1088_000000.tmp"

. 
. global control                          No_HH FES_site Shar_Lit Shar_SCST survey_dam_for_irrigation_FS

. global session_composition      share_female_percent3_BS leader2_2_BS leader2_3_BS d_illiterate_BS game_dist_field_vill

. global session_composition2     share_female_percent2_BS leader2_2 leader2_2_BS leader2_3_BS d_illiterate game_dist_field_vill

. global game game_lead_facil game_optimal_inv_r10 game_overall_earning_vill game_propose_rule game_reject_rule game_punish

. 
end of do-file

. sum $game

    Variable |        Obs        Mean    Std. Dev.       Min        Max
-------------+---------------------------------------------------------
game_lead_~l |         56    .1607143     .370591          0          1
ga~l_inv_r10 |         56        .625    .4885042          0          1
game_overa~l |         56     1095204    258651.2     625800    1666500
game_propo~e |         56       28.25    7.991473          4         49
game_rejec~e |         56        5.75    5.271708          0         25
-------------+---------------------------------------------------------
 game_punish |         56    3.071429    3.953627          0         15

. tab game_praises

   Total of |
 praises in |
village for |
      group |      Freq.     Percent        Cum.
------------+-----------------------------------
          0 |          1        1.79        1.79
          1 |          4        7.14        8.93
          2 |          7       12.50       21.43
          3 |          3        5.36       26.79
          4 |          2        3.57       30.36
          5 |          2        3.57       33.93
          6 |          2        3.57       37.50
          7 |          1        1.79       39.29
          8 |          3        5.36       44.64
          9 |          4        7.14       51.79
         10 |          3        5.36       57.14
         11 |          2        3.57       60.71
         12 |          3        5.36       66.07
         13 |          2        3.57       69.64
         15 |          2        3.57       73.21
         16 |          2        3.57       76.79
         17 |          1        1.79       78.57
         19 |          3        5.36       83.93
         21 |          2        3.57       87.50
         22 |          1        1.79       89.29
         23 |          1        1.79       91.07
         24 |          3        5.36       96.43
         26 |          1        1.79       98.21
         27 |          1        1.79      100.00
------------+-----------------------------------
      Total |         56      100.00

. tab game_overall_earning_vill

    Overall |
 earning of |
 village in |
 whole game |      Freq.     Percent        Cum.
------------+-----------------------------------
     625800 |          1        1.79        1.79
     629800 |          1        1.79        3.57
     656400 |          1        1.79        5.36
     775000 |          1        1.79        7.14
     793500 |          1        1.79        8.93
     814600 |          1        1.79       10.71
     814900 |          1        1.79       12.50
     829700 |          1        1.79       14.29
     853300 |          1        1.79       16.07
     876600 |          1        1.79       17.86
     889800 |          1        1.79       19.64
     902600 |          1        1.79       21.43
     904700 |          1        1.79       23.21
     907100 |          1        1.79       25.00
     913400 |          1        1.79       26.79
     915600 |          1        1.79       28.57
     920200 |          1        1.79       30.36
     922600 |          1        1.79       32.14
     938000 |          1        1.79       33.93
     938500 |          1        1.79       35.71
     953100 |          1        1.79       37.50
     968100 |          1        1.79       39.29
     971000 |          1        1.79       41.07
     998700 |          2        3.57       44.64
    1006800 |          1        1.79       46.43
    1028500 |          1        1.79       48.21
    1033400 |          1        1.79       50.00
    1059900 |          1        1.79       51.79
    1084600 |          1        1.79       53.57
    1088600 |          1        1.79       55.36
    1135700 |          1        1.79       57.14
    1151800 |          1        1.79       58.93
    1153200 |          1        1.79       60.71
    1161300 |          1        1.79       62.50
    1167900 |          1        1.79       64.29
    1178500 |          1        1.79       66.07
    1203500 |          1        1.79       67.86
    1209100 |          1        1.79       69.64
    1212800 |          1        1.79       71.43
    1216300 |          1        1.79       73.21
    1250000 |          1        1.79       75.00
    1255800 |          1        1.79       76.79
    1277200 |          1        1.79       78.57
    1285000 |          1        1.79       80.36
    1297900 |          1        1.79       82.14
    1311200 |          1        1.79       83.93
    1439000 |          1        1.79       85.71
    1440600 |          1        1.79       87.50
    1495400 |          1        1.79       89.29
    1522100 |          1        1.79       91.07
    1523800 |          1        1.79       92.86
    1541400 |          1        1.79       94.64
    1573200 |          1        1.79       96.43
    1648700 |          1        1.79       98.21
    1666500 |          1        1.79      100.00
------------+-----------------------------------
      Total |         56      100.00

. tab game_date_count

 Days since |
      first |
interventio |
     n took |
      place |      Freq.     Percent        Cum.
------------+-----------------------------------
          0 |          1        1.82        1.82
          5 |          1        1.82        3.64
          6 |          1        1.82        5.45
         16 |          1        1.82        7.27
         17 |          1        1.82        9.09
         18 |          1        1.82       10.91
         19 |          2        3.64       14.55
         25 |          1        1.82       16.36
         26 |          1        1.82       18.18
         27 |          1        1.82       20.00
         28 |          1        1.82       21.82
         29 |          2        3.64       25.45
         30 |          2        3.64       29.09
         31 |          1        1.82       30.91
         32 |          1        1.82       32.73
         34 |          1        1.82       34.55
         35 |          2        3.64       38.18
         46 |          1        1.82       40.00
         47 |          1        1.82       41.82
         49 |          1        1.82       43.64
         51 |          1        1.82       45.45
         52 |          1        1.82       47.27
         54 |          1        1.82       49.09
         55 |          1        1.82       50.91
         56 |          1        1.82       52.73
         57 |          1        1.82       54.55
         58 |          1        1.82       56.36
         59 |          1        1.82       58.18
         60 |          1        1.82       60.00
         61 |          1        1.82       61.82
         62 |          1        1.82       63.64
         63 |          1        1.82       65.45
         64 |          1        1.82       67.27
         65 |          1        1.82       69.09
         73 |          1        1.82       70.91
         77 |          1        1.82       72.73
         78 |          1        1.82       74.55
         79 |          1        1.82       76.36
         80 |          1        1.82       78.18
         81 |          1        1.82       80.00
         82 |          1        1.82       81.82
         83 |          1        1.82       83.64
         84 |          1        1.82       85.45
         85 |          1        1.82       87.27
        103 |          1        1.82       89.09
        105 |          1        1.82       90.91
        107 |          1        1.82       92.73
        108 |          1        1.82       94.55
        110 |          1        1.82       96.36
        111 |          1        1.82       98.18
        114 |          1        1.82      100.00
------------+-----------------------------------
      Total |         55      100.00

. tab game_damforfarming

   Dam used |
for farming |      Freq.     Percent        Cum.
------------+-----------------------------------
          0 |         34       60.71       60.71
          1 |         22       39.29      100.00
------------+-----------------------------------
      Total |         56      100.00

. tab survey_dam_for_irrigation_FS

 FS: Dam is |
   used for |
 irrigation |      Freq.     Percent        Cum.
------------+-----------------------------------
          0 |         50       59.52       59.52
          1 |         34       40.48      100.00
------------+-----------------------------------
      Total |         84      100.00

. tab game_count_intervention

  Indicates |
    the how |
    maniest |
interventio |
  n this is |
  conducted |
by the team |      Freq.     Percent        Cum.
------------+-----------------------------------
          1 |          1        1.79        1.79
          3 |          1        1.79        3.57
          4 |          1        1.79        5.36
          5 |          1        1.79        7.14
          6 |          1        1.79        8.93
          7 |          1        1.79       10.71
          8 |          2        3.57       14.29
          9 |          1        1.79       16.07
         10 |          1        1.79       17.86
         11 |          1        1.79       19.64
         12 |          1        1.79       21.43
         13 |          2        3.57       25.00
         14 |          2        3.57       28.57
         15 |          1        1.79       30.36
         16 |          1        1.79       32.14
         17 |          1        1.79       33.93
         18 |          2        3.57       37.50
         20 |          1        1.79       39.29
         21 |          1        1.79       41.07
         22 |          1        1.79       42.86
         23 |          1        1.79       44.64
         24 |          1        1.79       46.43
         25 |          1        1.79       48.21
         26 |          2        3.57       51.79
         27 |          1        1.79       53.57
         28 |          1        1.79       55.36
         29 |          1        1.79       57.14
         30 |          1        1.79       58.93
         31 |          1        1.79       60.71
         32 |          1        1.79       62.50
         33 |          1        1.79       64.29
         34 |          1        1.79       66.07
         35 |          1        1.79       67.86
         36 |          1        1.79       69.64
         37 |          1        1.79       71.43
         38 |          1        1.79       73.21
         39 |          1        1.79       75.00
         40 |          1        1.79       76.79
         41 |          1        1.79       78.57
         42 |          1        1.79       80.36
         43 |          1        1.79       82.14
         44 |          1        1.79       83.93
         45 |          1        1.79       85.71
         46 |          1        1.79       87.50
         47 |          1        1.79       89.29
         48 |          1        1.79       91.07
         50 |          1        1.79       92.86
         51 |          1        1.79       94.64
         52 |          1        1.79       96.43
         53 |          1        1.79       98.21
         54 |          1        1.79      100.00
------------+-----------------------------------
      Total |         56      100.00

. pwcorr game_count_intervention game_date_intervention

             | game_c~n game_d~n
-------------+------------------
game_count~n |   1.0000 
game_date_~n |   0.9907   1.0000 

. tab game_cont_money_vill

   Total of |
participant |
     s that |
contributed |
   money to |
        dam |
maintenance |      Freq.     Percent        Cum.
------------+-----------------------------------
          0 |         51       91.07       91.07
          1 |          2        3.57       94.64
          2 |          2        3.57       98.21
          3 |          1        1.79      100.00
------------+-----------------------------------
      Total |         56      100.00

. tab game_complains

   Total of |
  complains |
 in village |
  for group |      Freq.     Percent        Cum.
------------+-----------------------------------
          0 |         12       21.43       21.43
          1 |          9       16.07       37.50
          2 |          9       16.07       53.57
          3 |          7       12.50       66.07
          4 |          7       12.50       78.57
          5 |          2        3.57       82.14
          6 |          4        7.14       89.29
          8 |          3        5.36       94.64
          9 |          1        1.79       96.43
         13 |          1        1.79       98.21
         14 |          1        1.79      100.00
------------+-----------------------------------
      Total |         56      100.00

. tab game_come_back_dummy

  Come back (=1) |      Freq.     Percent        Cum.
-----------------+-----------------------------------
Do not come back |          7       12.50       12.50
       Come back |         49       87.50      100.00
-----------------+-----------------------------------
           Total |         56      100.00

. tab game_argue

   Total of |
  arguments |
 in village |
  for group |      Freq.     Percent        Cum.
------------+-----------------------------------
          0 |          4        7.14        7.14
          1 |          7       12.50       19.64
          2 |          4        7.14       26.79
          3 |          3        5.36       32.14
          4 |          4        7.14       39.29
          5 |          3        5.36       44.64
          6 |          4        7.14       51.79
          7 |          2        3.57       55.36
          8 |          2        3.57       58.93
          9 |          2        3.57       62.50
         10 |          4        7.14       69.64
         11 |          1        1.79       71.43
         12 |          2        3.57       75.00
         14 |          3        5.36       80.36
         15 |          2        3.57       83.93
         16 |          3        5.36       89.29
         18 |          3        5.36       94.64
         21 |          1        1.79       96.43
         29 |          1        1.79       98.21
         40 |          1        1.79      100.00
------------+-----------------------------------
      Total |         56      100.00

. tab game_agree_rule

   Total of |
     agreed |
   rules in |
village for |
      group |      Freq.     Percent        Cum.
------------+-----------------------------------
          5 |          1        1.79        1.79
         18 |          1        1.79        3.57
         23 |          1        1.79        5.36
         25 |          1        1.79        7.14
         26 |          2        3.57       10.71
         27 |          1        1.79       12.50
         30 |          2        3.57       16.07
         31 |          2        3.57       19.64
         33 |          2        3.57       23.21
         36 |          2        3.57       26.79
         37 |          5        8.93       35.71
         40 |          1        1.79       37.50
         41 |          3        5.36       42.86
         43 |          2        3.57       46.43
         44 |          4        7.14       53.57
         45 |          1        1.79       55.36
         46 |          1        1.79       57.14
         47 |          1        1.79       58.93
         48 |          1        1.79       60.71
         49 |          3        5.36       66.07
         51 |          2        3.57       69.64
         52 |          2        3.57       73.21
         54 |          2        3.57       76.79
         57 |          1        1.79       78.57
         58 |          1        1.79       80.36
         59 |          1        1.79       82.14
         60 |          2        3.57       85.71
         63 |          1        1.79       87.50
         65 |          2        3.57       91.07
         66 |          1        1.79       92.86
         68 |          2        3.57       96.43
         70 |          1        1.79       98.21
         82 |          1        1.79      100.00
------------+-----------------------------------
      Total |         56      100.00

. do "C:\Users\istei\AppData\Local\Temp\STD1088_000000.tmp"

. global game game_lead_facil game_count_intervention game_praises game_optimal_inv_r10 game_overall_earning_vill game_agree_rule game_reject_rule game_punish game
> _complains game_come_back_dummy game_argue

. 
end of do-file

. tab game_agree_rule

   Total of |
     agreed |
   rules in |
village for |
      group |      Freq.     Percent        Cum.
------------+-----------------------------------
          5 |          1        1.79        1.79
         18 |          1        1.79        3.57
         23 |          1        1.79        5.36
         25 |          1        1.79        7.14
         26 |          2        3.57       10.71
         27 |          1        1.79       12.50
         30 |          2        3.57       16.07
         31 |          2        3.57       19.64
         33 |          2        3.57       23.21
         36 |          2        3.57       26.79
         37 |          5        8.93       35.71
         40 |          1        1.79       37.50
         41 |          3        5.36       42.86
         43 |          2        3.57       46.43
         44 |          4        7.14       53.57
         45 |          1        1.79       55.36
         46 |          1        1.79       57.14
         47 |          1        1.79       58.93
         48 |          1        1.79       60.71
         49 |          3        5.36       66.07
         51 |          2        3.57       69.64
         52 |          2        3.57       73.21
         54 |          2        3.57       76.79
         57 |          1        1.79       78.57
         58 |          1        1.79       80.36
         59 |          1        1.79       82.14
         60 |          2        3.57       85.71
         63 |          1        1.79       87.50
         65 |          2        3.57       91.07
         66 |          1        1.79       92.86
         68 |          2        3.57       96.43
         70 |          1        1.79       98.21
         82 |          1        1.79      100.00
------------+-----------------------------------
      Total |         56      100.00

. sum $game

    Variable |        Obs        Mean    Std. Dev.       Min        Max
-------------+---------------------------------------------------------
game_lead_~l |         56    .1607143     .370591          0          1
game_count~n |         56    26.67857    15.23167          1         54
game_praises |         56    10.46429     7.76932          0         27
ga~l_inv_r10 |         56        .625    .4885042          0          1
game_overa~l |         56     1095204    258651.2     625800    1666500
-------------+---------------------------------------------------------
game_agree~e |         56    44.78571    14.72378          5         82
game_rejec~e |         56        5.75    5.271708          0         25
 game_punish |         56    3.071429    3.953627          0         15
game_compl~s |         56    3.035714    3.121563          0         14
game_come_~y |         56        .875    .3337119          0          1
-------------+---------------------------------------------------------
  game_argue |         56    8.321429    7.760289          0         40

. pwcorr survey_share_exp_vc_meet_FS survey_share_exp_others_FS survey_share_exp_friends_FS survey_share_exp_family_FS survey_share_exp_comm_meet_FS

             | s~vc_m~S su~rs_FS su~ds_FS sur~y_FS s~comm~S
-------------+---------------------------------------------
su~c_meet_FS |   1.0000 
survey~rs_FS |  -0.1336   1.0000 
survey~ds_FS |  -0.0977  -0.3616   1.0000 
survey_~y_FS |  -0.1230  -0.3889   0.9298   1.0000 
su~m_meet_FS |  -0.1316  -0.2774  -0.5347  -0.5868   1.0000 

. do "C:\Users\istei\AppData\Local\Temp\STD1088_000000.tmp"

. probit survey_maint_2017_FS survey_maint_12m_BS $control $session_composition $game, robust

Iteration 0:   log pseudolikelihood = -33.503097  
Iteration 1:   log pseudolikelihood = -21.498598  
Iteration 2:   log pseudolikelihood = -20.084672  
Iteration 3:   log pseudolikelihood = -19.998294  
Iteration 4:   log pseudolikelihood =  -19.99765  
Iteration 5:   log pseudolikelihood = -19.997649  

Probit regression                               Number of obs     =         56
                                                Wald chi2(22)     =      39.52
                                                Prob > chi2       =     0.0123
Log pseudolikelihood = -19.997649               Pseudo R2         =     0.4031

----------------------------------------------------------------------------------------------
                             |               Robust
        survey_maint_2017_FS |      Coef.   Std. Err.      z    P>|z|     [95% Conf. Interval]
-----------------------------+----------------------------------------------------------------
         survey_maint_12m_BS |   .7561012   .5733439     1.32   0.187    -.3676322    1.879835
                       No_HH |   .0016404   .0030483     0.54   0.590    -.0043342    .0076151
                    FES_site |   .2099136   .6687813     0.31   0.754    -1.100874    1.520701
                    Shar_Lit |   .0867411   .0420397     2.06   0.039     .0043448    .1691374
                   Shar_SCST |  -.0226067    .016988    -1.33   0.183    -.0559025    .0106892
survey_dam_for_irrigation_FS |   .9350891   .5510592     1.70   0.090    -.1449671    2.015145
    share_female_percent3_BS |   .1156058    .263198     0.44   0.660    -.4002529    .6314644
                leader2_2_BS |   .2178347   .5615711     0.39   0.698    -.8828243    1.318494
                leader2_3_BS |  -.3205638   .7997091    -0.40   0.689    -1.887965    1.246837
             d_illiterate_BS |   1.218977   .5998646     2.03   0.042     .0432635     2.39469
        game_dist_field_vill |   .0575966   .1003689     0.57   0.566    -.1391228    .2543161
             game_lead_facil |  -.3609448   .6831243    -0.53   0.597    -1.699844    .9779542
     game_count_intervention |   .0671092   .0402916     1.67   0.096    -.0118609    .1460794
                game_praises |   .0666357   .0756274     0.88   0.378    -.0815914    .2148627
        game_optimal_inv_r10 |  -.6622476   .4961483    -1.33   0.182     -1.63468    .3101853
   game_overall_earning_vill |   1.92e-06   1.15e-06     1.66   0.097    -3.44e-07    4.18e-06
             game_agree_rule |  -.0432618   .0195226    -2.22   0.027    -.0815254   -.0049981
            game_reject_rule |    -.01426   .0679345    -0.21   0.834    -.1474092    .1188891
                 game_punish |  -.1085686   .1106449    -0.98   0.326    -.3254286    .1082913
              game_complains |   -.050377   .0963066    -0.52   0.601    -.2391344    .1383804
        game_come_back_dummy |   .4614513   .8458056     0.55   0.585    -1.196297      2.1192
                  game_argue |   .1109351   .0960275     1.16   0.248    -.0772753    .2991455
                       _cons |  -6.721795   4.001211    -1.68   0.093    -14.56402    1.120434
----------------------------------------------------------------------------------------------

. local r2_p= e(r2_p)

. eststo det3:  margins, dydx(*) post

Average marginal effects                        Number of obs     =         56
Model VCE    : Robust

Expression   : Pr(survey_maint_2017_FS), predict()
dy/dx w.r.t. : survey_maint_12m_BS No_HH FES_site Shar_Lit Shar_SCST survey_dam_for_irrigation_FS share_female_percent3_BS leader2_2_BS leader2_3_BS
               d_illiterate_BS game_dist_field_vill game_lead_facil game_count_intervention game_praises game_optimal_inv_r10 game_overall_earning_vill
               game_agree_rule game_reject_rule game_punish game_complains game_come_back_dummy game_argue

----------------------------------------------------------------------------------------------
                             |            Delta-method
                             |      dy/dx   Std. Err.      z    P>|z|     [95% Conf. Interval]
-----------------------------+----------------------------------------------------------------
         survey_maint_12m_BS |   .1513789   .1068336     1.42   0.156    -.0580111    .3607689
                       No_HH |   .0003284   .0006049     0.54   0.587    -.0008572    .0015141
                    FES_site |   .0420268   .1357191     0.31   0.757    -.2239777    .3080313
                    Shar_Lit |   .0173664    .007948     2.19   0.029     .0017887    .0329442
                   Shar_SCST |  -.0045261   .0033001    -1.37   0.170    -.0109942    .0019421
survey_dam_for_irrigation_FS |   .1872141   .1042904     1.80   0.073    -.0171913    .3916195
    share_female_percent3_BS |   .0231454   .0527769     0.44   0.661    -.0802954    .1265863
                leader2_2_BS |   .0436127   .1128872     0.39   0.699    -.1776422    .2648675
                leader2_3_BS |  -.0641801   .1604681    -0.40   0.689    -.3786917    .2503316
             d_illiterate_BS |   .2440512   .1156487     2.11   0.035     .0173838    .4707185
        game_dist_field_vill |   .0115314   .0202369     0.57   0.569    -.0281322     .051195
             game_lead_facil |  -.0722647   .1379324    -0.52   0.600    -.3426073    .1980779
     game_count_intervention |   .0134359   .0072009     1.87   0.062    -.0006776    .0275495
                game_praises |   .0133411   .0152477     0.87   0.382    -.0165437     .043226
        game_optimal_inv_r10 |  -.1325885   .0915022    -1.45   0.147    -.3119295    .0467525
   game_overall_earning_vill |   3.84e-07   2.22e-07     1.73   0.083    -5.01e-08    8.18e-07
             game_agree_rule |  -.0086614   .0031997    -2.71   0.007    -.0149327   -.0023901
            game_reject_rule |   -.002855   .0136853    -0.21   0.835    -.0296778    .0239678
                 game_punish |  -.0217365   .0216826    -1.00   0.316    -.0642336    .0207606
              game_complains |   -.010086   .0194436    -0.52   0.604    -.0481948    .0280228
        game_come_back_dummy |   .0923871   .1675018     0.55   0.581    -.2359104    .4206846
                  game_argue |   .0222103   .0181011     1.23   0.220    -.0132672    .0576878
----------------------------------------------------------------------------------------------

. 
end of do-file

. help gets

. do "C:\Users\istei\AppData\Local\Temp\STD1088_000000.tmp"

. *maintenance
. probit survey_maint_2017_FS survey_maint_12m_BS $control if treatment == 1, vce(robust)

Iteration 0:   log pseudolikelihood = -33.503097  
Iteration 1:   log pseudolikelihood = -30.264794  
Iteration 2:   log pseudolikelihood = -30.242173  
Iteration 3:   log pseudolikelihood = -30.242171  

Probit regression                               Number of obs     =         56
                                                Wald chi2(6)      =       4.72
                                                Prob > chi2       =     0.5801
Log pseudolikelihood = -30.242171               Pseudo R2         =     0.0973

----------------------------------------------------------------------------------------------
                             |               Robust
        survey_maint_2017_FS |      Coef.   Std. Err.      z    P>|z|     [95% Conf. Interval]
-----------------------------+----------------------------------------------------------------
         survey_maint_12m_BS |   .2086678   .3778404     0.55   0.581    -.5318858    .9492214
                       No_HH |   .0003425   .0023272     0.15   0.883    -.0042188    .0049037
                    FES_site |   .6110363    .442816     1.38   0.168    -.2568672     1.47894
                    Shar_Lit |   .0321091   .0257749     1.25   0.213    -.0184088    .0826269
                   Shar_SCST |  -.0085564   .0112214    -0.76   0.446    -.0305499    .0134371
survey_dam_for_irrigation_FS |   .3568292    .387003     0.92   0.357    -.4016828    1.115341
                       _cons |  -1.090933   1.892781    -0.58   0.564    -4.800715     2.61885
----------------------------------------------------------------------------------------------

. local r2_p= e(r2_p)

. eststo det1:  margins, dydx(*) post

Average marginal effects                        Number of obs     =         56
Model VCE    : Robust

Expression   : Pr(survey_maint_2017_FS), predict()
dy/dx w.r.t. : survey_maint_12m_BS No_HH FES_site Shar_Lit Shar_SCST survey_dam_for_irrigation_FS

----------------------------------------------------------------------------------------------
                             |            Delta-method
                             |      dy/dx   Std. Err.      z    P>|z|     [95% Conf. Interval]
-----------------------------+----------------------------------------------------------------
         survey_maint_12m_BS |   .0641692    .114479     0.56   0.575    -.1602055    .2885438
                       No_HH |   .0001053   .0007157     0.15   0.883    -.0012974    .0015081
                    FES_site |   .1879048   .1279448     1.47   0.142    -.0628624     .438672
                    Shar_Lit |   .0098741    .007466     1.32   0.186    -.0047589    .0245071
                   Shar_SCST |  -.0026312   .0034237    -0.77   0.442    -.0093416    .0040792
survey_dam_for_irrigation_FS |   .1097315   .1156734     0.95   0.343    -.1169843    .3364472
----------------------------------------------------------------------------------------------

. estadd scalar r2_p= `r2_p'

added scalar:
               e(r2_p) =  .09733206

. 
. probit survey_maint_2017_FS survey_maint_12m_BS $session_composition, robust

Iteration 0:   log pseudolikelihood = -33.503097  
Iteration 1:   log pseudolikelihood = -31.011974  
Iteration 2:   log pseudolikelihood = -30.981899  
Iteration 3:   log pseudolikelihood = -30.981893  
Iteration 4:   log pseudolikelihood = -30.981893  

Probit regression                               Number of obs     =         56
                                                Wald chi2(6)      =       5.82
                                                Prob > chi2       =     0.4439
Log pseudolikelihood = -30.981893               Pseudo R2         =     0.0753

------------------------------------------------------------------------------------------
                         |               Robust
    survey_maint_2017_FS |      Coef.   Std. Err.      z    P>|z|     [95% Conf. Interval]
-------------------------+----------------------------------------------------------------
     survey_maint_12m_BS |   .3298522   .3680946     0.90   0.370       -.3916    1.051304
share_female_percent3_BS |   .2428676   .1224345     1.98   0.047     .0029004    .4828349
            leader2_2_BS |   .0804646   .4364862     0.18   0.854    -.7750326    .9359619
            leader2_3_BS |  -.5668054   .5129386    -1.11   0.269    -1.572146    .4385357
         d_illiterate_BS |    .470042    .380735     1.23   0.217    -.2761849    1.216269
    game_dist_field_vill |   .0108098   .0649812     0.17   0.868     -.116551    .1381707
                   _cons |  -.3014587   .6032917    -0.50   0.617    -1.483889    .8809713
------------------------------------------------------------------------------------------

. local r2_p= e(r2_p)

. eststo det2:  margins, dydx(*) post

Average marginal effects                        Number of obs     =         56
Model VCE    : Robust

Expression   : Pr(survey_maint_2017_FS), predict()
dy/dx w.r.t. : survey_maint_12m_BS share_female_percent3_BS leader2_2_BS leader2_3_BS d_illiterate_BS game_dist_field_vill

------------------------------------------------------------------------------------------
                         |            Delta-method
                         |      dy/dx   Std. Err.      z    P>|z|     [95% Conf. Interval]
-------------------------+----------------------------------------------------------------
     survey_maint_12m_BS |   .1027401   .1125637     0.91   0.361    -.1178807    .3233609
share_female_percent3_BS |   .0756467   .0366777     2.06   0.039     .0037597    .1475337
            leader2_2_BS |   .0250626   .1355279     0.18   0.853    -.2405673    .2906924
            leader2_3_BS |  -.1765446   .1584405    -1.11   0.265    -.4870822     .133993
         d_illiterate_BS |   .1464054   .1153849     1.27   0.204    -.0797449    .3725557
    game_dist_field_vill |    .003367   .0202568     0.17   0.868    -.0363356    .0430695
------------------------------------------------------------------------------------------

. estadd scalar r2_p= `r2_p'

added scalar:
               e(r2_p) =  .07525285

. 
. probit survey_maint_2017_FS survey_maint_12m_BS $game, robust

Iteration 0:   log pseudolikelihood = -33.503097  
Iteration 1:   log pseudolikelihood =  -26.56815  
Iteration 2:   log pseudolikelihood = -26.274525  
Iteration 3:   log pseudolikelihood = -26.262366  
Iteration 4:   log pseudolikelihood = -26.262358  
Iteration 5:   log pseudolikelihood = -26.262358  

Probit regression                               Number of obs     =         56
                                                Wald chi2(12)     =      15.20
                                                Prob > chi2       =     0.2304
Log pseudolikelihood = -26.262358               Pseudo R2         =     0.2161

-------------------------------------------------------------------------------------------
                          |               Robust
     survey_maint_2017_FS |      Coef.   Std. Err.      z    P>|z|     [95% Conf. Interval]
--------------------------+----------------------------------------------------------------
      survey_maint_12m_BS |   .6672047   .4660306     1.43   0.152    -.2461986    1.580608
          game_lead_facil |   -.707253   .6365276    -1.11   0.267    -1.954824    .5403181
  game_count_intervention |   .0216004   .0214716     1.01   0.314    -.0204831    .0636839
             game_praises |  -.0213429    .042879    -0.50   0.619    -.1053842    .0626984
     game_optimal_inv_r10 |  -.3652848   .4199201    -0.87   0.384    -1.188313    .4577435
game_overall_earning_vill |   1.38e-06   8.90e-07     1.55   0.121    -3.62e-07    3.13e-06
          game_agree_rule |  -.0354605   .0145579    -2.44   0.015    -.0639934   -.0069276
         game_reject_rule |  -.0025836   .0451761    -0.06   0.954    -.0911271    .0859599
              game_punish |   -.038447   .0873494    -0.44   0.660    -.2096486    .1327546
           game_complains |  -.0512557   .0709797    -0.72   0.470    -.1903734     .087862
     game_come_back_dummy |   .3809632   .5678827     0.67   0.502    -.7320664    1.493993
               game_argue |   .1011461   .0564053     1.79   0.073    -.0094063    .2116985
                    _cons |  -.4180102   1.332725    -0.31   0.754    -3.030103    2.194083
-------------------------------------------------------------------------------------------

. local r2_p= e(r2_p)

. eststo det3:  margins, dydx(*) post

Average marginal effects                        Number of obs     =         56
Model VCE    : Robust

Expression   : Pr(survey_maint_2017_FS), predict()
dy/dx w.r.t. : survey_maint_12m_BS game_lead_facil game_count_intervention game_praises game_optimal_inv_r10 game_overall_earning_vill game_agree_rule
               game_reject_rule game_punish game_complains game_come_back_dummy game_argue

-------------------------------------------------------------------------------------------
                          |            Delta-method
                          |      dy/dx   Std. Err.      z    P>|z|     [95% Conf. Interval]
--------------------------+----------------------------------------------------------------
      survey_maint_12m_BS |   .1759097    .115713     1.52   0.128    -.0508836    .4027029
          game_lead_facil |  -.1864685   .1642839    -1.14   0.256    -.5084591    .1355221
  game_count_intervention |    .005695   .0056597     1.01   0.314    -.0053979    .0167879
             game_praises |  -.0056271   .0111587    -0.50   0.614    -.0274978    .0162436
     game_optimal_inv_r10 |   -.096308   .1070209    -0.90   0.368    -.3060651    .1134492
game_overall_earning_vill |   3.64e-07   2.26e-07     1.61   0.108    -7.95e-08    8.08e-07
          game_agree_rule |  -.0093492   .0035564    -2.63   0.009    -.0163196   -.0023788
         game_reject_rule |  -.0006812   .0119136    -0.06   0.954    -.0240315    .0226691
              game_punish |  -.0101366    .022833    -0.44   0.657    -.0548885    .0346153
           game_complains |  -.0135137   .0181061    -0.75   0.455    -.0490009    .0219736
     game_come_back_dummy |   .1004416    .147258     0.68   0.495    -.1881787    .3890619
               game_argue |   .0266673   .0143598     1.86   0.063    -.0014774     .054812
-------------------------------------------------------------------------------------------

. estadd scalar r2_p= `r2_p'

added scalar:
               e(r2_p) =  .2161215

. 
. probit survey_maint_2017_FS survey_maint_12m_BS $control $session_composition $game, robust

Iteration 0:   log pseudolikelihood = -33.503097  
Iteration 1:   log pseudolikelihood = -21.498598  
Iteration 2:   log pseudolikelihood = -20.084672  
Iteration 3:   log pseudolikelihood = -19.998294  
Iteration 4:   log pseudolikelihood =  -19.99765  
Iteration 5:   log pseudolikelihood = -19.997649  

Probit regression                               Number of obs     =         56
                                                Wald chi2(22)     =      39.52
                                                Prob > chi2       =     0.0123
Log pseudolikelihood = -19.997649               Pseudo R2         =     0.4031

----------------------------------------------------------------------------------------------
                             |               Robust
        survey_maint_2017_FS |      Coef.   Std. Err.      z    P>|z|     [95% Conf. Interval]
-----------------------------+----------------------------------------------------------------
         survey_maint_12m_BS |   .7561012   .5733439     1.32   0.187    -.3676322    1.879835
                       No_HH |   .0016404   .0030483     0.54   0.590    -.0043342    .0076151
                    FES_site |   .2099136   .6687813     0.31   0.754    -1.100874    1.520701
                    Shar_Lit |   .0867411   .0420397     2.06   0.039     .0043448    .1691374
                   Shar_SCST |  -.0226067    .016988    -1.33   0.183    -.0559025    .0106892
survey_dam_for_irrigation_FS |   .9350891   .5510592     1.70   0.090    -.1449671    2.015145
    share_female_percent3_BS |   .1156058    .263198     0.44   0.660    -.4002529    .6314644
                leader2_2_BS |   .2178347   .5615711     0.39   0.698    -.8828243    1.318494
                leader2_3_BS |  -.3205638   .7997091    -0.40   0.689    -1.887965    1.246837
             d_illiterate_BS |   1.218977   .5998646     2.03   0.042     .0432635     2.39469
        game_dist_field_vill |   .0575966   .1003689     0.57   0.566    -.1391228    .2543161
             game_lead_facil |  -.3609448   .6831243    -0.53   0.597    -1.699844    .9779542
     game_count_intervention |   .0671092   .0402916     1.67   0.096    -.0118609    .1460794
                game_praises |   .0666357   .0756274     0.88   0.378    -.0815914    .2148627
        game_optimal_inv_r10 |  -.6622476   .4961483    -1.33   0.182     -1.63468    .3101853
   game_overall_earning_vill |   1.92e-06   1.15e-06     1.66   0.097    -3.44e-07    4.18e-06
             game_agree_rule |  -.0432618   .0195226    -2.22   0.027    -.0815254   -.0049981
            game_reject_rule |    -.01426   .0679345    -0.21   0.834    -.1474092    .1188891
                 game_punish |  -.1085686   .1106449    -0.98   0.326    -.3254286    .1082913
              game_complains |   -.050377   .0963066    -0.52   0.601    -.2391344    .1383804
        game_come_back_dummy |   .4614513   .8458056     0.55   0.585    -1.196297      2.1192
                  game_argue |   .1109351   .0960275     1.16   0.248    -.0772753    .2991455
                       _cons |  -6.721795   4.001211    -1.68   0.093    -14.56402    1.120434
----------------------------------------------------------------------------------------------

. local r2_p= e(r2_p)

. eststo det4:  margins, dydx(*) post

Average marginal effects                        Number of obs     =         56
Model VCE    : Robust

Expression   : Pr(survey_maint_2017_FS), predict()
dy/dx w.r.t. : survey_maint_12m_BS No_HH FES_site Shar_Lit Shar_SCST survey_dam_for_irrigation_FS share_female_percent3_BS leader2_2_BS leader2_3_BS
               d_illiterate_BS game_dist_field_vill game_lead_facil game_count_intervention game_praises game_optimal_inv_r10 game_overall_earning_vill
               game_agree_rule game_reject_rule game_punish game_complains game_come_back_dummy game_argue

----------------------------------------------------------------------------------------------
                             |            Delta-method
                             |      dy/dx   Std. Err.      z    P>|z|     [95% Conf. Interval]
-----------------------------+----------------------------------------------------------------
         survey_maint_12m_BS |   .1513789   .1068336     1.42   0.156    -.0580111    .3607689
                       No_HH |   .0003284   .0006049     0.54   0.587    -.0008572    .0015141
                    FES_site |   .0420268   .1357191     0.31   0.757    -.2239777    .3080313
                    Shar_Lit |   .0173664    .007948     2.19   0.029     .0017887    .0329442
                   Shar_SCST |  -.0045261   .0033001    -1.37   0.170    -.0109942    .0019421
survey_dam_for_irrigation_FS |   .1872141   .1042904     1.80   0.073    -.0171913    .3916195
    share_female_percent3_BS |   .0231454   .0527769     0.44   0.661    -.0802954    .1265863
                leader2_2_BS |   .0436127   .1128872     0.39   0.699    -.1776422    .2648675
                leader2_3_BS |  -.0641801   .1604681    -0.40   0.689    -.3786917    .2503316
             d_illiterate_BS |   .2440512   .1156487     2.11   0.035     .0173838    .4707185
        game_dist_field_vill |   .0115314   .0202369     0.57   0.569    -.0281322     .051195
             game_lead_facil |  -.0722647   .1379324    -0.52   0.600    -.3426073    .1980779
     game_count_intervention |   .0134359   .0072009     1.87   0.062    -.0006776    .0275495
                game_praises |   .0133411   .0152477     0.87   0.382    -.0165437     .043226
        game_optimal_inv_r10 |  -.1325885   .0915022    -1.45   0.147    -.3119295    .0467525
   game_overall_earning_vill |   3.84e-07   2.22e-07     1.73   0.083    -5.01e-08    8.18e-07
             game_agree_rule |  -.0086614   .0031997    -2.71   0.007    -.0149327   -.0023901
            game_reject_rule |   -.002855   .0136853    -0.21   0.835    -.0296778    .0239678
                 game_punish |  -.0217365   .0216826    -1.00   0.316    -.0642336    .0207606
              game_complains |   -.010086   .0194436    -0.52   0.604    -.0481948    .0280228
        game_come_back_dummy |   .0923871   .1675018     0.55   0.581    -.2359104    .4206846
                  game_argue |   .0222103   .0181011     1.23   0.220    -.0132672    .0576878
----------------------------------------------------------------------------------------------

. estadd scalar r2_p= `r2_p'

added scalar:
               e(r2_p) =  .40311042

. 
end of do-file

. do "C:\Users\istei\AppData\Local\Temp\STD1088_000000.tmp"

. esttab det1 det2 det3 det4 using "$working_ANALYSIS\results\Tables\tableSOM_determinants_treatment_villages.rtf", ci transform(ln*: exp(@) exp(@))mtitles("Dam ma
> intenance (=1)" "" "Dam rule exists (=1)" "") b(%4.2f)label stats(N r2_p, labels("N" "Pseudo R2" ) fmt(%4.0f %4.2f)) star(* 0.10 ** 0.05 *** 0.01) varlabels(,eli
> st(weight:_cons "{break}{hline @width}"))  nonotes addnotes("Notes: Estimates are from OLS regressions with robust standard errors. Omitted category is Control 
> villages. 95% confidence intervals in brackets. * p<0.05, ** p<0.01, *** p<0.001") replace 
(note: file D:\OneDrive\Promotion\1_Projects\Games for Sustainability\analysis\results\Tables\tableSOM_determinants_treatment_villages.rtf not found)
(output written to D:\OneDrive\Promotion\1_Projects\Games for Sustainability\analysis\results\Tables\tableSOM_determinants_treatment_villages.rtf)

. 
end of do-file

. help esttab

. do "C:\Users\istei\AppData\Local\Temp\STD1088_000000.tmp"

. esttab det1 det2 det3 det4 using "$working_ANALYSIS\results\Tables\tableSOM_determinants_treatment_villages.rtf", se transform(ln*: exp(@) exp(@))mtitles("Dam ma
> intenance (=1)" "" "Dam rule exists (=1)" "") b(%4.2f)label stats(N r2_p, labels("N" "Pseudo R2" ) fmt(%4.0f %4.2f)) star(* 0.10 ** 0.05 *** 0.01) varlabels(,eli
> st(weight:_cons "{break}{hline @width}"))  nonotes addnotes("Notes: Estimates are from OLS regressions with robust standard errors. Omitted category is Control 
> villages. 95% confidence intervals in brackets. * p<0.05, ** p<0.01, *** p<0.001") replace 
(output written to D:\OneDrive\Promotion\1_Projects\Games for Sustainability\analysis\results\Tables\tableSOM_determinants_treatment_villages.rtf)

. 
end of do-file

. pwcorr game_propose_rule game_agree_rule game_reject_rule

             | game_p~e g~gree~e game_r~e
-------------+---------------------------
game_propo~e |   1.0000 
game_agree~e |   0.5444   1.0000 
game_rejec~e |   0.4810   0.1740   1.0000 

. do "C:\Users\istei\AppData\Local\Temp\STD1088_000000.tmp"

. alpha game_propose_rule game_agree_rule game_reject_rule

Test scale = mean(unstandardized items)

Average interitem covariance:     32.60909
Number of items in the scale:            3
Scale reliability coefficient:      0.5822

. 
end of do-file

. do "C:\Users\istei\AppData\Local\Temp\STD1088_000000.tmp"

. alpha game_propose_rule game_agree_rule game_reject_rule, gen(communication_rules)

Test scale = mean(unstandardized items)

Average interitem covariance:     32.60909
Number of items in the scale:            3
Scale reliability coefficient:      0.5822

. 
end of do-file

. tab communication_rules

mean(unstan |
   dardized |
     items) |      Freq.     Percent        Cum.
------------+-----------------------------------
          3 |          1        1.79        1.79
   14.66667 |          1        1.79        3.57
   16.33333 |          1        1.79        5.36
   17.66667 |          1        1.79        7.14
         18 |          1        1.79        8.93
   18.66667 |          2        3.57       12.50
         19 |          1        1.79       14.29
   19.33333 |          1        1.79       16.07
   19.66667 |          1        1.79       17.86
         20 |          1        1.79       19.64
   20.66667 |          2        3.57       23.21
         21 |          1        1.79       25.00
   21.66667 |          2        3.57       28.57
         22 |          1        1.79       30.36
   22.33333 |          2        3.57       33.93
         23 |          1        1.79       35.71
   23.33333 |          1        1.79       37.50
   23.66667 |          3        5.36       42.86
   24.66667 |          2        3.57       46.43
         25 |          2        3.57       50.00
   25.33333 |          2        3.57       53.57
   25.66667 |          2        3.57       57.14
         26 |          1        1.79       58.93
   26.66667 |          1        1.79       60.71
   27.33333 |          2        3.57       64.29
   28.66667 |          1        1.79       66.07
         29 |          1        1.79       67.86
   29.66667 |          1        1.79       69.64
   30.33333 |          2        3.57       73.21
   31.66667 |          1        1.79       75.00
   32.33333 |          1        1.79       76.79
   32.66667 |          1        1.79       78.57
   33.33333 |          1        1.79       80.36
   34.33333 |          1        1.79       82.14
   34.66667 |          1        1.79       83.93
         35 |          1        1.79       85.71
   35.33333 |          4        7.14       92.86
         40 |          2        3.57       96.43
         41 |          1        1.79       98.21
         43 |          1        1.79      100.00
------------+-----------------------------------
      Total |         56      100.00

. tab game_total_gamerelated

 Total game |
    related |
communicati |
      on in |
    village |
     during |
 discussion |
      slots |      Freq.     Percent        Cum.
------------+-----------------------------------
         15 |          1        1.79        1.79
         50 |          1        1.79        3.57
         60 |          1        1.79        5.36
         63 |          1        1.79        7.14
         64 |          1        1.79        8.93
         65 |          1        1.79       10.71
         68 |          1        1.79       12.50
         70 |          1        1.79       14.29
         71 |          1        1.79       16.07
         72 |          1        1.79       17.86
         75 |          1        1.79       19.64
         77 |          1        1.79       21.43
         81 |          2        3.57       25.00
         83 |          2        3.57       28.57
         84 |          1        1.79       30.36
         85 |          1        1.79       32.14
         86 |          1        1.79       33.93
         88 |          1        1.79       35.71
         89 |          2        3.57       39.29
         90 |          1        1.79       41.07
         93 |          2        3.57       44.64
         97 |          1        1.79       46.43
        100 |          1        1.79       48.21
        102 |          1        1.79       50.00
        105 |          1        1.79       51.79
        106 |          2        3.57       55.36
        109 |          4        7.14       62.50
        121 |          1        1.79       64.29
        122 |          2        3.57       67.86
        123 |          1        1.79       69.64
        130 |          2        3.57       73.21
        132 |          2        3.57       76.79
        136 |          1        1.79       78.57
        137 |          1        1.79       80.36
        138 |          3        5.36       85.71
        145 |          1        1.79       87.50
        149 |          1        1.79       89.29
        152 |          1        1.79       91.07
        153 |          1        1.79       92.86
        156 |          1        1.79       94.64
        166 |          2        3.57       98.21
        174 |          1        1.79      100.00
------------+-----------------------------------
      Total |         56      100.00

. sum survey_share_exp_vc_meet_FS survey_share_exp_others_FS survey_share_exp_friends_FS survey_share_exp_family_FS survey_share_exp_comm_meet_FS

    Variable |        Obs        Mean    Std. Dev.       Min        Max
-------------+---------------------------------------------------------
su~c_meet_FS |         55    .1090909    .3146266          0          1
survey~rs_FS |         55    .1272727      .33635          0          1
survey~ds_FS |         55    .4727273    .5038572          0          1
survey_~y_FS |         55    .5090909     .504525          0          1
su~m_meet_FS |         55    .3454545     .479899          0          1

. do "C:\Users\istei\AppData\Local\Temp\STD1088_000000.tmp"

. alpha survey_share_exp_vc_meet_FS survey_share_exp_others_FS survey_share_exp_friends_FS survey_share_exp_family_FS survey_share_exp_comm_meet_FS, gen(game_discu
> ssion_in_village)

Test scale = mean(unstandardized items)
Reversed items:  survey_share_exp_vc_meet_FS survey_share_exp_others_FS survey_share_exp_comm_meet_FS

Average interitem covariance:     .0591246
Number of items in the scale:            5
Scale reliability coefficient:      0.6929

. 
end of do-file

. tab game_discussion_in_village

mean(unstan |
   dardized |
     items) |      Freq.     Percent        Cum.
------------+-----------------------------------
        -.4 |          1        1.82        1.82
        -.2 |         26       47.27       49.09
         .2 |          6       10.91       60.00
         .4 |         22       40.00      100.00
------------+-----------------------------------
      Total |         55      100.00

. tab survey_share_exp_vc_meet_FS

   FS: Game |
  discussed |
       with |
  Panchayat |      Freq.     Percent        Cum.
------------+-----------------------------------
          0 |         49       89.09       89.09
          1 |          6       10.91      100.00
------------+-----------------------------------
      Total |         55      100.00

. tab survey_share_exp_others_FS

   FS: Game |
  discussed |
 with other |
    members |      Freq.     Percent        Cum.
------------+-----------------------------------
          0 |         48       87.27       87.27
          1 |          7       12.73      100.00
------------+-----------------------------------
      Total |         55      100.00

. egen game_discussion_binary = rowmax(survey_share_exp_vc_meet_FS survey_share_exp_others_FS survey_share_exp_friends_FS survey_share_exp_family_FS survey_share_e
> xp_comm_meet_FS)
(29 missing values generated)

. tab game_discussion_binary

game_discus |
sion_binary |      Freq.     Percent        Cum.
------------+-----------------------------------
          1 |         55      100.00      100.00
------------+-----------------------------------
      Total |         55      100.00

. do "C:\Users\istei\AppData\Local\Temp\STD1088_000000.tmp"

. global control                          No_HH FES_site Shar_Lit Shar_SCST survey_dam_for_irrigation_FS

. global participants     share_female_percent3_BS leader2_2_BS leader2_3_BS d_illiterate_BS game_dist_field_vill

. global participants2    share_female_percent2_BS leader2_2 leader2_2_BS leader2_3_BS d_illiterate game_dist_field_vill

. global game game_lead_facil game_count_intervention game_optimal_inv_r10 communication_rules game_come_back_dummy game_discussion_in_village

. 
end of do-file

. do "C:\Users\istei\AppData\Local\Temp\STD1088_000000.tmp"

. *maintenance
. probit survey_maint_2017_FS survey_maint_12m_BS $control if treatment == 1, vce(robust)

Iteration 0:   log pseudolikelihood = -33.503097  
Iteration 1:   log pseudolikelihood = -30.264794  
Iteration 2:   log pseudolikelihood = -30.242173  
Iteration 3:   log pseudolikelihood = -30.242171  

Probit regression                               Number of obs     =         56
                                                Wald chi2(6)      =       4.72
                                                Prob > chi2       =     0.5801
Log pseudolikelihood = -30.242171               Pseudo R2         =     0.0973

----------------------------------------------------------------------------------------------
                             |               Robust
        survey_maint_2017_FS |      Coef.   Std. Err.      z    P>|z|     [95% Conf. Interval]
-----------------------------+----------------------------------------------------------------
         survey_maint_12m_BS |   .2086678   .3778404     0.55   0.581    -.5318858    .9492214
                       No_HH |   .0003425   .0023272     0.15   0.883    -.0042188    .0049037
                    FES_site |   .6110363    .442816     1.38   0.168    -.2568672     1.47894
                    Shar_Lit |   .0321091   .0257749     1.25   0.213    -.0184088    .0826269
                   Shar_SCST |  -.0085564   .0112214    -0.76   0.446    -.0305499    .0134371
survey_dam_for_irrigation_FS |   .3568292    .387003     0.92   0.357    -.4016828    1.115341
                       _cons |  -1.090933   1.892781    -0.58   0.564    -4.800715     2.61885
----------------------------------------------------------------------------------------------

. local r2_p= e(r2_p)

. eststo det1:  margins, dydx(*) post

Average marginal effects                        Number of obs     =         56
Model VCE    : Robust

Expression   : Pr(survey_maint_2017_FS), predict()
dy/dx w.r.t. : survey_maint_12m_BS No_HH FES_site Shar_Lit Shar_SCST survey_dam_for_irrigation_FS

----------------------------------------------------------------------------------------------
                             |            Delta-method
                             |      dy/dx   Std. Err.      z    P>|z|     [95% Conf. Interval]
-----------------------------+----------------------------------------------------------------
         survey_maint_12m_BS |   .0641692    .114479     0.56   0.575    -.1602055    .2885438
                       No_HH |   .0001053   .0007157     0.15   0.883    -.0012974    .0015081
                    FES_site |   .1879048   .1279448     1.47   0.142    -.0628624     .438672
                    Shar_Lit |   .0098741    .007466     1.32   0.186    -.0047589    .0245071
                   Shar_SCST |  -.0026312   .0034237    -0.77   0.442    -.0093416    .0040792
survey_dam_for_irrigation_FS |   .1097315   .1156734     0.95   0.343    -.1169843    .3364472
----------------------------------------------------------------------------------------------

. estadd scalar r2_p= `r2_p'

added scalar:
               e(r2_p) =  .09733206

. 
. probit survey_maint_2017_FS survey_maint_12m_BS $participants, robust

Iteration 0:   log pseudolikelihood = -33.503097  
Iteration 1:   log pseudolikelihood = -31.011974  
Iteration 2:   log pseudolikelihood = -30.981899  
Iteration 3:   log pseudolikelihood = -30.981893  
Iteration 4:   log pseudolikelihood = -30.981893  

Probit regression                               Number of obs     =         56
                                                Wald chi2(6)      =       5.82
                                                Prob > chi2       =     0.4439
Log pseudolikelihood = -30.981893               Pseudo R2         =     0.0753

------------------------------------------------------------------------------------------
                         |               Robust
    survey_maint_2017_FS |      Coef.   Std. Err.      z    P>|z|     [95% Conf. Interval]
-------------------------+----------------------------------------------------------------
     survey_maint_12m_BS |   .3298522   .3680946     0.90   0.370       -.3916    1.051304
share_female_percent3_BS |   .2428676   .1224345     1.98   0.047     .0029004    .4828349
            leader2_2_BS |   .0804646   .4364862     0.18   0.854    -.7750326    .9359619
            leader2_3_BS |  -.5668054   .5129386    -1.11   0.269    -1.572146    .4385357
         d_illiterate_BS |    .470042    .380735     1.23   0.217    -.2761849    1.216269
    game_dist_field_vill |   .0108098   .0649812     0.17   0.868     -.116551    .1381707
                   _cons |  -.3014587   .6032917    -0.50   0.617    -1.483889    .8809713
------------------------------------------------------------------------------------------

. local r2_p= e(r2_p)

. eststo det2:  margins, dydx(*) post

Average marginal effects                        Number of obs     =         56
Model VCE    : Robust

Expression   : Pr(survey_maint_2017_FS), predict()
dy/dx w.r.t. : survey_maint_12m_BS share_female_percent3_BS leader2_2_BS leader2_3_BS d_illiterate_BS game_dist_field_vill

------------------------------------------------------------------------------------------
                         |            Delta-method
                         |      dy/dx   Std. Err.      z    P>|z|     [95% Conf. Interval]
-------------------------+----------------------------------------------------------------
     survey_maint_12m_BS |   .1027401   .1125637     0.91   0.361    -.1178807    .3233609
share_female_percent3_BS |   .0756467   .0366777     2.06   0.039     .0037597    .1475337
            leader2_2_BS |   .0250626   .1355279     0.18   0.853    -.2405673    .2906924
            leader2_3_BS |  -.1765446   .1584405    -1.11   0.265    -.4870822     .133993
         d_illiterate_BS |   .1464054   .1153849     1.27   0.204    -.0797449    .3725557
    game_dist_field_vill |    .003367   .0202568     0.17   0.868    -.0363356    .0430695
------------------------------------------------------------------------------------------

. estadd scalar r2_p= `r2_p'

added scalar:
               e(r2_p) =  .07525285

. 
. probit survey_maint_2017_FS survey_maint_12m_BS $game, robust

Iteration 0:   log pseudolikelihood = -33.163001  
Iteration 1:   log pseudolikelihood = -29.070834  
Iteration 2:   log pseudolikelihood = -29.029874  
Iteration 3:   log pseudolikelihood = -29.029843  
Iteration 4:   log pseudolikelihood = -29.029843  

Probit regression                               Number of obs     =         55
                                                Wald chi2(7)      =       8.27
                                                Prob > chi2       =     0.3098
Log pseudolikelihood = -29.029843               Pseudo R2         =     0.1246

--------------------------------------------------------------------------------------------
                           |               Robust
      survey_maint_2017_FS |      Coef.   Std. Err.      z    P>|z|     [95% Conf. Interval]
---------------------------+----------------------------------------------------------------
       survey_maint_12m_BS |   .4250073   .4036134     1.05   0.292    -.3660604    1.216075
           game_lead_facil |  -.7586651   .4992644    -1.52   0.129    -1.737205    .2198752
   game_count_intervention |   .0079461     .01427     0.56   0.578    -.0200226    .0359148
      game_optimal_inv_r10 |  -.3429244   .4198226    -0.82   0.414    -1.165762    .4799129
       communication_rules |  -.0395443   .0234723    -1.68   0.092    -.0855491    .0064605
      game_come_back_dummy |  -.0243904   .5742522    -0.04   0.966    -1.149904    1.101123
game_discussion_in_village |  -.3446509   .6930917    -0.50   0.619    -1.703086    1.013784
                     _cons |   1.609086   .8463349     1.90   0.057    -.0496997    3.267872
--------------------------------------------------------------------------------------------

. local r2_p= e(r2_p)

. eststo det3:  margins, dydx(*) post

Average marginal effects                        Number of obs     =         55
Model VCE    : Robust

Expression   : Pr(survey_maint_2017_FS), predict()
dy/dx w.r.t. : survey_maint_12m_BS game_lead_facil game_count_intervention game_optimal_inv_r10 communication_rules game_come_back_dummy
               game_discussion_in_village

--------------------------------------------------------------------------------------------
                           |            Delta-method
                           |      dy/dx   Std. Err.      z    P>|z|     [95% Conf. Interval]
---------------------------+----------------------------------------------------------------
       survey_maint_12m_BS |   .1269978   .1176305     1.08   0.280    -.1035538    .3575494
           game_lead_facil |  -.2266991   .1423163    -1.59   0.111     -.505634    .0522357
   game_count_intervention |   .0023744   .0041919     0.57   0.571    -.0058416    .0105904
      game_optimal_inv_r10 |  -.1024703   .1231733    -0.83   0.405    -.3438856     .138945
       communication_rules |  -.0118164   .0067583    -1.75   0.080    -.0250624    .0014297
      game_come_back_dummy |  -.0072882   .1715955    -0.04   0.966    -.3436093    .3290329
game_discussion_in_village |  -.1029862   .2054611    -0.50   0.616    -.5056825      .29971
--------------------------------------------------------------------------------------------

. estadd scalar r2_p= `r2_p'

added scalar:
               e(r2_p) =  .12463162

. 
. probit survey_maint_2017_FS survey_maint_12m_BS $control $participants $game, robust

Iteration 0:   log pseudolikelihood = -33.163001  
Iteration 1:   log pseudolikelihood = -24.701384  
Iteration 2:   log pseudolikelihood = -24.252532  
Iteration 3:   log pseudolikelihood = -24.247274  
Iteration 4:   log pseudolikelihood =  -24.24727  
Iteration 5:   log pseudolikelihood =  -24.24727  

Probit regression                               Number of obs     =         55
                                                Wald chi2(17)     =      27.86
                                                Prob > chi2       =     0.0466
Log pseudolikelihood =  -24.24727               Pseudo R2         =     0.2688

----------------------------------------------------------------------------------------------
                             |               Robust
        survey_maint_2017_FS |      Coef.   Std. Err.      z    P>|z|     [95% Conf. Interval]
-----------------------------+----------------------------------------------------------------
         survey_maint_12m_BS |   .3794439   .4513385     0.84   0.401    -.5051632    1.264051
                       No_HH |  -.0003956   .0028052    -0.14   0.888    -.0058936    .0051025
                    FES_site |   .2719126   .4933677     0.55   0.582    -.6950702    1.238895
                    Shar_Lit |   .0488706   .0289702     1.69   0.092      -.00791    .1056512
                   Shar_SCST |  -.0203485   .0156831    -1.30   0.194    -.0510869      .01039
survey_dam_for_irrigation_FS |   .6018656   .5598788     1.07   0.282    -.4954768    1.699208
    share_female_percent3_BS |   .2031126   .1740409     1.17   0.243    -.1380013    .5442265
                leader2_2_BS |    .358384    .491384     0.73   0.466    -.6047111    1.321479
                leader2_3_BS |  -.2548117   .6830179    -0.37   0.709    -1.593502    1.083879
             d_illiterate_BS |   .6786788   .4050775     1.68   0.094    -.1152585    1.472616
        game_dist_field_vill |   .0212881   .0847131     0.25   0.802    -.1447466    .1873228
             game_lead_facil |   -.805264   .6042941    -1.33   0.183    -1.989659    .3791307
     game_count_intervention |   .0176635   .0186029     0.95   0.342    -.0187975    .0541244
        game_optimal_inv_r10 |  -.4751658    .431997    -1.10   0.271    -1.321864    .3715327
         communication_rules |   -.022549   .0317459    -0.71   0.478    -.0847699    .0396719
        game_come_back_dummy |   .5435007   .7593721     0.72   0.474    -.9448412    2.031843
  game_discussion_in_village |  -.2470219   .7282993    -0.34   0.734    -1.674462    1.180418
                       _cons |  -1.519711   2.800321    -0.54   0.587     -7.00824    3.968817
----------------------------------------------------------------------------------------------

. local r2_p= e(r2_p)

. eststo det4:  margins, dydx(*) post

Average marginal effects                        Number of obs     =         55
Model VCE    : Robust

Expression   : Pr(survey_maint_2017_FS), predict()
dy/dx w.r.t. : survey_maint_12m_BS No_HH FES_site Shar_Lit Shar_SCST survey_dam_for_irrigation_FS share_female_percent3_BS leader2_2_BS leader2_3_BS
               d_illiterate_BS game_dist_field_vill game_lead_facil game_count_intervention game_optimal_inv_r10 communication_rules game_come_back_dummy
               game_discussion_in_village

----------------------------------------------------------------------------------------------
                             |            Delta-method
                             |      dy/dx   Std. Err.      z    P>|z|     [95% Conf. Interval]
-----------------------------+----------------------------------------------------------------
         survey_maint_12m_BS |   .0925528   .1088496     0.85   0.395    -.1207885    .3058942
                       No_HH |  -.0000965   .0006853    -0.14   0.888    -.0014397    .0012468
                    FES_site |   .0663241   .1197456     0.55   0.580    -.1683729    .3010211
                    Shar_Lit |   .0119204   .0071198     1.67   0.094    -.0020341    .0258748
                   Shar_SCST |  -.0049633   .0037406    -1.33   0.185    -.0122948    .0023682
survey_dam_for_irrigation_FS |   .1468052   .1355206     1.08   0.279    -.1188103    .4124208
    share_female_percent3_BS |   .0495426   .0415632     1.19   0.233    -.0319197    .1310049
                leader2_2_BS |   .0874159   .1195623     0.73   0.465    -.1469218    .3217537
                leader2_3_BS |  -.0621529   .1670079    -0.37   0.710    -.3894824    .2651766
             d_illiterate_BS |   .1655413    .099254     1.67   0.095    -.0289929    .3600755
        game_dist_field_vill |   .0051925   .0207642     0.25   0.803    -.0355046    .0458896
             game_lead_facil |  -.1964176   .1478495    -1.33   0.184    -.4861973    .0933622
     game_count_intervention |   .0043084   .0044738     0.96   0.336    -.0044601    .0130769
        game_optimal_inv_r10 |   -.115901    .101199    -1.15   0.252    -.3142474    .0824454
         communication_rules |  -.0055001   .0075867    -0.72   0.468    -.0203698    .0093696
        game_come_back_dummy |    .132569   .1880521     0.70   0.481    -.2360064    .5011445
  game_discussion_in_village |  -.0602528   .1768307    -0.34   0.733    -.4068346    .2863289
----------------------------------------------------------------------------------------------

. estadd scalar r2_p= `r2_p'

added scalar:
               e(r2_p) =  .26884572

. 
end of do-file

. do "C:\Users\istei\AppData\Local\Temp\STD1088_000000.tmp"

. esttab det1 det2 det3 det4 using "$working_ANALYSIS\results\Tables\tableSOM_determinants_treatment_villages.rtf", se transform(ln*: exp(@) exp(@))mtitles("Dam ma
> intenance (=1)" "" "" "") b(%4.2f)label stats(N r2_p, labels("N" "Pseudo R2" ) fmt(%4.0f %4.2f)) star(* 0.10 ** 0.05 *** 0.01) varlabels(,elist(weight:_cons "{br
> eak}{hline @width}"))  nonotes addnotes("Notes: Estimates are from OLS regressions with robust standard errors. Omitted category is Control villages. 95% confi
> dence intervals in brackets. * p<0.05, ** p<0.01, *** p<0.001") replace 
(output written to D:\OneDrive\Promotion\1_Projects\Games for Sustainability\analysis\results\Tables\tableSOM_determinants_treatment_villages.rtf)

. 
end of do-file

. tab d_illiterate_BS

          0 |
d_illiterat |
         e_ |      Freq.     Percent        Cum.
------------+-----------------------------------
          0 |         33       58.93       58.93
          1 |         23       41.07      100.00
------------+-----------------------------------
      Total |         56      100.00

. tab game_sum_illit_vill

     Sum of |
participant |
   that are |
 illiterate |      Freq.     Percent        Cum.
------------+-----------------------------------
          0 |         33       58.93       58.93
          1 |         14       25.00       83.93
          2 |          6       10.71       94.64
          3 |          3        5.36      100.00
------------+-----------------------------------
      Total |         56      100.00

. tab game_share_illit_vill

 Illiterate |
participans |
       (=1) |      Freq.     Percent        Cum.
------------+-----------------------------------
          0 |         33       58.93       58.93
   .0714286 |         14       25.00       83.93
   .1428571 |          6       10.71       94.64
   .2142857 |          3        5.36      100.00
------------+-----------------------------------
      Total |         56      100.00

. tab d_illiterate_BS

          0 |
d_illiterat |
         e_ |      Freq.     Percent        Cum.
------------+-----------------------------------
          0 |         33       58.93       58.93
          1 |         23       41.07      100.00
------------+-----------------------------------
      Total |         56      100.00

. do "C:\Users\istei\AppData\Local\Temp\STD1088_000000.tmp"

. global control                          No_HH FES_site Shar_Lit Shar_SCST survey_dam_for_irrigation_FS

. global participants     share_female_percent3_BS leader2_2_BS leader2_3_BS  game_dist_field_vill

. global participants2    share_female_percent2_BS leader2_2 leader2_2_BS leader2_3_BS game_dist_field_vill

. global game game_lead_facil game_count_intervention game_optimal_inv_r10 communication_rules game_come_back_dummy game_discussion_in_village

. 
end of do-file

. do "C:\Users\istei\AppData\Local\Temp\STD1088_000000.tmp"

. *maintenance
. probit survey_maint_2017_FS survey_maint_12m_BS $control if treatment == 1, vce(robust)

Iteration 0:   log pseudolikelihood = -33.503097  
Iteration 1:   log pseudolikelihood = -30.264794  
Iteration 2:   log pseudolikelihood = -30.242173  
Iteration 3:   log pseudolikelihood = -30.242171  

Probit regression                               Number of obs     =         56
                                                Wald chi2(6)      =       4.72
                                                Prob > chi2       =     0.5801
Log pseudolikelihood = -30.242171               Pseudo R2         =     0.0973

----------------------------------------------------------------------------------------------
                             |               Robust
        survey_maint_2017_FS |      Coef.   Std. Err.      z    P>|z|     [95% Conf. Interval]
-----------------------------+----------------------------------------------------------------
         survey_maint_12m_BS |   .2086678   .3778404     0.55   0.581    -.5318858    .9492214
                       No_HH |   .0003425   .0023272     0.15   0.883    -.0042188    .0049037
                    FES_site |   .6110363    .442816     1.38   0.168    -.2568672     1.47894
                    Shar_Lit |   .0321091   .0257749     1.25   0.213    -.0184088    .0826269
                   Shar_SCST |  -.0085564   .0112214    -0.76   0.446    -.0305499    .0134371
survey_dam_for_irrigation_FS |   .3568292    .387003     0.92   0.357    -.4016828    1.115341
                       _cons |  -1.090933   1.892781    -0.58   0.564    -4.800715     2.61885
----------------------------------------------------------------------------------------------

. local r2_p= e(r2_p)

. eststo det1:  margins, dydx(*) post

Average marginal effects                        Number of obs     =         56
Model VCE    : Robust

Expression   : Pr(survey_maint_2017_FS), predict()
dy/dx w.r.t. : survey_maint_12m_BS No_HH FES_site Shar_Lit Shar_SCST survey_dam_for_irrigation_FS

----------------------------------------------------------------------------------------------
                             |            Delta-method
                             |      dy/dx   Std. Err.      z    P>|z|     [95% Conf. Interval]
-----------------------------+----------------------------------------------------------------
         survey_maint_12m_BS |   .0641692    .114479     0.56   0.575    -.1602055    .2885438
                       No_HH |   .0001053   .0007157     0.15   0.883    -.0012974    .0015081
                    FES_site |   .1879048   .1279448     1.47   0.142    -.0628624     .438672
                    Shar_Lit |   .0098741    .007466     1.32   0.186    -.0047589    .0245071
                   Shar_SCST |  -.0026312   .0034237    -0.77   0.442    -.0093416    .0040792
survey_dam_for_irrigation_FS |   .1097315   .1156734     0.95   0.343    -.1169843    .3364472
----------------------------------------------------------------------------------------------

. estadd scalar r2_p= `r2_p'

added scalar:
               e(r2_p) =  .09733206

. 
. probit survey_maint_2017_FS survey_maint_12m_BS $participants, robust

Iteration 0:   log pseudolikelihood = -33.503097  
Iteration 1:   log pseudolikelihood = -31.691017  
Iteration 2:   log pseudolikelihood = -31.677536  
Iteration 3:   log pseudolikelihood = -31.677535  

Probit regression                               Number of obs     =         56
                                                Wald chi2(5)      =       4.38
                                                Prob > chi2       =     0.4966
Log pseudolikelihood = -31.677535               Pseudo R2         =     0.0545

------------------------------------------------------------------------------------------
                         |               Robust
    survey_maint_2017_FS |      Coef.   Std. Err.      z    P>|z|     [95% Conf. Interval]
-------------------------+----------------------------------------------------------------
     survey_maint_12m_BS |   .3712521    .368964     1.01   0.314     -.351904    1.094408
share_female_percent3_BS |    .207922   .1173091     1.77   0.076    -.0219997    .4378437
            leader2_2_BS |   .1559322   .4413868     0.35   0.724    -.7091701    1.021035
            leader2_3_BS |  -.3767919   .5056922    -0.75   0.456     -1.36793    .6143466
    game_dist_field_vill |   -.002369   .0655375    -0.04   0.971    -.1308202    .1260822
                   _cons |  -.0455064   .5525699    -0.08   0.934    -1.128524    1.037511
------------------------------------------------------------------------------------------

. local r2_p= e(r2_p)

. eststo det2:  margins, dydx(*) post

Average marginal effects                        Number of obs     =         56
Model VCE    : Robust

Expression   : Pr(survey_maint_2017_FS), predict()
dy/dx w.r.t. : survey_maint_12m_BS share_female_percent3_BS leader2_2_BS leader2_3_BS game_dist_field_vill

------------------------------------------------------------------------------------------
                         |            Delta-method
                         |      dy/dx   Std. Err.      z    P>|z|     [95% Conf. Interval]
-------------------------+----------------------------------------------------------------
     survey_maint_12m_BS |   .1186344   .1159896     1.02   0.306     -.108701    .3459697
share_female_percent3_BS |   .0664419    .036031     1.84   0.065    -.0041775    .1370614
            leader2_2_BS |   .0498285   .1403629     0.35   0.723    -.2252779    .3249348
            leader2_3_BS |  -.1204046   .1600874    -0.75   0.452    -.4341702    .1933609
    game_dist_field_vill |   -.000757   .0209382    -0.04   0.971    -.0417951    .0402811
------------------------------------------------------------------------------------------

. estadd scalar r2_p= `r2_p'

added scalar:
               e(r2_p) =  .05448936

. 
. probit survey_maint_2017_FS survey_maint_12m_BS $game, robust

Iteration 0:   log pseudolikelihood = -33.163001  
Iteration 1:   log pseudolikelihood = -29.070834  
Iteration 2:   log pseudolikelihood = -29.029874  
Iteration 3:   log pseudolikelihood = -29.029843  
Iteration 4:   log pseudolikelihood = -29.029843  

Probit regression                               Number of obs     =         55
                                                Wald chi2(7)      =       8.27
                                                Prob > chi2       =     0.3098
Log pseudolikelihood = -29.029843               Pseudo R2         =     0.1246

--------------------------------------------------------------------------------------------
                           |               Robust
      survey_maint_2017_FS |      Coef.   Std. Err.      z    P>|z|     [95% Conf. Interval]
---------------------------+----------------------------------------------------------------
       survey_maint_12m_BS |   .4250073   .4036134     1.05   0.292    -.3660604    1.216075
           game_lead_facil |  -.7586651   .4992644    -1.52   0.129    -1.737205    .2198752
   game_count_intervention |   .0079461     .01427     0.56   0.578    -.0200226    .0359148
      game_optimal_inv_r10 |  -.3429244   .4198226    -0.82   0.414    -1.165762    .4799129
       communication_rules |  -.0395443   .0234723    -1.68   0.092    -.0855491    .0064605
      game_come_back_dummy |  -.0243904   .5742522    -0.04   0.966    -1.149904    1.101123
game_discussion_in_village |  -.3446509   .6930917    -0.50   0.619    -1.703086    1.013784
                     _cons |   1.609086   .8463349     1.90   0.057    -.0496997    3.267872
--------------------------------------------------------------------------------------------

. local r2_p= e(r2_p)

. eststo det3:  margins, dydx(*) post

Average marginal effects                        Number of obs     =         55
Model VCE    : Robust

Expression   : Pr(survey_maint_2017_FS), predict()
dy/dx w.r.t. : survey_maint_12m_BS game_lead_facil game_count_intervention game_optimal_inv_r10 communication_rules game_come_back_dummy
               game_discussion_in_village

--------------------------------------------------------------------------------------------
                           |            Delta-method
                           |      dy/dx   Std. Err.      z    P>|z|     [95% Conf. Interval]
---------------------------+----------------------------------------------------------------
       survey_maint_12m_BS |   .1269978   .1176305     1.08   0.280    -.1035538    .3575494
           game_lead_facil |  -.2266991   .1423163    -1.59   0.111     -.505634    .0522357
   game_count_intervention |   .0023744   .0041919     0.57   0.571    -.0058416    .0105904
      game_optimal_inv_r10 |  -.1024703   .1231733    -0.83   0.405    -.3438856     .138945
       communication_rules |  -.0118164   .0067583    -1.75   0.080    -.0250624    .0014297
      game_come_back_dummy |  -.0072882   .1715955    -0.04   0.966    -.3436093    .3290329
game_discussion_in_village |  -.1029862   .2054611    -0.50   0.616    -.5056825      .29971
--------------------------------------------------------------------------------------------

. estadd scalar r2_p= `r2_p'

added scalar:
               e(r2_p) =  .12463162

. 
. probit survey_maint_2017_FS survey_maint_12m_BS $control $participants $game, robust

Iteration 0:   log pseudolikelihood = -33.163001  
Iteration 1:   log pseudolikelihood = -25.535889  
Iteration 2:   log pseudolikelihood = -25.037859  
Iteration 3:   log pseudolikelihood = -25.034461  
Iteration 4:   log pseudolikelihood = -25.034461  

Probit regression                               Number of obs     =         55
                                                Wald chi2(16)     =      23.28
                                                Prob > chi2       =     0.1065
Log pseudolikelihood = -25.034461               Pseudo R2         =     0.2451

----------------------------------------------------------------------------------------------
                             |               Robust
        survey_maint_2017_FS |      Coef.   Std. Err.      z    P>|z|     [95% Conf. Interval]
-----------------------------+----------------------------------------------------------------
         survey_maint_12m_BS |   .4672984   .4510281     1.04   0.300    -.4167005    1.351297
                       No_HH |  -.0007579   .0028156    -0.27   0.788    -.0062764    .0047606
                    FES_site |   .1523657   .5130087     0.30   0.766    -.8531128    1.157844
                    Shar_Lit |   .0445512   .0286069     1.56   0.119    -.0115173    .1006198
                   Shar_SCST |  -.0208518   .0147036    -1.42   0.156    -.0496702    .0079667
survey_dam_for_irrigation_FS |   .5474029   .5404152     1.01   0.311    -.5117914    1.606597
    share_female_percent3_BS |   .1851483   .1579689     1.17   0.241    -.1244651    .4947617
                leader2_2_BS |   .4637717   .4926265     0.94   0.346    -.5017585    1.429302
                leader2_3_BS |   .0413046   .6849612     0.06   0.952    -1.301195    1.383804
        game_dist_field_vill |  -.0153947   .0715276    -0.22   0.830    -.1555863    .1247969
             game_lead_facil |  -.7015741   .5949069    -1.18   0.238     -1.86757     .464422
     game_count_intervention |   .0111617   .0176116     0.63   0.526    -.0233564    .0456798
        game_optimal_inv_r10 |  -.6903961   .4486178    -1.54   0.124    -1.569671    .1888787
         communication_rules |  -.0327903   .0317687    -1.03   0.302    -.0950559    .0294753
        game_come_back_dummy |    .475814   .7392796     0.64   0.520    -.9731474    1.924775
  game_discussion_in_village |   -.464473   .7490351    -0.62   0.535    -1.932555    1.003609
                       _cons |  -.0908546   2.830584    -0.03   0.974    -5.638698    5.456989
----------------------------------------------------------------------------------------------

. local r2_p= e(r2_p)

. eststo det4:  margins, dydx(*) post

Average marginal effects                        Number of obs     =         55
Model VCE    : Robust

Expression   : Pr(survey_maint_2017_FS), predict()
dy/dx w.r.t. : survey_maint_12m_BS No_HH FES_site Shar_Lit Shar_SCST survey_dam_for_irrigation_FS share_female_percent3_BS leader2_2_BS leader2_3_BS
               game_dist_field_vill game_lead_facil game_count_intervention game_optimal_inv_r10 communication_rules game_come_back_dummy
               game_discussion_in_village

----------------------------------------------------------------------------------------------
                             |            Delta-method
                             |      dy/dx   Std. Err.      z    P>|z|     [95% Conf. Interval]
-----------------------------+----------------------------------------------------------------
         survey_maint_12m_BS |   .1178962   .1136002     1.04   0.299    -.1047562    .3405486
                       No_HH |  -.0001912   .0007139    -0.27   0.789    -.0015904     .001208
                    FES_site |   .0384408   .1285057     0.30   0.765    -.2134257    .2903074
                    Shar_Lit |     .01124   .0072965     1.54   0.123    -.0030609    .0255408
                   Shar_SCST |  -.0052608   .0035989    -1.46   0.144    -.0123144    .0017929
survey_dam_for_irrigation_FS |    .138106   .1346053     1.03   0.305    -.1257155    .4019275
    share_female_percent3_BS |   .0467117   .0387389     1.21   0.228    -.0292153    .1226386
                leader2_2_BS |   .1170064   .1239758     0.94   0.345    -.1259817    .3599946
                leader2_3_BS |   .0104209   .1728096     0.06   0.952    -.3282797    .3491214
        game_dist_field_vill |   -.003884   .0179307    -0.22   0.829    -.0390275    .0312595
             game_lead_facil |  -.1770023   .1505886    -1.18   0.240    -.4721505    .1181458
     game_count_intervention |    .002816   .0044024     0.64   0.522    -.0058126    .0114446
        game_optimal_inv_r10 |  -.1741822   .1094967    -1.59   0.112    -.3887918    .0404274
         communication_rules |  -.0082728   .0077737    -1.06   0.287    -.0235089    .0069633
        game_come_back_dummy |   .1200446   .1874452     0.64   0.522    -.2473412    .4874304
  game_discussion_in_village |  -.1171834   .1879157    -0.62   0.533    -.4854915    .2511247
----------------------------------------------------------------------------------------------

. estadd scalar r2_p= `r2_p'

added scalar:
               e(r2_p) =  .2451087

. 
. 
end of do-file

. do "C:\Users\istei\AppData\Local\Temp\STD1088_000000.tmp"

. esttab det1 det2 det3 det4 using "$working_ANALYSIS\results\Tables\tableSOM_determinants_treatment_villages.rtf", se transform(ln*: exp(@) exp(@))mtitles("Dam ma
> intenance (=1)" "" "" "") b(%4.2f)label stats(N r2_p, labels("N" "Pseudo R2" ) fmt(%4.0f %4.2f)) star(* 0.10 ** 0.05 *** 0.01) varlabels(,elist(weight:_cons "{br
> eak}{hline @width}"))  nonotes addnotes("Notes: Estimates are from OLS regressions with robust standard errors. Omitted category is Control villages. 95% confi
> dence intervals in brackets. * p<0.05, ** p<0.01, *** p<0.001") replace 
file D:\OneDrive\Promotion\1_Projects\Games for Sustainability\analysis\results\Tables\tableSOM_determinants_treatment_villages.rtf is read-only; cannot be
    modified or erased
r(608);

end of do-file

r(608);

. do "C:\Users\istei\AppData\Local\Temp\STD1088_000000.tmp"

. *export regression outputs
. esttab det1 det2 det3 det4 using "$working_ANALYSIS\results\Tables\tableSOM_determinants_treatment_villages.rtf", se transform(ln*: exp(@) exp(@))mtitles("Dam ma
> intenance (=1)" "" "" "") b(%4.2f)label stats(N r2_p, labels("N" "Pseudo R2" ) fmt(%4.0f %4.2f)) star(* 0.10 ** 0.05 *** 0.01) varlabels(,elist(weight:_cons "{br
> eak}{hline @width}"))  nonotes addnotes("Notes: Estimates are from OLS regressions with robust standard errors. Omitted category is Control villages. 95% confi
> dence intervals in brackets. * p<0.05, ** p<0.01, *** p<0.001") replace 
(output written to D:\OneDrive\Promotion\1_Projects\Games for Sustainability\analysis\results\Tables\tableSOM_determinants_treatment_villages.rtf)

. 
. 
end of do-file

. tab game_sum_illit_vill

     Sum of |
participant |
   that are |
 illiterate |      Freq.     Percent        Cum.
------------+-----------------------------------
          0 |         33       58.93       58.93
          1 |         14       25.00       83.93
          2 |          6       10.71       94.64
          3 |          3        5.36      100.00
------------+-----------------------------------
      Total |         56      100.00

. tab d_illiterate_BS

          0 |
d_illiterat |
         e_ |      Freq.     Percent        Cum.
------------+-----------------------------------
          0 |         33       58.93       58.93
          1 |         23       41.07      100.00
------------+-----------------------------------
      Total |         56      100.00

. tab game_sum_uni_degree_vill

     Sum of |
participant |
that have a |
 uni degree |      Freq.     Percent        Cum.
------------+-----------------------------------
          0 |         35       62.50       62.50
          1 |         12       21.43       83.93
          2 |          6       10.71       94.64
          3 |          2        3.57       98.21
          4 |          1        1.79      100.00
------------+-----------------------------------
      Total |         56      100.00

. tab game_sum_illit_vill

     Sum of |
participant |
   that are |
 illiterate |      Freq.     Percent        Cum.
------------+-----------------------------------
          0 |         33       58.93       58.93
          1 |         14       25.00       83.93
          2 |          6       10.71       94.64
          3 |          3        5.36      100.00
------------+-----------------------------------
      Total |         56      100.00

. tab game_share_uni_degree_vill

   Share of |
participant |
that have a |
 uni degree |      Freq.     Percent        Cum.
------------+-----------------------------------
          0 |         35       62.50       62.50
   .0714286 |         12       21.43       83.93
   .1428571 |          6       10.71       94.64
   .2142857 |          2        3.57       98.21
   .2857143 |          1        1.79      100.00
------------+-----------------------------------
      Total |         56      100.00

. exit, clear
