--------------------------------------------------------------------
      name:  <unnamed>
       log:  D:\OneDrive\Promotion\1_Projects\Games for Sustainabili
> ty\analysis/scripts/logs/2023.03.16-09.39.12.log.txt
  log type:  text
 opened on:  16 Mar 2023, 09:39:12

. 
. di "Begin date and time: $S_DATE $S_TIME"
Begin date and time: 16 Mar 2023 09:39:12

. di "Stata version: `c(stata_version)'"
Stata version: 16.1

. di "Updated as of: `c(born_date)'"
Updated as of: 19 Nov 2020

. di "Variant:       `=cond( c(MP),"MP",cond(c(SE),"SE",c(flavor)) )
> '"
Variant:       MP

. di "Processors:    `c(processors)'"
Processors:    2

. di "OS:            `c(os)' `c(osdtl)'"
OS:            Windows 64-bit

. di "Machine type:  `c(machine_type)'"
Machine type:  PC (64-bit x86-64)

. 
. *   Analyses were run on Windows using Stata version 16
. version 16              // Set Version number for backward compati
> bility

. 
. * All required Stata packages are available in the /libraries/stat
> a folder
. tokenize `"$S_ADO"', parse(";")

. while `"`1'"' != "" {
  2.   if `"`1'"'!="BASE" cap adopath - `"`1'"'
  3.   macro shift
  4. }

. adopath ++ "$working_ANALYSIS/scripts/libraries/stata"
  [1]              "D:\OneDrive\Promotion\1_Projects\Games for Susta
> inability\analysis/scripts/libraries/stata"
  [2]  (BASE)      "C:\Program Files\Stata16\ado\base/"

. mata: mata mlib index
.mlib libraries to be searched are now
    lmatabase;lmataado;lmataerm;lmatafc;lmatagsem;lmatalasso;lmatamc
> mc;lmatameta;lmatami;lmatamixlog;lmatanumlib;lmataopt;lmatapath;lm
> atapostest;lmatapss;lmatasem;lmatasp;lmatasvy;lmatatab;lcolrspace

. sysdir set PERSONAL "$working_ANALYSIS/scripts/libraries/stata"

. 
. * Create directories for output files
. cap mkdir "$working_ANALYSIS/processed"

. cap mkdir "$working_ANALYSIS/results"

. cap mkdir "$working_ANALYSIS/results/intermediate"

. cap mkdir "$working_ANALYSIS/results/tables"

. cap mkdir "$working_ANALYSIS/results/figures"

. 
. * Set general graph style
. set scheme swift_red //select one scheme as reference scheme to wo
> rk with

. grstyle init 

. {
. *Background color
. grstyle set color white: background plotregion graphregion legend 
> box textbox //
. 
. *Main colors (note: swift_red only defines 8 colors. Multiplying t
> he color, that is "xx yy zz*0.5" reduces/increases intensity and "
> xx yy zz%50" reduces transparency)
. grstyle set color       "100 143 255" "120 94 240" "220 38 127" "2
> 54 97 0" "255 176 0" /// 5 main colors
>                                         "100 143 255*0.4" "120 94 
> 240*0.4" "220 38 127*0.4" "254 97 0*0.4" "255 176 0*0.4" ///
>                                         "100 143 255*1.7" "120 94 
> 240*1.7" "220 38 127*1.7" "254 97 0*1.7" "255 176 0*1.7" ///
>                                         : p# p#line p#lineplot p#b
> ar p#area p#arealine p#pie histogram 
. 
. *Font size
. grstyle set size 10pt: heading //titles
. grstyle set size 8pt: subheading axis_title //axis titles
. grstyle set size 8pt: p#label p#boxlabel body small_body text_opti
> on axis_label tick_label minortick_label key_label //all other tex
> t
. 
. }

. * -------------------------------------------------
. 
end of do-file

.  do "C:\Users\istei\AppData\Local\Temp\STD271c_000000.tmp"

. *-----------------------------------------------------------------
> ---
. 
. *--------------------------------------------------
. * STRUCTURE OF THE DO-FILE
. /*
>         1) Analysis Main Manuscript
>         2) Analysis Supplementary Online Materials
> */
. *--------------------------------------------------
. 
. *LOAD DATASET
. use "$working_ANALYSIS/processed/games_clean.dta", clear

. 
. *-----------------------------------------------------------------
> -----
. 
.  
. * Setting globals
. {
. global control                          No_HH FES_site Shar_Lit Sh
> ar_SCST fs_dam_used_farming_new 
. global session_composition      share_female_percent3 leader2_2 le
> ader2_3 d_illiterate
. global session_composition2     share_female_percent2 leader2_2 le
> ader2_3 d_illiterate
. }

. 
end of do-file

.  do "C:\Users\istei\AppData\Local\Temp\STD271c_000000.tmp"

. probit fs_maintenance_12m_new bs_maintenance_12m_new $control $ses
> sion_composition2, robust

Iteration 0:   log pseudolikelihood = -32.542487  
Iteration 1:   log pseudolikelihood = -25.984584  
Iteration 2:   log pseudolikelihood = -25.593172  
Iteration 3:   log pseudolikelihood = -25.588984  
Iteration 4:   log pseudolikelihood = -25.588983  

Probit regression                               Number of obs     = 
>         56
                                                Wald chi2(10)     = 
>      13.36
                                                Prob > chi2       = 
>     0.2044
Log pseudolikelihood = -25.588983               Pseudo R2         = 
>     0.2137

--------------------------------------------------------------------
> ----------
             |               Robust
fs_mainten~w |      Coef.   Std. Err.      z    P>|z|     [95% Conf.
>  Interval]
-------------+------------------------------------------------------
> ----------
bs_mainten~w |   .0870289    .431325     0.20   0.840    -.7583526  
>   .9324104
       No_HH |   .0031772   .0026263     1.21   0.226    -.0019701  
>   .0083246
    FES_site |   .8498988   .4518964     1.88   0.060    -.0358018  
>   1.735599
    Shar_Lit |   .0326581   .0269368     1.21   0.225     -.020137  
>   .0854532
   Shar_SCST |  -.0115717   .0152878    -0.76   0.449    -.0415352  
>   .0183919
fs_dam_use~w |   .4207145   .3908315     1.08   0.282    -.3453012  
>    1.18673
share_fema~2 |   .0385709   .0173661     2.22   0.026     .0045341  
>   .0726078
   leader2_2 |   .2671443   .4861174     0.55   0.583    -.6856284  
>   1.219917
   leader2_3 |  -.3085892   .5456724    -0.57   0.572    -1.378087  
>    .760909
d_illiterate |   .4971537    .418359     1.19   0.235    -.3228148  
>   1.317122
       _cons |  -2.420145   2.158114    -1.12   0.262     -6.64997  
>    1.80968
--------------------------------------------------------------------
> ----------

. margins, at(share_female_percent2==(0(10)100)) atmeans vsquish

Adjusted predictions                            Number of obs     = 
>         56
Model VCE    : Robust

Expression   : Pr(fs_maintenance_12m_new), predict()
1._at        : bs_mainten~w    =    .5535714 (mean)
               No_HH           =    164.1964 (mean)
               FES_site        =    .6964286 (mean)
               Shar_Lit        =    51.27821 (mean)
               Shar_SCST       =     78.3905 (mean)
               fs_dam_use~w    =    .4285714 (mean)
               share_fema~2    =           0
               leader2_2       =    .3035714 (mean)
               leader2_3       =    .2321429 (mean)
               d_illiterate    =    .4107143 (mean)
2._at        : bs_mainten~w    =    .5535714 (mean)
               No_HH           =    164.1964 (mean)
               FES_site        =    .6964286 (mean)
               Shar_Lit        =    51.27821 (mean)
               Shar_SCST       =     78.3905 (mean)
               fs_dam_use~w    =    .4285714 (mean)
               share_fema~2    =          10
               leader2_2       =    .3035714 (mean)
               leader2_3       =    .2321429 (mean)
               d_illiterate    =    .4107143 (mean)
3._at        : bs_mainten~w    =    .5535714 (mean)
               No_HH           =    164.1964 (mean)
               FES_site        =    .6964286 (mean)
               Shar_Lit        =    51.27821 (mean)
               Shar_SCST       =     78.3905 (mean)
               fs_dam_use~w    =    .4285714 (mean)
               share_fema~2    =          20
               leader2_2       =    .3035714 (mean)
               leader2_3       =    .2321429 (mean)
               d_illiterate    =    .4107143 (mean)
4._at        : bs_mainten~w    =    .5535714 (mean)
               No_HH           =    164.1964 (mean)
               FES_site        =    .6964286 (mean)
               Shar_Lit        =    51.27821 (mean)
               Shar_SCST       =     78.3905 (mean)
               fs_dam_use~w    =    .4285714 (mean)
               share_fema~2    =          30
               leader2_2       =    .3035714 (mean)
               leader2_3       =    .2321429 (mean)
               d_illiterate    =    .4107143 (mean)
5._at        : bs_mainten~w    =    .5535714 (mean)
               No_HH           =    164.1964 (mean)
               FES_site        =    .6964286 (mean)
               Shar_Lit        =    51.27821 (mean)
               Shar_SCST       =     78.3905 (mean)
               fs_dam_use~w    =    .4285714 (mean)
               share_fema~2    =          40
               leader2_2       =    .3035714 (mean)
               leader2_3       =    .2321429 (mean)
               d_illiterate    =    .4107143 (mean)
6._at        : bs_mainten~w    =    .5535714 (mean)
               No_HH           =    164.1964 (mean)
               FES_site        =    .6964286 (mean)
               Shar_Lit        =    51.27821 (mean)
               Shar_SCST       =     78.3905 (mean)
               fs_dam_use~w    =    .4285714 (mean)
               share_fema~2    =          50
               leader2_2       =    .3035714 (mean)
               leader2_3       =    .2321429 (mean)
               d_illiterate    =    .4107143 (mean)
7._at        : bs_mainten~w    =    .5535714 (mean)
               No_HH           =    164.1964 (mean)
               FES_site        =    .6964286 (mean)
               Shar_Lit        =    51.27821 (mean)
               Shar_SCST       =     78.3905 (mean)
               fs_dam_use~w    =    .4285714 (mean)
               share_fema~2    =          60
               leader2_2       =    .3035714 (mean)
               leader2_3       =    .2321429 (mean)
               d_illiterate    =    .4107143 (mean)
8._at        : bs_mainten~w    =    .5535714 (mean)
               No_HH           =    164.1964 (mean)
               FES_site        =    .6964286 (mean)
               Shar_Lit        =    51.27821 (mean)
               Shar_SCST       =     78.3905 (mean)
               fs_dam_use~w    =    .4285714 (mean)
               share_fema~2    =          70
               leader2_2       =    .3035714 (mean)
               leader2_3       =    .2321429 (mean)
               d_illiterate    =    .4107143 (mean)
9._at        : bs_mainten~w    =    .5535714 (mean)
               No_HH           =    164.1964 (mean)
               FES_site        =    .6964286 (mean)
               Shar_Lit        =    51.27821 (mean)
               Shar_SCST       =     78.3905 (mean)
               fs_dam_use~w    =    .4285714 (mean)
               share_fema~2    =          80
               leader2_2       =    .3035714 (mean)
               leader2_3       =    .2321429 (mean)
               d_illiterate    =    .4107143 (mean)
10._at       : bs_mainten~w    =    .5535714 (mean)
               No_HH           =    164.1964 (mean)
               FES_site        =    .6964286 (mean)
               Shar_Lit        =    51.27821 (mean)
               Shar_SCST       =     78.3905 (mean)
               fs_dam_use~w    =    .4285714 (mean)
               share_fema~2    =          90
               leader2_2       =    .3035714 (mean)
               leader2_3       =    .2321429 (mean)
               d_illiterate    =    .4107143 (mean)
11._at       : bs_mainten~w    =    .5535714 (mean)
               No_HH           =    164.1964 (mean)
               FES_site        =    .6964286 (mean)
               Shar_Lit        =    51.27821 (mean)
               Shar_SCST       =     78.3905 (mean)
               fs_dam_use~w    =    .4285714 (mean)
               share_fema~2    =         100
               leader2_2       =    .3035714 (mean)
               leader2_3       =    .2321429 (mean)
               d_illiterate    =    .4107143 (mean)

--------------------------------------------------------------------
> ----------
             |            Delta-method
             |     Margin   Std. Err.      z    P>|z|     [95% Conf.
>  Interval]
-------------+------------------------------------------------------
> ----------
         _at |
          1  |   .4614066   .1594728     2.89   0.004     .1488456  
>   .7739675
          2  |   .6136399   .1032419     5.94   0.000     .4112894  
>   .8159904
          3  |   .7500121   .0671188    11.17   0.000     .6184616  
>   .8815626
          4  |   .8554817       .063    13.58   0.000      .732004  
>   .9789593
          5  |   .9259039   .0576897    16.05   0.000     .8128341  
>   1.038974
          6  |   .9664987   .0422949    22.85   0.000     .8836021  
>   1.049395
          7  |   .9867009   .0249719    39.51   0.000     .9377568  
>   1.035645
          8  |   .9953804   .0121155    82.16   0.000     .9716344  
>   1.019126
          9  |   .9985995   .0048981   203.87   0.000     .9889994  
>     1.0082
         10  |   .9996302   .0016651   600.36   0.000     .9963668  
>   1.002894
         11  |   .9999151   .0004788  2088.53   0.000     .9989768  
>   1.000853
--------------------------------------------------------------------
> ----------

. 
end of do-file

. do "C:\Users\istei\AppData\Local\Temp\STD271c_000000.tmp"

. probit fs_maintenance_12m_new bs_maintenance_12m_new $control $session_composition2, robust

Iteration 0:   log pseudolikelihood = -32.542487  
Iteration 1:   log pseudolikelihood = -25.984584  
Iteration 2:   log pseudolikelihood = -25.593172  
Iteration 3:   log pseudolikelihood = -25.588984  
Iteration 4:   log pseudolikelihood = -25.588983  

Probit regression                               Number of obs     =         56
                                                Wald chi2(10)     =      13.36
                                                Prob > chi2       =     0.2044
Log pseudolikelihood = -25.588983               Pseudo R2         =     0.2137

-----------------------------------------------------------------------------------------
                        |               Robust
 fs_maintenance_12m_new |      Coef.   Std. Err.      z    P>|z|     [95% Conf. Interval]
------------------------+----------------------------------------------------------------
 bs_maintenance_12m_new |   .0870289    .431325     0.20   0.840    -.7583526    .9324104
                  No_HH |   .0031772   .0026263     1.21   0.226    -.0019701    .0083246
               FES_site |   .8498988   .4518964     1.88   0.060    -.0358018    1.735599
               Shar_Lit |   .0326581   .0269368     1.21   0.225     -.020137    .0854532
              Shar_SCST |  -.0115717   .0152878    -0.76   0.449    -.0415352    .0183919
fs_dam_used_farming_new |   .4207145   .3908315     1.08   0.282    -.3453012     1.18673
  share_female_percent2 |   .0385709   .0173661     2.22   0.026     .0045341    .0726078
              leader2_2 |   .2671443   .4861174     0.55   0.583    -.6856284    1.219917
              leader2_3 |  -.3085892   .5456724    -0.57   0.572    -1.378087     .760909
           d_illiterate |   .4971537    .418359     1.19   0.235    -.3228148    1.317122
                  _cons |  -2.420145   2.158114    -1.12   0.262     -6.64997     1.80968
-----------------------------------------------------------------------------------------

. margins, at(share_female_percent2==(0(10)100)) atmeans vsquish

Adjusted predictions                            Number of obs     =         56
Model VCE    : Robust

Expression   : Pr(fs_maintenance_12m_new), predict()
1._at        : bs_mainten~w    =    .5535714 (mean)
               No_HH           =    164.1964 (mean)
               FES_site        =    .6964286 (mean)
               Shar_Lit        =    51.27821 (mean)
               Shar_SCST       =     78.3905 (mean)
               fs_dam_use~w    =    .4285714 (mean)
               share_fema~2    =           0
               leader2_2       =    .3035714 (mean)
               leader2_3       =    .2321429 (mean)
               d_illiterate    =    .4107143 (mean)
2._at        : bs_mainten~w    =    .5535714 (mean)
               No_HH           =    164.1964 (mean)
               FES_site        =    .6964286 (mean)
               Shar_Lit        =    51.27821 (mean)
               Shar_SCST       =     78.3905 (mean)
               fs_dam_use~w    =    .4285714 (mean)
               share_fema~2    =          10
               leader2_2       =    .3035714 (mean)
               leader2_3       =    .2321429 (mean)
               d_illiterate    =    .4107143 (mean)
3._at        : bs_mainten~w    =    .5535714 (mean)
               No_HH           =    164.1964 (mean)
               FES_site        =    .6964286 (mean)
               Shar_Lit        =    51.27821 (mean)
               Shar_SCST       =     78.3905 (mean)
               fs_dam_use~w    =    .4285714 (mean)
               share_fema~2    =          20
               leader2_2       =    .3035714 (mean)
               leader2_3       =    .2321429 (mean)
               d_illiterate    =    .4107143 (mean)
4._at        : bs_mainten~w    =    .5535714 (mean)
               No_HH           =    164.1964 (mean)
               FES_site        =    .6964286 (mean)
               Shar_Lit        =    51.27821 (mean)
               Shar_SCST       =     78.3905 (mean)
               fs_dam_use~w    =    .4285714 (mean)
               share_fema~2    =          30
               leader2_2       =    .3035714 (mean)
               leader2_3       =    .2321429 (mean)
               d_illiterate    =    .4107143 (mean)
5._at        : bs_mainten~w    =    .5535714 (mean)
               No_HH           =    164.1964 (mean)
               FES_site        =    .6964286 (mean)
               Shar_Lit        =    51.27821 (mean)
               Shar_SCST       =     78.3905 (mean)
               fs_dam_use~w    =    .4285714 (mean)
               share_fema~2    =          40
               leader2_2       =    .3035714 (mean)
               leader2_3       =    .2321429 (mean)
               d_illiterate    =    .4107143 (mean)
6._at        : bs_mainten~w    =    .5535714 (mean)
               No_HH           =    164.1964 (mean)
               FES_site        =    .6964286 (mean)
               Shar_Lit        =    51.27821 (mean)
               Shar_SCST       =     78.3905 (mean)
               fs_dam_use~w    =    .4285714 (mean)
               share_fema~2    =          50
               leader2_2       =    .3035714 (mean)
               leader2_3       =    .2321429 (mean)
               d_illiterate    =    .4107143 (mean)
7._at        : bs_mainten~w    =    .5535714 (mean)
               No_HH           =    164.1964 (mean)
               FES_site        =    .6964286 (mean)
               Shar_Lit        =    51.27821 (mean)
               Shar_SCST       =     78.3905 (mean)
               fs_dam_use~w    =    .4285714 (mean)
               share_fema~2    =          60
               leader2_2       =    .3035714 (mean)
               leader2_3       =    .2321429 (mean)
               d_illiterate    =    .4107143 (mean)
8._at        : bs_mainten~w    =    .5535714 (mean)
               No_HH           =    164.1964 (mean)
               FES_site        =    .6964286 (mean)
               Shar_Lit        =    51.27821 (mean)
               Shar_SCST       =     78.3905 (mean)
               fs_dam_use~w    =    .4285714 (mean)
               share_fema~2    =          70
               leader2_2       =    .3035714 (mean)
               leader2_3       =    .2321429 (mean)
               d_illiterate    =    .4107143 (mean)
9._at        : bs_mainten~w    =    .5535714 (mean)
               No_HH           =    164.1964 (mean)
               FES_site        =    .6964286 (mean)
               Shar_Lit        =    51.27821 (mean)
               Shar_SCST       =     78.3905 (mean)
               fs_dam_use~w    =    .4285714 (mean)
               share_fema~2    =          80
               leader2_2       =    .3035714 (mean)
               leader2_3       =    .2321429 (mean)
               d_illiterate    =    .4107143 (mean)
10._at       : bs_mainten~w    =    .5535714 (mean)
               No_HH           =    164.1964 (mean)
               FES_site        =    .6964286 (mean)
               Shar_Lit        =    51.27821 (mean)
               Shar_SCST       =     78.3905 (mean)
               fs_dam_use~w    =    .4285714 (mean)
               share_fema~2    =          90
               leader2_2       =    .3035714 (mean)
               leader2_3       =    .2321429 (mean)
               d_illiterate    =    .4107143 (mean)
11._at       : bs_mainten~w    =    .5535714 (mean)
               No_HH           =    164.1964 (mean)
               FES_site        =    .6964286 (mean)
               Shar_Lit        =    51.27821 (mean)
               Shar_SCST       =     78.3905 (mean)
               fs_dam_use~w    =    .4285714 (mean)
               share_fema~2    =         100
               leader2_2       =    .3035714 (mean)
               leader2_3       =    .2321429 (mean)
               d_illiterate    =    .4107143 (mean)

------------------------------------------------------------------------------
             |            Delta-method
             |     Margin   Std. Err.      z    P>|z|     [95% Conf. Interval]
-------------+----------------------------------------------------------------
         _at |
          1  |   .4614066   .1594728     2.89   0.004     .1488456    .7739675
          2  |   .6136399   .1032419     5.94   0.000     .4112894    .8159904
          3  |   .7500121   .0671188    11.17   0.000     .6184616    .8815626
          4  |   .8554817       .063    13.58   0.000      .732004    .9789593
          5  |   .9259039   .0576897    16.05   0.000     .8128341    1.038974
          6  |   .9664987   .0422949    22.85   0.000     .8836021    1.049395
          7  |   .9867009   .0249719    39.51   0.000     .9377568    1.035645
          8  |   .9953804   .0121155    82.16   0.000     .9716344    1.019126
          9  |   .9985995   .0048981   203.87   0.000     .9889994      1.0082
         10  |   .9996302   .0016651   600.36   0.000     .9963668    1.002894
         11  |   .9999151   .0004788  2088.53   0.000     .9989768    1.000853
------------------------------------------------------------------------------

. 
end of do-file

. do "C:\Users\istei\AppData\Local\Temp\STD271c_000000.tmp"

. probit fs_maintenance_12m_new bs_maintenance_12m_new $control $session_composition2, robust

Iteration 0:   log pseudolikelihood = -32.542487  
Iteration 1:   log pseudolikelihood = -25.984584  
Iteration 2:   log pseudolikelihood = -25.593172  
Iteration 3:   log pseudolikelihood = -25.588984  
Iteration 4:   log pseudolikelihood = -25.588983  

Probit regression                               Number of obs     =         56
                                                Wald chi2(10)     =      13.36
                                                Prob > chi2       =     0.2044
Log pseudolikelihood = -25.588983               Pseudo R2         =     0.2137

-----------------------------------------------------------------------------------------
                        |               Robust
 fs_maintenance_12m_new |      Coef.   Std. Err.      z    P>|z|     [95% Conf. Interval]
------------------------+----------------------------------------------------------------
 bs_maintenance_12m_new |   .0870289    .431325     0.20   0.840    -.7583526    .9324104
                  No_HH |   .0031772   .0026263     1.21   0.226    -.0019701    .0083246
               FES_site |   .8498988   .4518964     1.88   0.060    -.0358018    1.735599
               Shar_Lit |   .0326581   .0269368     1.21   0.225     -.020137    .0854532
              Shar_SCST |  -.0115717   .0152878    -0.76   0.449    -.0415352    .0183919
fs_dam_used_farming_new |   .4207145   .3908315     1.08   0.282    -.3453012     1.18673
  share_female_percent2 |   .0385709   .0173661     2.22   0.026     .0045341    .0726078
              leader2_2 |   .2671443   .4861174     0.55   0.583    -.6856284    1.219917
              leader2_3 |  -.3085892   .5456724    -0.57   0.572    -1.378087     .760909
           d_illiterate |   .4971537    .418359     1.19   0.235    -.3228148    1.317122
                  _cons |  -2.420145   2.158114    -1.12   0.262     -6.64997     1.80968
-----------------------------------------------------------------------------------------

. 
end of do-file

. do "C:\Users\istei\AppData\Local\Temp\STD271c_000000.tmp"

. probit fs_dam_maintenance_rule_new bs_dam_maintenance_rule_new $control $session_composition2, robust

Iteration 0:   log pseudolikelihood = -35.164729  
Iteration 1:   log pseudolikelihood = -28.288569  
Iteration 2:   log pseudolikelihood = -28.126051  
Iteration 3:   log pseudolikelihood = -28.125714  
Iteration 4:   log pseudolikelihood = -28.125714  

Probit regression                               Number of obs     =         56
                                                Wald chi2(10)     =      18.55
                                                Prob > chi2       =     0.0463
Log pseudolikelihood = -28.125714               Pseudo R2         =     0.2002

---------------------------------------------------------------------------------------------
                            |               Robust
fs_dam_maintenance_rule_new |      Coef.   Std. Err.      z    P>|z|     [95% Conf. Interval]
----------------------------+----------------------------------------------------------------
bs_dam_maintenance_rule_new |  -.0659772   .5554589    -0.12   0.905    -1.154657    1.022702
                      No_HH |  -.0015973   .0028955    -0.55   0.581    -.0072724    .0040779
                   FES_site |   .5857444   .4359941     1.34   0.179    -.2687883    1.440277
                   Shar_Lit |  -.0262382   .0232432    -1.13   0.259     -.071794    .0193177
                  Shar_SCST |  -.0106216   .0134569    -0.79   0.430    -.0369967    .0157535
    fs_dam_used_farming_new |  -.4731477   .4152509    -1.14   0.255    -1.287024     .340729
      share_female_percent2 |   .0356374   .0116496     3.06   0.002     .0128046    .0584701
                  leader2_2 |   .3595024   .4112809     0.87   0.382    -.4465933    1.165598
                  leader2_3 |  -.0480816    .528328    -0.09   0.927    -1.083586    .9874224
               d_illiterate |   .3922933    .405527     0.97   0.333     -.402525    1.187112
                      _cons |   .5379007   1.844966     0.29   0.771    -3.078166    4.153967
---------------------------------------------------------------------------------------------

. 
end of do-file

. use "C:\Users\istei\Dropbox\IA Paper\analysis_newdata_lba\2023_02_Survey&Game_Wide.dta"

. do "C:\Users\istei\AppData\Local\Temp\STD271c_000000.tmp"

. use "$working_ANALYSIS/processed/2023_02_Survey&Game_Wide.dta", clear
file D:\OneDrive\Promotion\1_Projects\Games for Sustainability\analysis/processed/2023_02_Survey&Game_Wide.dta not found
r(601);

end of do-file

r(601);

. do "C:\Users\istei\AppData\Local\Temp\STD271c_000000.tmp"

. *   "Repeated information of benefits reduce COVID-19 vaccination hesitancy: Experimental evidence from Germany"
. *       Authors: Max Burger, Matthias Mayer, Ivo Steimanis
. *   All raw datafiles are stored in /data
. *   All figures reported in the main manuscript and SOM are outputted to /results/figures
. *   All tables areported in the main manuscript and SOM are outputted to /results/tables
. * TO PERFORM A CLEAN RUN, DELETE THE FOLLOWING TWO FOLDERS:
. *   /processed
. *   /results
. *-------------------------------------------------------------------------------------------------------
. 
. 
. *--------------------------------------------------
. * Set global Working Directory
. *--------------------------------------------------
. * Define this global macro to point where the replication folder is saved locally that includes this run.do script
. global working_ANALYSIS "D:\OneDrive\Promotion\1_Projects\Games for Sustainability\analysis"

. 
. 
. *--------------------------------------------------
. * Program Setup
. *--------------------------------------------------
. * Initialize log and record system parameters
. clear

. set more off

. cap mkdir "$working_ANALYSIS/scripts/logs"

. cap log close
