-------------------------------------------------------------------------------------------------------------------------------------------------------------------
      name:  <unnamed>
       log:  D:\OneDrive\Promotion\1_Projects\Games for Sustainability\analysis/scripts/logs/2023.04.18-10.50.14.log.txt
  log type:  text
 opened on:  18 Apr 2023, 10:50:14

. 
. di "Begin date and time: $S_DATE $S_TIME"
Begin date and time: 18 Apr 2023 10:50:14

. di "Stata version: `c(stata_version)'"
Stata version: 16.1

. di "Updated as of: `c(born_date)'"
Updated as of: 19 Nov 2020

. di "Variant:       `=cond( c(MP),"MP",cond(c(SE),"SE",c(flavor)) )'"
Variant:       MP

. di "Processors:    `c(processors)'"
Processors:    2

. di "OS:            `c(os)' `c(osdtl)'"
OS:            Windows 64-bit

. di "Machine type:  `c(machine_type)'"
Machine type:  PC (64-bit x86-64)

. 
. *   Analyses were run on Windows using Stata version 16
. version 16              // Set Version number for backward compatibility

. 
. * All required Stata packages are available in the /libraries/stata folder
. tokenize `"$S_ADO"', parse(";")

. while `"`1'"' != "" {
  2.   if `"`1'"'!="BASE" cap adopath - `"`1'"'
  3.   macro shift
  4. }

. adopath ++ "$working_ANALYSIS/scripts/libraries/stata"
  [1]              "D:\OneDrive\Promotion\1_Projects\Games for Sustainability\analysis/scripts/libraries/stata"
  [2]  (BASE)      "C:\Program Files\Stata16\ado\base/"

. mata: mata mlib index
.mlib libraries to be searched are now
    lmatabase;lmataado;lmataerm;lmatafc;lmatagsem;lmatalasso;lmatamcmc;lmatameta;lmatami;lmatamixlog;lmatanumlib;lmataopt;lmatapath;lmatapostest;lmatapss;lmatasem;
> lmatasp;lmatasvy;lmatatab;lcolrspace

. sysdir set PERSONAL "$working_ANALYSIS/scripts/libraries/stata"

. 
. * Create directories for output files
. cap mkdir "$working_ANALYSIS/processed"

. cap mkdir "$working_ANALYSIS/results"

. cap mkdir "$working_ANALYSIS/results/intermediate"

. cap mkdir "$working_ANALYSIS/results/tables"

. cap mkdir "$working_ANALYSIS/results/figures"

. 
. * Set general graph style
. set scheme swift_red //select one scheme as reference scheme to work with

. grstyle init 

. {
. *Background color
. grstyle set color white: background plotregion graphregion legend box textbox //
. 
. *Main colors (note: swift_red only defines 8 colors. Multiplying the color, that is "xx yy zz*0.5" reduces/increases intensity and "xx yy zz%50" reduces transpar
> ency)
. grstyle set color       "100 143 255" "120 94 240" "220 38 127" "254 97 0" "255 176 0" /// 5 main colors
>                                         "100 143 255*0.4" "120 94 240*0.4" "220 38 127*0.4" "254 97 0*0.4" "255 176 0*0.4" ///
>                                         "100 143 255*1.7" "120 94 240*1.7" "220 38 127*1.7" "254 97 0*1.7" "255 176 0*1.7" ///
>                                         : p# p#line p#lineplot p#bar p#area p#arealine p#pie histogram 
. 
. *Font size
. grstyle set size 10pt: heading //titles
. grstyle set size 8pt: subheading axis_title //axis titles
. grstyle set size 8pt: p#label p#boxlabel body small_body text_option axis_label tick_label minortick_label key_label //all other text
. 
. }

. * -------------------------------------------------
. 
. 
end of do-file

. do "C:\Users\istei\AppData\Local\Temp\STD3458_000000.tmp"

. 
. *LOAD DATASET
. use "$working_ANALYSIS/processed/2023_03_Survey&Game_Wide.dta", clear

. 
. *drop variables with all missings
. dropmiss
(game_av_inv_vill_R6_10 survey_CWRgroup_already_FS survey_CWRgroup_new_FS survey_activity_any_FS survey_activity_earthwall_BS survey_activity_earthwall_FS
survey_activity_mainwall_BS survey_activity_mainwall_FS survey_activity_silt_BS survey_activity_silt_FS survey_activity_sluicegate_BS survey_activity_sluicegate_FS
survey_activity_vege_BS survey_activity_vege_FS survey_benefit_agri_BS survey_change_benefit_FS survey_collact_new_FS survey_compay_community_FS
survey_compay_equal_FS survey_compay_leader_FS survey_compay_otheruser_FS survey_cwr_bori_FS survey_cwr_dam_FS survey_cwr_other_FS survey_cwr_pond_FS
survey_indipay_comm_FS survey_indipay_equally_FS survey_indipay_other_FS survey_indipayn_notspent_FS survey_interview_others_BS survey_interview_others_FS
survey_interview_waterua_BS survey_interview_waterua_FS survey_rules_alloc_BS survey_rules_alloc_FS survey_rules_extr_alloc_BS survey_rules_extr_alloc_FS
survey_rules_extr_opre_BS survey_rules_extr_opre_FS survey_rules_extr_other_BS survey_rules_extr_other_FS survey_rules_old_all_BS survey_rules_old_alloc_BS
survey_rules_old_maint_BS survey_rules_old_oper_BS survey_rules_old_other_BS survey_rules_oper_BS survey_rules_oper_FS survey_rules_other_BS survey_rules_other_FS
dropped)

. drop if treatment_BS==0
(28 observations deleted)

. *----------------------------------------------------------------------
. sort game_date_intervention

. gen sequence=[_n]

. gen seq_split= 0

. replace seq_split=1 if sequence>28
(28 real changes made)

. 
. 
. lab var FES_site "NGO active in village (=1)"

. lab var share_female_percent3_BS "Non-leader female participants (in 10%)"

. lab var leader2_2_BS "Only male leader participated (=1)"

. lab var leader2_3_BS "Female leader participated (=1)"

. lab var sequence "Sequence of game interventions (1 to 56)"

. lab var survey_dam_for_irrigation_FS "Dam used for irrigation (=1)"

. lab var survey_maint_2017_FS "Endline: Maintenance (=1)"

. lab var survey_maint_12m_BS "Baseline: Maintenance (=1)"

. lab var survey_maint_rule_FS "Endline: Maintenance rule (=1)"

. lab var survey_maint_rule_BS "Baseline: Maintenance rule (=1)"

. 
. *-----------------------------------------
. * 1) ANALYSIS MAIN MANUSCRIPT
. *-----------------------------------------
. * Setting globals
. global village  No_HH FES_site Shar_Lit Shar_SCST survey_dam_for_irrigation_FS 

. 
end of do-file

. do "C:\Users\istei\AppData\Local\Temp\STD3458_000000.tmp"

. *LOAD DATASET
. use "$working_ANALYSIS/processed/2023_03_Survey&Game_Wide.dta", clear

. 
end of do-file

. do "C:\Users\istei\AppData\Local\Temp\STD3458_000000.tmp"

. dropmiss
(game_av_inv_vill_R6_10 survey_CWRgroup_already_FS survey_CWRgroup_new_FS survey_activity_any_FS survey_activity_earthwall_BS survey_activity_earthwall_FS
survey_activity_mainwall_BS survey_activity_mainwall_FS survey_activity_silt_BS survey_activity_silt_FS survey_activity_sluicegate_BS survey_activity_sluicegate_FS
survey_activity_vege_BS survey_activity_vege_FS survey_benefit_agri_BS survey_change_benefit_FS survey_collact_new_FS survey_compay_community_FS
survey_compay_equal_FS survey_compay_leader_FS survey_compay_otheruser_FS survey_cwr_bori_FS survey_cwr_dam_FS survey_cwr_other_FS survey_cwr_pond_FS
survey_indipay_comm_FS survey_indipay_equally_FS survey_indipay_other_FS survey_indipayn_notspent_FS survey_interview_others_BS survey_interview_others_FS
survey_interview_waterua_BS survey_interview_waterua_FS survey_rules_alloc_BS survey_rules_alloc_FS survey_rules_extr_alloc_BS survey_rules_extr_alloc_FS
survey_rules_extr_opre_BS survey_rules_extr_opre_FS survey_rules_extr_other_BS survey_rules_extr_other_FS survey_rules_old_all_BS survey_rules_old_alloc_BS
survey_rules_old_maint_BS survey_rules_old_oper_BS survey_rules_old_other_BS survey_rules_oper_BS survey_rules_oper_FS survey_rules_other_BS survey_rules_other_FS
dropped)

. 
end of do-file

. do "C:\Users\istei\AppData\Local\Temp\STD3458_000000.tmp"

. global village  No_HH FES_site Shar_Lit Shar_SCST survey_dam_for_irrigation_FS 

. 
end of do-file

. do "C:\Users\istei\AppData\Local\Temp\STD3458_000000.tmp"

. *maintenance
. probit survey_maint_2017_FS treatment_BS survey_maint_12m_BS, vce(robust)

Iteration 0:   log pseudolikelihood = -54.747551  
Iteration 1:   log pseudolikelihood = -50.686569  
Iteration 2:   log pseudolikelihood = -50.673484  
Iteration 3:   log pseudolikelihood = -50.673483  

Probit regression                               Number of obs     =         84
                                                Wald chi2(2)      =       7.48
                                                Prob > chi2       =     0.0238
Log pseudolikelihood = -50.673483               Pseudo R2         =     0.0744

--------------------------------------------------------------------------------------
                     |               Robust
survey_maint_2017_FS |      Coef.   Std. Err.      z    P>|z|     [95% Conf. Interval]
---------------------+----------------------------------------------------------------
        treatment_BS |   .5640697    .299312     1.88   0.059    -.0225711    1.150711
 survey_maint_12m_BS |    .607976   .2916971     2.08   0.037     .0362601    1.179692
               _cons |   -.303988   .2767365    -1.10   0.272    -.8463815    .2384056
--------------------------------------------------------------------------------------

. local r2_p= e(r2_p)

. eststo treatment1:  margins, dydx(*) post

Average marginal effects                        Number of obs     =         84
Model VCE    : Robust

Expression   : Pr(survey_maint_2017_FS), predict()
dy/dx w.r.t. : treatment_BS survey_maint_12m_BS

-------------------------------------------------------------------------------------
                    |            Delta-method
                    |      dy/dx   Std. Err.      z    P>|z|     [95% Conf. Interval]
--------------------+----------------------------------------------------------------
       treatment_BS |   .1940987   .0959112     2.02   0.043     .0061162    .3820811
survey_maint_12m_BS |    .209207   .0919223     2.28   0.023     .0290426    .3893714
-------------------------------------------------------------------------------------

. estadd scalar r2_p = `r2_p'

added scalar:
               e(r2_p) =  .07441553

. 
. probit survey_maint_2017_FS treatment_BS survey_maint_12m_BS $village, vce(robust)

Iteration 0:   log pseudolikelihood = -54.302378  
Iteration 1:   log pseudolikelihood = -47.880411  
Iteration 2:   log pseudolikelihood = -47.866711  
Iteration 3:   log pseudolikelihood = -47.866711  

Probit regression                               Number of obs     =         83
                                                Wald chi2(7)      =      11.74
                                                Prob > chi2       =     0.1093
Log pseudolikelihood = -47.866711               Pseudo R2         =     0.1185

----------------------------------------------------------------------------------------------
                             |               Robust
        survey_maint_2017_FS |      Coef.   Std. Err.      z    P>|z|     [95% Conf. Interval]
-----------------------------+----------------------------------------------------------------
                treatment_BS |   .6096168   .3196498     1.91   0.057    -.0168852    1.236119
         survey_maint_12m_BS |   .5904856   .3089218     1.91   0.056    -.0149901    1.195961
                       No_HH |  -.0010913   .0014365    -0.76   0.447    -.0039068    .0017241
                    FES_site |   .0612562   .3369852     0.18   0.856    -.5992227    .7217351
                    Shar_Lit |   .0171936   .0195623     0.88   0.379    -.0211478     .055535
                   Shar_SCST |  -.0156605    .008745    -1.79   0.073    -.0328004    .0014793
survey_dam_for_irrigation_FS |   .1169904   .3172275     0.37   0.712     -.504764    .7387448
                       _cons |   .1184325   1.425989     0.08   0.934    -2.676455     2.91332
----------------------------------------------------------------------------------------------

. local r2_p= e(r2_p)

. eststo treatment2:  margins, dydx(*) post

Average marginal effects                        Number of obs     =         83
Model VCE    : Robust

Expression   : Pr(survey_maint_2017_FS), predict()
dy/dx w.r.t. : treatment_BS survey_maint_12m_BS No_HH FES_site Shar_Lit Shar_SCST survey_dam_for_irrigation_FS

----------------------------------------------------------------------------------------------
                             |            Delta-method
                             |      dy/dx   Std. Err.      z    P>|z|     [95% Conf. Interval]
-----------------------------+----------------------------------------------------------------
                treatment_BS |    .199991   .0980867     2.04   0.041     .0077446    .3922375
         survey_maint_12m_BS |   .1937148   .0940361     2.06   0.039     .0094075    .3780222
                       No_HH |   -.000358   .0004645    -0.77   0.441    -.0012685    .0005525
                    FES_site |   .0200957   .1104538     0.18   0.856    -.1963897    .2365811
                    Shar_Lit |   .0056405    .006322     0.89   0.372    -.0067504    .0180314
                   Shar_SCST |  -.0051376   .0027227    -1.89   0.059     -.010474    .0001988
survey_dam_for_irrigation_FS |   .0383799   .1037738     0.37   0.712     -.165013    .2417728
----------------------------------------------------------------------------------------------

. estadd scalar r2_p= `r2_p'

added scalar:
               e(r2_p) =  .11851538

. 
. 
. esttab treatment1 treatment2 using "$working_ANALYSIS\results\Tables\tableS8_treatment_effects.rtf", ci transform(ln*: exp(@) exp(@))mtitles("Dam maintenance (=1
> )" "" "Dam rule exists (=1)" "") b(%4.2f)label stats(N r2_p, labels("N" "Pseudo R2" ) fmt(%4.0f %4.2f)) star(* 0.10 ** 0.05 *** 0.01) varlabels(,elist(weight:_co
> ns "{break}{hline @width}"))  nonotes addnotes("Notes: Estimates are from OLS regressions with robust standard errors. Omitted category is ‘village villages’. 95
> % confidence intervals in brackets. * p<0.05, ** p<0.01, *** p<0.001") replace 
(note: file D:\OneDrive\Promotion\1_Projects\Games for Sustainability\analysis\results\Tables\tableS8_treatment_effects.rtf not found)
(output written to D:\OneDrive\Promotion\1_Projects\Games for Sustainability\analysis\results\Tables\tableS8_treatment_effects.rtf)

. 
. 
end of do-file

. do "C:\Users\istei\AppData\Local\Temp\STD3458_000000.tmp"

. 
. *LOAD DATASET
. use "$working_ANALYSIS/processed/2023_03_Survey&Game_Wide.dta", clear

. *----------------------------------------------------------------------
. *drop variables with all missings
. dropmiss
(game_av_inv_vill_R6_10 survey_CWRgroup_already_FS survey_CWRgroup_new_FS survey_activity_any_FS survey_activity_earthwall_BS survey_activity_earthwall_FS
survey_activity_mainwall_BS survey_activity_mainwall_FS survey_activity_silt_BS survey_activity_silt_FS survey_activity_sluicegate_BS survey_activity_sluicegate_FS
survey_activity_vege_BS survey_activity_vege_FS survey_benefit_agri_BS survey_change_benefit_FS survey_collact_new_FS survey_compay_community_FS
survey_compay_equal_FS survey_compay_leader_FS survey_compay_otheruser_FS survey_cwr_bori_FS survey_cwr_dam_FS survey_cwr_other_FS survey_cwr_pond_FS
survey_indipay_comm_FS survey_indipay_equally_FS survey_indipay_other_FS survey_indipayn_notspent_FS survey_interview_others_BS survey_interview_others_FS
survey_interview_waterua_BS survey_interview_waterua_FS survey_rules_alloc_BS survey_rules_alloc_FS survey_rules_extr_alloc_BS survey_rules_extr_alloc_FS
survey_rules_extr_opre_BS survey_rules_extr_opre_FS survey_rules_extr_other_BS survey_rules_extr_other_FS survey_rules_old_all_BS survey_rules_old_alloc_BS
survey_rules_old_maint_BS survey_rules_old_oper_BS survey_rules_old_other_BS survey_rules_oper_BS survey_rules_oper_FS survey_rules_other_BS survey_rules_other_FS
dropped)

. 
. * Setting globals
. global village  No_HH FES_site Shar_Lit Shar_SCST survey_dam_for_irrigation_FS 

. 
. 
. 
end of do-file

. tab treatment_BS

          0 |
 treatment_ |      Freq.     Percent        Cum.
------------+-----------------------------------
    Control |         28       33.33       33.33
      Games |         56       66.67      100.00
------------+-----------------------------------
      Total |         84      100.00

. sum $village

    Variable |        Obs        Mean    Std. Dev.       Min        Max
-------------+---------------------------------------------------------
       No_HH |         83    175.2651    123.4358         24        633
    FES_site |         84    .6071429    .4913188          0          1
    Shar_Lit |         83    51.42858    8.370013   33.55556   73.15914
   Shar_SCST |         83     77.7139    19.35809   16.90491        100
survey_da~FS |         84    .4047619     .493794          0          1

. bys treatment: sum $village

-------------------------------------------------------------------------------------------------------------------------------------------------------------------
-> treatment_BS = Control

    Variable |        Obs        Mean    Std. Dev.       Min        Max
-------------+---------------------------------------------------------
       No_HH |         27    198.2222    163.1918         40        633
    FES_site |         28    .4285714    .5039526          0          1
    Shar_Lit |         27    51.74044    8.389528   33.55556   73.15914
   Shar_SCST |         27    76.31058    23.12849   16.90491        100
survey_da~FS |         28    .3571429      .48795          0          1

-------------------------------------------------------------------------------------------------------------------------------------------------------------------
-> treatment_BS = Games

    Variable |        Obs        Mean    Std. Dev.       Min        Max
-------------+---------------------------------------------------------
       No_HH |         56    164.1964    98.70736         24        418
    FES_site |         56    .6964286    .4639609          0          1
    Shar_Lit |         56    51.27821    8.432409   35.53299   69.11977
   Shar_SCST |         56     78.3905    17.44676   34.62658        100
survey_da~FS |         56    .4285714    .4993502          0          1


. help tabstat

. do "C:\Users\istei\AppData\Local\Temp\STD3458_000000.tmp"

. estpost tabstat $summary, by(seq_split) statistics(min max count mean sd p50) columns(statistics)
varlist required
r(100);

end of do-file

r(100);

. do "C:\Users\istei\AppData\Local\Temp\STD3458_000000.tmp"

. global summary survey_maint_12m_BS survey_maint_2017_FS survey_maint_rule_FS survey_maint_rule_BS survey_maint_rule_FS survey_dam_for_irrigation_BS survey_dam_fo
> r_irrigation_FS No_HH  Shar_Lit Shar_SCST FES_site share_female_percent2_BS leader2_2_BS leader2_3_BS   

. 
end of do-file

. do "C:\Users\istei\AppData\Local\Temp\STD3458_000000.tmp"

. estpost tabstat $summary, by(seq_split) statistics(min max count mean sd p50) columns(statistics)
variable seq_split not found
(error in option by())
r(111);

end of do-file

r(111);

. do "C:\Users\istei\AppData\Local\Temp\STD3458_000000.tmp"

. *--------------------------------------------------------------------
. * SCRIPT: 02_analysis.do
. * PURPOSE: replicates most tables and figures and saves the results
. *--------------------------------------------------------------------
. 
. *--------------------------------------------------
. * STRUCTURE OF THE DO-FILE
. /*
>         1) Analysis Main Manuscript
>         2) Analysis Supplementary Online Materials
> */
. *--------------------------------------------------
. 
. *LOAD DATASET
. use "$working_ANALYSIS/processed/2023_03_Survey&Game_Wide.dta", clear

. *----------------------------------------------------------------------
. *drop variables with all missings
. dropmiss
(game_av_inv_vill_R6_10 survey_CWRgroup_already_FS survey_CWRgroup_new_FS survey_activity_any_FS survey_activity_earthwall_BS survey_activity_earthwall_FS
survey_activity_mainwall_BS survey_activity_mainwall_FS survey_activity_silt_BS survey_activity_silt_FS survey_activity_sluicegate_BS survey_activity_sluicegate_FS
survey_activity_vege_BS survey_activity_vege_FS survey_benefit_agri_BS survey_change_benefit_FS survey_collact_new_FS survey_compay_community_FS
survey_compay_equal_FS survey_compay_leader_FS survey_compay_otheruser_FS survey_cwr_bori_FS survey_cwr_dam_FS survey_cwr_other_FS survey_cwr_pond_FS
survey_indipay_comm_FS survey_indipay_equally_FS survey_indipay_other_FS survey_indipayn_notspent_FS survey_interview_others_BS survey_interview_others_FS
survey_interview_waterua_BS survey_interview_waterua_FS survey_rules_alloc_BS survey_rules_alloc_FS survey_rules_extr_alloc_BS survey_rules_extr_alloc_FS
survey_rules_extr_opre_BS survey_rules_extr_opre_FS survey_rules_extr_other_BS survey_rules_extr_other_FS survey_rules_old_all_BS survey_rules_old_alloc_BS
survey_rules_old_maint_BS survey_rules_old_oper_BS survey_rules_old_other_BS survey_rules_oper_BS survey_rules_oper_FS survey_rules_other_BS survey_rules_other_FS
dropped)

. drop if treatment_BS==0
(28 observations deleted)

. 
. sort game_date_intervention

. gen sequence=[_n]

. gen seq_split= 0

. replace seq_split=1 if sequence>28
(28 real changes made)

. 
. lab var FES_site "NGO active in village (=1)"

. lab var share_female_percent3_BS "Non-leader female participants (in 10%)"

. lab var leader2_2_BS "Only male leader participated (=1)"

. lab var leader2_3_BS "Female leader participated (=1)"

. lab var sequence "Sequence of game interventions (1 to 56)"

. lab var survey_dam_for_irrigation_FS "Dam used for irrigation (=1)"

. lab var survey_maint_2017_FS "Endline: Maintenance (=1)"

. lab var survey_maint_12m_BS "Baseline: Maintenance (=1)"

. lab var survey_maint_rule_FS "Endline: Maintenance rule (=1)"

. lab var survey_maint_rule_BS "Baseline: Maintenance rule (=1)"

. 
. 
. 
end of do-file

. do "C:\Users\istei\AppData\Local\Temp\STD3458_000000.tmp"

. global summary survey_maint_12m_BS survey_maint_2017_FS survey_maint_rule_FS survey_maint_rule_BS survey_maint_rule_FS survey_dam_for_irrigation_BS survey_dam_fo
> r_irrigation_FS No_HH  Shar_Lit Shar_SCST FES_site share_female_percent2_BS leader2_2_BS leader2_3_BS

. 
end of do-file

. do "C:\Users\istei\AppData\Local\Temp\STD3458_000000.tmp"

. 
. estpost tabstat $summary, by(seq_split) statistics(min max count mean sd p50) columns(statistics)

Summary statistics: min max count mean sd p50
     for variables: survey_maint_12m_BS survey_maint_2017_FS survey_maint_rule_FS survey_maint_rule_BS survey_maint_rule_FS survey_dam_for_irrigation_BS survey_dam
> _for_irrigation_FS No_HH Shar_Lit Shar_SCST FES_site share_female_percent2_BS leader2_2_BS leader2_3_BS
  by categories of: seq_split

   seq_split |    e(min)     e(max)   e(count)    e(mean)      e(sd)     e(p50) 
-------------+------------------------------------------------------------------
0            |                                                                  
survey~2m_BS |         0          1         28   .4642857   .5078745          0 
survey_~7_FS |         0          1         28   .6071429   .4973475          1 
survey~le_FS |         0          1         28        .25   .4409586          0 
survey~le_BS |         0          1         28   .2142857   .4178554          0 
survey~le_FS |         0          1         28        .25   .4409586          0 
survey_da~BS |         0          1         27   .4074074   .5007117          0 
survey_da~FS |         0          1         28         .5   .5091751         .5 
       No_HH |        31        410         28   157.9286   92.52584      152.5 
    Shar_Lit |  37.26708   69.11977         28   52.01457   7.983421    52.9163 
   Shar_SCST |  34.62658        100         28   79.31297   17.87544   82.04832 
    FES_site |         0          1         28   .6071429   .4973475          1 
share_f~2_BS |         0   42.85714         28   18.11225   13.81255   17.85714 
leader2_2_BS |         0          1         28   .3571429     .48795          0 
leader2_3_BS |         0          1         28   .1785714    .390021          0 
-------------+------------------------------------------------------------------
1            |                                                                  
survey~2m_BS |         0          1         28   .6071429   .4973475          1 
survey_~7_FS |         0          1         28   .8214286    .390021          1 
survey~le_FS |         0          1         28   .3928571   .4973475          0 
survey~le_BS |         0          1         28   .0714286   .2622653          0 
survey~le_FS |         0          1         28   .3928571   .4973475          0 
survey_da~BS |         0          1         28   .4642857   .5078745          0 
survey_da~FS |         0          1         28   .3571429     .48795          0 
       No_HH |        24        418         28   170.4643   105.8519      149.5 
    Shar_Lit |  35.53299   68.21429         28   50.54186    8.94343   49.95146 
   Shar_SCST |  38.77551        100         28   77.46802   17.28456   80.27072 
    FES_site |         0          1         28   .7857143   .4178554          1 
share_f~2_BS |         0   92.85714         28   30.86735   18.75304   28.57143 
leader2_2_BS |         0          1         28        .25   .4409586          0 
leader2_3_BS |         0          1         28   .2857143   .4600437          0 
-------------+------------------------------------------------------------------
Total        |                                                                  
survey~2m_BS |         0          1         56   .5357143   .5032363          1 
survey_~7_FS |         0          1         56   .7142857   .4558423          1 
survey~le_FS |         0          1         56   .3214286   .4712514          0 
survey~le_BS |         0          1         56   .1428571   .3530939          0 
survey~le_FS |         0          1         56   .3214286   .4712514          0 
survey_da~BS |         0          1         55   .4363636   .5005048          0 
survey_da~FS |         0          1         56   .4285714   .4993502          0 
       No_HH |        24        418         56   164.1964   98.70736      149.5 
    Shar_Lit |  35.53299   69.11977         56   51.27821   8.432409    52.1243 
   Shar_SCST |  34.62658        100         56    78.3905   17.44676   81.35342 
    FES_site |         0          1         56   .6964286   .4639609          1 
share_f~2_BS |         0   92.85714         56    24.4898   17.54174   21.42857 
leader2_2_BS |         0          1         56   .3035714   .4639609          0 
leader2_3_BS |         0          1         56   .2321429   .4260205          0 

. esttab . using "$working_ANALYSIS\results\tables\tableS3_village_characteristics2.rtf", cells("min(fmt(0)) max(fmt(0)) count(fmt(0)) mean(fmt(%9.2fc)) sd(fmt(%9.
> 2fc)) p50(fmt(0)) ")  not nostar unstack nomtitle nonumber nonote label replace
(note: file D:\OneDrive\Promotion\1_Projects\Games for Sustainability\analysis\results\tables\tableS3_village_characteristics2.rtf not found)
(output written to D:\OneDrive\Promotion\1_Projects\Games for Sustainability\analysis\results\tables\tableS3_village_characteristics2.rtf)

. 
end of do-file

. do "C:\Users\istei\AppData\Local\Temp\STD3458_000000.tmp"

. 
. iebaltab $summary, grpvar(seq_split) total ftest fmissok rowvarlabels stdev save("$working_ANALYSIS\results\figures\balance_sequence.xlsx") replace
    Balance table saved to: D:\OneDrive\Promotion\1_Projects\Games for Sustainability\analysis\results\figures\balance_sequence.xlsx

. 
end of do-file

. do "C:\Users\istei\AppData\Local\Temp\STD3458_000000.tmp"

. iebaltab $summary, grpvar(seq_split) ftest fmissok rowvarlabels stdev save("$working_ANALYSIS\results\figures\balance_sequence.xlsx") replace
    Balance table saved to: D:\OneDrive\Promotion\1_Projects\Games for Sustainability\analysis\results\figures\balance_sequence.xlsx

. 
. 
end of do-file

. do "C:\Users\istei\AppData\Local\Temp\STD3458_000000.tmp"

. iebaltab $summary, grpvar(seq_split) onerow ftest fmissok rowvarlabels stdev save("$working_ANALYSIS\results\figures\balance_sequence.xlsx") replace
    The number of observations for survey_dam_for_irrigation_BS is different compared to other balance variables within the same group. You can therefore not use
        the option onerow. Run the command without the option onerow to see which group does not have the same number of observations with non-missing values
        across all balance variables.
invalid syntax
r(198);

end of do-file

r(198);

. do "C:\Users\istei\AppData\Local\Temp\STD3458_000000.tmp"

. 
. iebaltab $summary, grpvar(seq_split) ftest fmissok rowvarlabels stdev save("$working_ANALYSIS\results\figures\balance_sequence.xlsx") replace
    Balance table saved to: D:\OneDrive\Promotion\1_Projects\Games for Sustainability\analysis\results\figures\balance_sequence.xlsx

. 
. 
end of do-file

. do "C:\Users\istei\AppData\Local\Temp\STD3458_000000.tmp"

. global balance bs_maintenance_12m_new bs_dam_maintenance_rule_new No_HH FES_site Shar_Lit Shar_SCST survey_dam_for_irrigation_FS 

. iebaltab $balance, grpvar(seq_split) ftest fmissok rowvarlabels stdev save("$working_ANALYSIS\results\figures\balance_sequence.xlsx") replace
variable bs_maintenance_12m_new not found
r(111);

end of do-file

r(111);

. do "C:\Users\istei\AppData\Local\Temp\STD3458_000000.tmp"

. *Table S4 Balancing first 28 vs last 28 village
. global balance  survey_maint_2017_FS survey_maint_12m_BS No_HH FES_site Shar_Lit Shar_SCST survey_dam_for_irrigation_FS 

. iebaltab $balance, grpvar(seq_split) ftest fmissok rowvarlabels stdev save("$working_ANALYSIS\results\figures\balance_sequence.xlsx") replace
    Balance table saved to: D:\OneDrive\Promotion\1_Projects\Games for Sustainability\analysis\results\figures\balance_sequence.xlsx

. 
end of do-file

. do "C:\Users\istei\AppData\Local\Temp\STD3458_000000.tmp"

. iebaltab $balance, grpvar(seq_split) ftest fmissok rowvarlabels onerow stdev save("$working_ANALYSIS\results\figures\balance_sequence.xlsx") replace
    Balance table saved to: D:\OneDrive\Promotion\1_Projects\Games for Sustainability\analysis\results\figures\balance_sequence.xlsx

. 
end of do-file

. do "C:\Users\istei\AppData\Local\Temp\STD3458_000000.tmp"

. *Table S4 Balancing first 28 vs last 28 village
. global balance  survey_maint_2017_FS survey_maint_12m_BS No_HH FES_site Shar_Lit Shar_SCST survey_dam_for_irrigation_FS 

. iebaltab $balance, grpvar(seq_split) ftest fmissok rowvarlabels onerow stdev save("$working_ANALYSIS\results\tables\tableS4_balance_sequence.xlsx") replace
    Balance table saved to: D:\OneDrive\Promotion\1_Projects\Games for Sustainability\analysis\results\tables\tableS4_balance_sequence.xlsx

. 
. 
. 
end of do-file

. exit, clear
