-------------------------------------------------------------------------------------------------------------------------------------------------
      name:  <unnamed>
       log:  D:\OneDrive\Promotion\1_Projects\Games for Sustainability\analysis/scripts/logs/2025.05.23-10.05.37.log.txt
  log type:  text
 opened on:  23 May 2025, 10:05:37

. 
. di "Begin date and time: $S_DATE $S_TIME"
Begin date and time: 23 May 2025 10:05:37

. di "Stata version: `c(stata_version)'"
Stata version: 16.1

. di "Updated as of: `c(born_date)'"
Updated as of: 19 Nov 2020

. di "Variant:       `=cond( c(MP),"MP",cond(c(SE),"SE",c(flavor)) )'"
Variant:       MP

. di "Processors:    `c(processors)'"
Processors:    2

. di "OS:            `c(os)' `c(osdtl)'"
OS:            Windows 64-bit

. di "Machine type:  `c(machine_type)'"
Machine type:  PC (64-bit x86-64)

. 
. *   Analyses were run on Windows using Stata version 16
. version 16              // Set Version number for backward compatibility

. 
. * All required Stata packages are available in the /libraries/stata folder
. tokenize `"$S_ADO"', parse(";")

. while `"`1'"' != "" {
  2.   if `"`1'"'!="BASE" cap adopath - `"`1'"'
  3.   macro shift
  4. }

. adopath ++ "$working_ANALYSIS/scripts/libraries/stata"
  [1]              "D:\OneDrive\Promotion\1_Projects\Games for Sustainability\analysis/scripts/libraries/stata"
  [2]  (BASE)      "C:\Program Files\Stata16\ado\base/"

. mata: mata mlib index
.mlib libraries to be searched are now
    lmatabase;lmataado;lmataerm;lmatafc;lmatagsem;lmatalasso;lmatamcmc;lmatameta;lmatami;lmatamixlog;lmatanumlib;lmataopt;lmatapath;lmatapostest;
> lmatapss;lmatasem;lmatasp;lmatasvy;lmatatab;lcolrspace-desktop-r4995g6;lcolrspace

. sysdir set PERSONAL "$working_ANALYSIS/scripts/libraries/stata"

. 
. * Create directories for output files
. cap mkdir "$working_ANALYSIS/processed"

. cap mkdir "$working_ANALYSIS/results"

. cap mkdir "$working_ANALYSIS/results/tables"

. cap mkdir "$working_ANALYSIS/results/intermediate"

. cap mkdir "$working_ANALYSIS/results/figures"

. 
. 
. * Set general graph style
. set scheme swift_red //select one scheme as reference scheme to work with

. grstyle init 

. {
. *Background color
. grstyle set color white: background plotregion graphregion legend box textbox //
. 
. *Main colors (note: swift_red only defines 8 colors. Multiplying the color, that is "xx yy zz*0.5" reduces/increases intensity and "xx yy zz%50
> " reduces transparency)
. grstyle set color       "100 143 255" "220 38 127" "120 94 240"  "254 97 0" "255 176 0" /// 5 main colors
>                                         "100 143 255*0.4" "220 38 127*0.4" "120 94 240*0.4"  "254 97 0*0.4" "255 176 0*0.4" ///
>                                         "100 143 255*1.7" "220 38 127*1.7" "120 94 240*1.7"  "254 97 0*1.7" "255 176 0*1.7" ///
>                                         : p# p#line p#lineplot p#bar p#area p#arealine p#pie histogram 
. 
. *margins
. grstyle set compact
. 
. *Font size
. grstyle set size 10pt: heading //titles
. grstyle set size 8pt: subheading axis_title //axis titles
. grstyle set size 8pt: p#label p#boxlabel body small_body text_option axis_label tick_label minortick_label key_label //all other text
. 
. }

. * -------------------------------------------------
. 
end of do-file

. doedit "C:\Users\istei\HESSENBOX\2-Projekte (Björn Vollan)\BOSCH\4-Paper\Endogenous Preferences Haiyan\analysis\scripts\02_analysis.do"

. do "C:\Users\istei\AppData\Local\Temp\STD8200_000000.tmp"

. 
. *Load dataset
. use "$working_ANALYSIS/processed/analysis_rdy.dta", replace
file D:\OneDrive\Promotion\1_Projects\Games for Sustainability\analysis/processed/analysis_rdy.dta not found
r(601);

end of do-file

r(601);

. do "C:\Users\istei\AppData\Local\Temp\STD8200_000000.tmp"

. 
. 
. *--------------------------------------------------
. * Set global Working Directory
. *--------------------------------------------------
. * Define this global macro to point where the replication folder is saved locally that includes this run.do script
. global working_ANALYSIS "C:\Users\istei\HESSENBOX\2-Projekte (Björn Vollan)\BOSCH\4-Paper\Endogenous Preferences Haiyan\analysis"

. 
. 
. *--------------------------------------------------
. * Program Setup
. *--------------------------------------------------
. * Initialize log and record system parameters
. clear

. set more off

. cap mkdir "$working_ANALYSIS/scripts/logs"

. cap log close
