-------------------------------------------------------------------------------------------------------------------------------------------------
      name:  <unnamed>
       log:  D:\OneDrive\Promotion\1_Projects\Games for Sustainability\analysis/scripts/logs/2025.05.15-11.11.23.log.txt
  log type:  text
 opened on:  15 May 2025, 11:11:23

. 
. di "Begin date and time: $S_DATE $S_TIME"
Begin date and time: 15 May 2025 11:11:23

. di "Stata version: `c(stata_version)'"
Stata version: 16.1

. di "Updated as of: `c(born_date)'"
Updated as of: 19 Nov 2020

. di "Variant:       `=cond( c(MP),"MP",cond(c(SE),"SE",c(flavor)) )'"
Variant:       MP

. di "Processors:    `c(processors)'"
Processors:    2

. di "OS:            `c(os)' `c(osdtl)'"
OS:            Windows 64-bit

. di "Machine type:  `c(machine_type)'"
Machine type:  PC (64-bit x86-64)

. 
. *   Analyses were run on Windows using Stata version 16
. version 16              // Set Version number for backward compatibility

. 
. * All required Stata packages are available in the /libraries/stata folder
. tokenize `"$S_ADO"', parse(";")

. while `"`1'"' != "" {
  2.   if `"`1'"'!="BASE" cap adopath - `"`1'"'
  3.   macro shift
  4. }

. adopath ++ "$working_ANALYSIS/scripts/libraries/stata"
  [1]              "D:\OneDrive\Promotion\1_Projects\Games for Sustainability\analysis/scripts/libraries/stata"
  [2]  (BASE)      "C:\Program Files\Stata16\ado\base/"

. mata: mata mlib index
.mlib libraries to be searched are now
    lmatabase;lmataado;lmataerm;lmatafc;lmatagsem;lmatalasso;lmatamcmc;lmatameta;lmatami;lmatamixlog;lmatanumlib;lmataopt;lmatapath;lmatapostest;
> lmatapss;lmatasem;lmatasp;lmatasvy;lmatatab;lcolrspace-desktop-r4995g6;lcolrspace

. sysdir set PERSONAL "$working_ANALYSIS/scripts/libraries/stata"

. 
. * Create directories for output files
. cap mkdir "$working_ANALYSIS/processed"

. cap mkdir "$working_ANALYSIS/results"

. cap mkdir "$working_ANALYSIS/results/tables"

. cap mkdir "$working_ANALYSIS/results/intermediate"

. cap mkdir "$working_ANALYSIS/results/figures"

. 
. 
. * Set general graph style
. set scheme swift_red //select one scheme as reference scheme to work with

. grstyle init 

. {
. *Background color
. grstyle set color white: background plotregion graphregion legend box textbox //
. 
. *Main colors (note: swift_red only defines 8 colors. Multiplying the color, that is "xx yy zz*0.5" reduces/increases intensity and "xx yy zz%50
> " reduces transparency)
. grstyle set color       "100 143 255" "220 38 127" "120 94 240"  "254 97 0" "255 176 0" /// 5 main colors
>                                         "100 143 255*0.4" "220 38 127*0.4" "120 94 240*0.4"  "254 97 0*0.4" "255 176 0*0.4" ///
>                                         "100 143 255*1.7" "220 38 127*1.7" "120 94 240*1.7"  "254 97 0*1.7" "255 176 0*1.7" ///
>                                         : p# p#line p#lineplot p#bar p#area p#arealine p#pie histogram 
. 
. *margins
. grstyle set compact
. 
. *Font size
. grstyle set size 10pt: heading //titles
. grstyle set size 8pt: subheading axis_title //axis titles
. grstyle set size 8pt: p#label p#boxlabel body small_body text_option axis_label tick_label minortick_label key_label //all other text
. 
. }

. * -------------------------------------------------
. 
end of do-file

. do "C:\Users\istei\AppData\Local\Temp\STD4b78_000000.tmp"

. cibar age, over1(participant_type) gap(50) bargap(20) barlabel(on) blfmt(%8.0f) blpos(12) blsize(8pt)  baropts(lcolor(none))  graphopts(title(S
> ample Age versus district population),  size(8pt)) xsize(3) ysize(2)  legend(ring (1) pos(6) rows(1) size(8pt)) yla(0(20)100, nogrid labsize(6p
> t)) xla(, nogrid)  ytitle("Mean Age in years", size(6pt)))  ciopts(lcolor(gs6) lwidth(medthick))
option xsize() not allowed
r(198);

end of do-file

r(198);

. do "C:\Users\istei\AppData\Local\Temp\STD4b78_000000.tmp"

. cibar age, over1(participant_type) gap(50) bargap(20) barlabel(on) blfmt(%8.0f) blpos(12) blsize(8pt)  baropts(lcolor(none))  graphopts(title(S
> ample Age versus district population,  size(8pt)) xsize(3) ysize(2)  legend(ring (1) pos(6) rows(1) size(8pt)) yla(0(20)100, nogrid labsize(6pt
> )) xla(, nogrid)  ytitle("Mean Age in years", size(6pt)))  ciopts(lcolor(gs6) lwidth(medthick))
variable age not found
r(111);

end of do-file

r(111);

. do "C:\Users\istei\AppData\Local\Temp\STD4b78_000000.tmp"

. *--------------------------------------------------------------------
. * SCRIPT: 02_analysis.do
. * PURPOSE: replicates most tables and figures and saves the results
. *--------------------------------------------------------------------
. 
. *--------------------------------------------------
. * STRUCTURE OF THE DO-FILE
. /*
>         1) Analysis Main Manuscript
>         2) Analysis Supplementary Online Materials
> */
. *--------------------------------------------------
. 
. * Types of leaders present
. clear all

. use "$working_ANALYSIS/data/2022_06_Mandla_Game.dta", clear

. sort site_ID round

. drop if round!=1 
(7,560 observations deleted)

. drop if excluded_villages==1
(56 observations deleted)

. 
. egen dam_contribution = rowmax (cont_lab  cont_money)

. 
. 
. *leader composition in games
. *dummy for male leader presence
. gen male_leader_present = 0 if leader_male_vill==0
(490 missing values generated)

. replace male_leader_present = 1 if leader_male_vill>0
(490 real changes made)

. 
. 
. *dummy for female leader presence
. gen female_leader_present= 0 if leader_fem_vill==0
(280 missing values generated)

. replace female_leader_present = 1 if leader_fem_vill>0
(280 real changes made)

. 
. tab female_leader_present male_leader_present

female_lea |
der_presen |  male_leader_present
         t |         0          1 |     Total
-----------+----------------------+----------
         0 |       126        378 |       504 
         1 |       168        112 |       280 
-----------+----------------------+----------
     Total |       294        490 |       784 

. 
. *composition of leader presence
. gen leader_present = 0 if male_leader_present==0 & female_leader_present==0
(658 missing values generated)

. replace leader_present = 1 if male_leader_present == 1 & female_leader_present==0
(378 real changes made)

. replace leader_present = 2 if male_leader_present == 1 & female_leader_present==1
(112 real changes made)

. replace leader_present = 3 if male_leader_present == 0 & female_leader_present==1
(168 real changes made)

. 
. lab def leader_lab 0 "None" 1 "Only Male" 2 "Both" 3 "Only Female", replace

. lab val leader_present leader_lab

. tab leader_present, gen(leader_comp)

leader_pres |
        ent |      Freq.     Percent        Cum.
------------+-----------------------------------
       None |        126       16.07       16.07
  Only Male |        378       48.21       64.29
       Both |        112       14.29       78.57
Only Female |        168       21.43      100.00
------------+-----------------------------------
      Total |        784      100.00

. 
. gen participant_type = 1 if leader_fem==0
(718 missing values generated)

. replace participant_type = 2 if leader_fem==1
(23 real changes made)

. replace participant_type = 3 if leader_type==1 & sex==1
(503 real changes made)

. replace participant_type = 4 if leader_type==1 & sex==0
(192 real changes made)

. lab def party 1 "Male leader" 2 "Female leader" 3 "Male villager" 4 "Female villager", replace

. lab val participant_type party

. 
. 
. *do our participants differ from average Madhya Pradesh population?
. * averages taken from 2011 census data 
. ttest age = 27.1  if sex==0

One-sample t test
------------------------------------------------------------------------------
Variable |     Obs        Mean    Std. Err.   Std. Dev.   [95% Conf. Interval]
---------+--------------------------------------------------------------------
     age |     214    30.21963    .5825456    8.521907    29.07133    31.36792
------------------------------------------------------------------------------
    mean = mean(age)                                              t =   5.3552
Ho: mean = 27.1                                  degrees of freedom =      213

   Ha: mean < 27.1             Ha: mean != 27.1               Ha: mean > 27.1
 Pr(T < t) = 1.0000         Pr(|T| > |t|) = 0.0000          Pr(T > t) = 0.0000

. ttest age =  27.43 if sex==1

One-sample t test
------------------------------------------------------------------------------
Variable |     Obs        Mean    Std. Err.   Std. Dev.   [95% Conf. Interval]
---------+--------------------------------------------------------------------
     age |     566    34.37456    .4774361    11.35856    33.43679    35.31232
------------------------------------------------------------------------------
    mean = mean(age)                                              t =  14.5455
Ho: mean = 27.43                                 degrees of freedom =      565

  Ha: mean < 27.43             Ha: mean != 27.43             Ha: mean > 27.43
 Pr(T < t) = 1.0000         Pr(|T| > |t|) = 0.0000          Pr(T > t) = 0.0000

. * sample signficantly older, but we also required participants to be atlest 18 years older
. ttest literacy = 23.1 if sex==0

One-sample t test
------------------------------------------------------------------------------
Variable |     Obs        Mean    Std. Err.   Std. Dev.   [95% Conf. Interval]
---------+--------------------------------------------------------------------
literacy |     215    .9488372    .0150614    .2208439    .9191495     .978525
------------------------------------------------------------------------------
    mean = mean(literacy)                                         t = -1.5e+03
Ho: mean = 23.1                                  degrees of freedom =      214

   Ha: mean < 23.1             Ha: mean != 23.1               Ha: mean > 23.1
 Pr(T < t) = 0.0000         Pr(|T| > |t|) = 0.0000          Pr(T > t) = 1.0000

. ttest literacy = 32.1 if sex==1

One-sample t test
------------------------------------------------------------------------------
Variable |     Obs        Mean    Std. Err.   Std. Dev.   [95% Conf. Interval]
---------+--------------------------------------------------------------------
literacy |     569    .9578207    .0084337    .2011748    .9412557    .9743858
------------------------------------------------------------------------------
    mean = mean(literacy)                                         t = -3.7e+03
Ho: mean = 32.1                                  degrees of freedom =      568

   Ha: mean < 32.1             Ha: mean != 32.1               Ha: mean > 32.1
 Pr(T < t) = 0.0000         Pr(|T| > |t|) = 0.0000          Pr(T > t) = 1.0000

. * significantly higher, as 95% of our participants were literate
. 
. cibar age, over1(participant_type)

. 
. *Public solution reached
. cibar age, over1(participant_type) gap(50) bargap(20) barlabel(on) blfmt(%8.0f) blpos(12) blsize(8pt)  baropts(lcolor(none))  graphopts(title(S
> ample Age versus district population,  size(8pt)) xsize(3) ysize(2)  legend(ring (1) pos(6) rows(1) size(8pt)) yla(0(20)100, nogrid labsize(6pt
> )) xla(, nogrid)  ytitle("Mean Age in years", size(6pt)))  ciopts(lcolor(gs6) lwidth(medthick))

. 
end of do-file

. do "C:\Users\istei\AppData\Local\Temp\STD4b78_000000.tmp"

. * Set global Working Directory
. *--------------------------------------------------
. * Define this global macro to point where the replication folder is saved locally that includes this run.do script
. global working_ANALYSIS "D:\OneDrive\Promotion\1_Projects\Games for Sustainability\analysis"

. 
. 
. *--------------------------------------------------
. * Program Setup
. *--------------------------------------------------
. * Initialize log and record system parameters
. clear

. set more off

. cap mkdir "$working_ANALYSIS/scripts/logs"

. cap log close
